2025-02-26T21:24:11.7560789Z Current runner version: '2.322.0'
2025-02-26T21:24:11.7583955Z ##[group]Operating System
2025-02-26T21:24:11.7585027Z Ubuntu
2025-02-26T21:24:11.7585555Z 24.04.2
2025-02-26T21:24:11.7586109Z LTS
2025-02-26T21:24:11.7586581Z ##[endgroup]
2025-02-26T21:24:11.7587123Z ##[group]Runner Image
2025-02-26T21:24:11.7587733Z Image: ubuntu-24.04
2025-02-26T21:24:11.7588281Z Version: 20250223.1.0
2025-02-26T21:24:11.7589324Z Included Software: https://github.com/actions/runner-images/blob/ubuntu24/20250223.1/images/ubuntu/Ubuntu2404-Readme.md
2025-02-26T21:24:11.7590751Z Image Release: https://github.com/actions/runner-images/releases/tag/ubuntu24%2F20250223.1
2025-02-26T21:24:11.7591634Z ##[endgroup]
2025-02-26T21:24:11.7592183Z ##[group]Runner Image Provisioner
2025-02-26T21:24:11.7592833Z 2.0.422.1
2025-02-26T21:24:11.7593337Z ##[endgroup]
2025-02-26T21:24:11.7594683Z ##[group]GITHUB_TOKEN Permissions
2025-02-26T21:24:11.7596495Z Contents: read
2025-02-26T21:24:11.7597078Z Metadata: read
2025-02-26T21:24:11.7597844Z Packages: read
2025-02-26T21:24:11.7598473Z ##[endgroup]
2025-02-26T21:24:11.7601332Z Secret source: Actions
2025-02-26T21:24:11.7602067Z Prepare workflow directory
2025-02-26T21:24:11.7907875Z Prepare all required actions
2025-02-26T21:24:11.7945373Z Getting action download info
2025-02-26T21:24:11.9605798Z Download action repository 'actions/checkout@v4' (SHA:11bd71901bbe5b1630ceea73d27597364c9af683)
2025-02-26T21:24:12.0394876Z Download action repository 'actions/setup-node@v3' (SHA:1a4442cacd436585916779262731d5b162bc6ec7)
2025-02-26T21:24:12.1314677Z Download action repository 'gitleaks/gitleaks-action@v2' (SHA:83373cf2f8c4db6e24b41c1a9b086bb9619e9cd3)
2025-02-26T21:24:12.4173634Z Complete job name: Security Scan
2025-02-26T21:24:12.4899240Z ##[group]Run actions/checkout@v4
2025-02-26T21:24:12.4900162Z with:
2025-02-26T21:24:12.4900624Z   repository: aaron-hogan/idle-game
2025-02-26T21:24:12.4901361Z   token: ***
2025-02-26T21:24:12.4901804Z   ssh-strict: true
2025-02-26T21:24:12.4902258Z   ssh-user: git
2025-02-26T21:24:12.4902754Z   persist-credentials: true
2025-02-26T21:24:12.4903264Z   clean: true
2025-02-26T21:24:12.4903727Z   sparse-checkout-cone-mode: true
2025-02-26T21:24:12.4904445Z   fetch-depth: 1
2025-02-26T21:24:12.4904900Z   fetch-tags: false
2025-02-26T21:24:12.4905349Z   show-progress: true
2025-02-26T21:24:12.4905811Z   lfs: false
2025-02-26T21:24:12.4906230Z   submodules: false
2025-02-26T21:24:12.4906688Z   set-safe-directory: true
2025-02-26T21:24:12.4907440Z ##[endgroup]
2025-02-26T21:24:12.6550478Z Syncing repository: aaron-hogan/idle-game
2025-02-26T21:24:12.6553530Z ##[group]Getting Git version info
2025-02-26T21:24:12.6555178Z Working directory is '/home/runner/work/idle-game/idle-game'
2025-02-26T21:24:12.6557359Z [command]/usr/bin/git version
2025-02-26T21:24:12.6588088Z git version 2.48.1
2025-02-26T21:24:12.6615925Z ##[endgroup]
2025-02-26T21:24:12.6631280Z Temporarily overriding HOME='/home/runner/work/_temp/0579d0e1-2fd3-4151-8201-b1fa3d26be1b' before making global git config changes
2025-02-26T21:24:12.6634355Z Adding repository directory to the temporary git global config as a safe directory
2025-02-26T21:24:12.6638383Z [command]/usr/bin/git config --global --add safe.directory /home/runner/work/idle-game/idle-game
2025-02-26T21:24:12.6672729Z Deleting the contents of '/home/runner/work/idle-game/idle-game'
2025-02-26T21:24:12.6677060Z ##[group]Initializing the repository
2025-02-26T21:24:12.6681862Z [command]/usr/bin/git init /home/runner/work/idle-game/idle-game
2025-02-26T21:24:12.6739865Z hint: Using 'master' as the name for the initial branch. This default branch name
2025-02-26T21:24:12.6741279Z hint: is subject to change. To configure the initial branch name to use in all
2025-02-26T21:24:12.6742260Z hint: of your new repositories, which will suppress this warning, call:
2025-02-26T21:24:12.6743250Z hint:
2025-02-26T21:24:12.6744463Z hint: 	git config --global init.defaultBranch <name>
2025-02-26T21:24:12.6745513Z hint:
2025-02-26T21:24:12.6746719Z hint: Names commonly chosen instead of 'master' are 'main', 'trunk' and
2025-02-26T21:24:12.6749054Z hint: 'development'. The just-created branch can be renamed via this command:
2025-02-26T21:24:12.6750627Z hint:
2025-02-26T21:24:12.6751492Z hint: 	git branch -m <name>
2025-02-26T21:24:12.6752933Z Initialized empty Git repository in /home/runner/work/idle-game/idle-game/.git/
2025-02-26T21:24:12.6758625Z [command]/usr/bin/git remote add origin https://github.com/aaron-hogan/idle-game
2025-02-26T21:24:12.6790589Z ##[endgroup]
2025-02-26T21:24:12.6791997Z ##[group]Disabling automatic garbage collection
2025-02-26T21:24:12.6795712Z [command]/usr/bin/git config --local gc.auto 0
2025-02-26T21:24:12.6824678Z ##[endgroup]
2025-02-26T21:24:12.6826201Z ##[group]Setting up auth
2025-02-26T21:24:12.6832263Z [command]/usr/bin/git config --local --name-only --get-regexp core\.sshCommand
2025-02-26T21:24:12.6863293Z [command]/usr/bin/git submodule foreach --recursive sh -c "git config --local --name-only --get-regexp 'core\.sshCommand' && git config --local --unset-all 'core.sshCommand' || :"
2025-02-26T21:24:12.7130214Z [command]/usr/bin/git config --local --name-only --get-regexp http\.https\:\/\/github\.com\/\.extraheader
2025-02-26T21:24:12.7160456Z [command]/usr/bin/git submodule foreach --recursive sh -c "git config --local --name-only --get-regexp 'http\.https\:\/\/github\.com\/\.extraheader' && git config --local --unset-all 'http.https://github.com/.extraheader' || :"
2025-02-26T21:24:12.7411626Z [command]/usr/bin/git config --local http.https://github.com/.extraheader AUTHORIZATION: basic ***
2025-02-26T21:24:12.7450166Z ##[endgroup]
2025-02-26T21:24:12.7451299Z ##[group]Fetching the repository
2025-02-26T21:24:12.7462517Z [command]/usr/bin/git -c protocol.version=2 fetch --no-tags --prune --no-recurse-submodules --depth=1 origin +715e278433cce40d1a00c7d59dc60f3e3a737c1d:refs/remotes/pull/21/merge
2025-02-26T21:24:13.0608613Z From https://github.com/aaron-hogan/idle-game
2025-02-26T21:24:13.0611615Z  * [new ref]         715e278433cce40d1a00c7d59dc60f3e3a737c1d -> pull/21/merge
2025-02-26T21:24:13.0638140Z ##[endgroup]
2025-02-26T21:24:13.0639432Z ##[group]Determining the checkout info
2025-02-26T21:24:13.0640958Z ##[endgroup]
2025-02-26T21:24:13.0646408Z [command]/usr/bin/git sparse-checkout disable
2025-02-26T21:24:13.0688337Z [command]/usr/bin/git config --local --unset-all extensions.worktreeConfig
2025-02-26T21:24:13.0719989Z ##[group]Checking out the ref
2025-02-26T21:24:13.0724873Z [command]/usr/bin/git checkout --progress --force refs/remotes/pull/21/merge
2025-02-26T21:24:13.1012526Z Note: switching to 'refs/remotes/pull/21/merge'.
2025-02-26T21:24:13.1013424Z 
2025-02-26T21:24:13.1014340Z You are in 'detached HEAD' state. You can look around, make experimental
2025-02-26T21:24:13.1016024Z changes and commit them, and you can discard any commits you make in this
2025-02-26T21:24:13.1017583Z state without impacting any branches by switching back to a branch.
2025-02-26T21:24:13.1018180Z 
2025-02-26T21:24:13.1018563Z If you want to create a new branch to retain commits you create, you may
2025-02-26T21:24:13.1019474Z do so (now or later) by using -c with the switch command. Example:
2025-02-26T21:24:13.1020371Z 
2025-02-26T21:24:13.1020742Z   git switch -c <new-branch-name>
2025-02-26T21:24:13.1021211Z 
2025-02-26T21:24:13.1021430Z Or undo this operation with:
2025-02-26T21:24:13.1021828Z 
2025-02-26T21:24:13.1022010Z   git switch -
2025-02-26T21:24:13.1022303Z 
2025-02-26T21:24:13.1022811Z Turn off this advice by setting config variable advice.detachedHead to false
2025-02-26T21:24:13.1023580Z 
2025-02-26T21:24:13.1024828Z HEAD is now at 715e278 Merge d8af59c44838d47b7fb768616be7f73cf799bebc into a9a4fabd3948c290ec46e6ee11a7a7a40b00e528
2025-02-26T21:24:13.1027275Z ##[endgroup]
2025-02-26T21:24:13.1055759Z [command]/usr/bin/git log -1 --format=%H
2025-02-26T21:24:13.1077361Z 715e278433cce40d1a00c7d59dc60f3e3a737c1d
2025-02-26T21:24:13.1373453Z ##[group]Run actions/setup-node@v3
2025-02-26T21:24:13.1374325Z with:
2025-02-26T21:24:13.1374988Z   node-version: 20
2025-02-26T21:24:13.1375503Z   always-auth: false
2025-02-26T21:24:13.1376048Z   check-latest: false
2025-02-26T21:24:13.1376785Z   token: ***
2025-02-26T21:24:13.1377253Z ##[endgroup]
2025-02-26T21:24:13.3142130Z Found in cache @ /opt/hostedtoolcache/node/20.18.3/x64
2025-02-26T21:24:13.3148484Z ##[group]Environment details
2025-02-26T21:24:13.6023655Z node: v20.18.3
2025-02-26T21:24:13.6025317Z npm: 10.8.2
2025-02-26T21:24:13.6026329Z yarn: 1.22.22
2025-02-26T21:24:13.6028452Z ##[endgroup]
2025-02-26T21:24:13.6169248Z ##[group]Run npm ci --prefer-offline
2025-02-26T21:24:13.6170679Z [36;1mnpm ci --prefer-offline[0m
2025-02-26T21:24:13.6224091Z shell: /usr/bin/bash -e {0}
2025-02-26T21:24:13.6225445Z ##[endgroup]
2025-02-26T21:24:16.7209694Z npm warn deprecated react-testing-library@8.0.1: 🚨  react-testing-library has moved to @testing-library/react. Please uninstall react-testing-library and install @testing-library/react instead, or use an older version of react-testing-library. Learn more about this change here: https://github.com/testing-library/dom-testing-library/issues/260 Thanks! :)
2025-02-26T21:24:17.4744053Z npm warn deprecated inflight@1.0.6: This module is not supported, and leaks memory. Do not use it. Check out lru-cache if you want a good and tested way to coalesce async requests by a key value, which is much more comprehensive and powerful.
2025-02-26T21:24:17.6232878Z npm warn deprecated glob@7.2.3: Glob versions prior to v9 are no longer supported
2025-02-26T21:24:17.9916051Z npm warn deprecated domexception@4.0.0: Use your platform's native DOMException instead
2025-02-26T21:24:18.3381655Z npm warn deprecated abab@2.0.6: Use your platform's native atob() and btoa() methods instead
2025-02-26T21:24:21.4329194Z 
2025-02-26T21:24:21.4330397Z added 900 packages, and audited 901 packages in 8s
2025-02-26T21:24:21.4331147Z 
2025-02-26T21:24:21.4331482Z 193 packages are looking for funding
2025-02-26T21:24:21.4332044Z   run `npm fund` for details
2025-02-26T21:24:21.4345784Z 
2025-02-26T21:24:21.4347082Z found 0 vulnerabilities
2025-02-26T21:24:21.4720496Z ##[group]Run npm audit
2025-02-26T21:24:21.4721006Z [36;1mnpm audit[0m
2025-02-26T21:24:21.4787262Z shell: /usr/bin/bash -e {0}
2025-02-26T21:24:21.4787772Z ##[endgroup]
2025-02-26T21:24:22.2383623Z found 0 vulnerabilities
2025-02-26T21:24:22.2502986Z ##[group]Run gitleaks/gitleaks-action@v2
2025-02-26T21:24:22.2503434Z env:
2025-02-26T21:24:22.2504021Z   GITHUB_TOKEN: ***
2025-02-26T21:24:22.2504470Z ##[endgroup]
2025-02-26T21:24:22.5819182Z [aaron-hogan] is an individual user. No license key is required.
2025-02-26T21:24:22.5819982Z gitleaks version: 8.16.1
2025-02-26T21:24:22.5823009Z Version to install: 8.16.1 (target directory: /tmp/gitleaks-8.16.1)
2025-02-26T21:24:22.8638045Z Received 2682759 of 2682759 (100.0%), 16.8 MBs/sec
2025-02-26T21:24:22.8639032Z Cache Size: ~3 MB (2682759 B)
2025-02-26T21:24:22.8663133Z [command]/usr/bin/tar -z -xf /home/runner/work/_temp/62f35740-62b9-439a-afc3-f05379fd335c/cache.tgz -P -C /home/runner/work/idle-game/idle-game
2025-02-26T21:24:22.9218319Z Cache restored successfully
2025-02-26T21:24:22.9237779Z Gitleaks restored from cache
2025-02-26T21:24:22.9242098Z event type: pull_request
2025-02-26T21:24:23.0487731Z gitleaks cmd: gitleaks detect --redact -v --exit-code=2 --report-format=sarif --report-path=results.sarif --log-level=debug --log-opts=--no-merges --first-parent 772ef3141157dacac44dc1fe3addbbc53bac859d^..d8af59c44838d47b7fb768616be7f73cf799bebc
2025-02-26T21:24:23.0506504Z [command]/tmp/gitleaks-8.16.1/gitleaks detect --redact -v --exit-code=2 --report-format=sarif --report-path=results.sarif --log-level=debug --log-opts=--no-merges --first-parent 772ef3141157dacac44dc1fe3addbbc53bac859d^..d8af59c44838d47b7fb768616be7f73cf799bebc
2025-02-26T21:24:23.0545276Z 
2025-02-26T21:24:23.0545698Z     ○
2025-02-26T21:24:23.0546191Z     │╲
2025-02-26T21:24:23.0546544Z     │ ○
2025-02-26T21:24:23.0546872Z     ○ ░
2025-02-26T21:24:23.0547201Z     ░    gitleaks
2025-02-26T21:24:23.0547419Z 
2025-02-26T21:24:23.0548429Z [90m9:24PM[0m [33mDBG[0m no gitleaks config found in path .gitleaks.toml, using default gitleaks config
2025-02-26T21:24:23.0788056Z [90m9:24PM[0m [33mDBG[0m executing: /usr/bin/git -C . log -p -U0 --no-merges --first-parent 772ef3141157dacac44dc1fe3addbbc53bac859d^..d8af59c44838d47b7fb768616be7f73cf799bebc
2025-02-26T21:24:23.0804509Z [90m9:24PM[0m [1m[31mERR[0m[0m [git] fatal: ambiguous argument '772ef3141157dacac44dc1fe3addbbc53bac859d^..d8af59c44838d47b7fb768616be7f73cf799bebc': unknown revision or path not in the working tree.
2025-02-26T21:24:23.0805698Z [90m9:24PM[0m [1m[31mERR[0m[0m [git] Use '--' to separate paths from revisions, like this:
2025-02-26T21:24:23.0806399Z [90m9:24PM[0m [1m[31mERR[0m[0m [git] 'git <command> [<revision>...] -- [<file>...]'
2025-02-26T21:24:23.1297208Z [90m9:24PM[0m [32mINF[0m 0 commits scanned.
2025-02-26T21:24:23.1298737Z [90m9:24PM[0m [33mDBG[0m Note: this number might be smaller than expected due to commits with no additions
2025-02-26T21:24:23.1299867Z [90m9:24PM[0m [1m[31mERR[0m[0m  [36merror=[0m[31m"git error encountered, see logs"[0m
2025-02-26T21:24:23.1300723Z [90m9:24PM[0m [31mWRN[0m partial scan completed in 58.8ms
2025-02-26T21:24:23.1301870Z [90m9:24PM[0m [31mWRN[0m no leaks found in partial scan
2025-02-26T21:24:23.1330079Z Artifact name is valid!
2025-02-26T21:24:23.1330847Z Root directory input is valid!
2025-02-26T21:24:23.2071122Z Beginning upload of artifact content to blob storage
2025-02-26T21:24:23.2445596Z Uploaded bytes 4644
2025-02-26T21:24:23.2611389Z Finished uploading artifact content to blob storage!
2025-02-26T21:24:23.2614967Z SHA256 hash of uploaded artifact zip is 4b6268e0cb8d2497720cdedd5cad6db018458b166427ca34250a65d22938f5e1
2025-02-26T21:24:23.2616194Z Finalizing artifact upload
2025-02-26T21:24:23.3779199Z Artifact gitleaks-results.sarif.zip successfully finalized. Artifact ID 2659125955
2025-02-26T21:24:23.3818573Z ##[error]ERROR: Unexpected exit code [1]
2025-02-26T21:24:23.3933692Z Post job cleanup.
2025-02-26T21:24:23.5473624Z Post job cleanup.
2025-02-26T21:24:23.6410151Z [command]/usr/bin/git version
2025-02-26T21:24:23.6446544Z git version 2.48.1
2025-02-26T21:24:23.6494752Z Temporarily overriding HOME='/home/runner/work/_temp/c71a2d9c-09eb-42cb-a5a9-34539f993bd4' before making global git config changes
2025-02-26T21:24:23.6495924Z Adding repository directory to the temporary git global config as a safe directory
2025-02-26T21:24:23.6499664Z [command]/usr/bin/git config --global --add safe.directory /home/runner/work/idle-game/idle-game
2025-02-26T21:24:23.6533836Z [command]/usr/bin/git config --local --name-only --get-regexp core\.sshCommand
2025-02-26T21:24:23.6566362Z [command]/usr/bin/git submodule foreach --recursive sh -c "git config --local --name-only --get-regexp 'core\.sshCommand' && git config --local --unset-all 'core.sshCommand' || :"
2025-02-26T21:24:23.6797988Z [command]/usr/bin/git config --local --name-only --get-regexp http\.https\:\/\/github\.com\/\.extraheader
2025-02-26T21:24:23.6820038Z http.https://github.com/.extraheader
2025-02-26T21:24:23.6832571Z [command]/usr/bin/git config --local --unset-all http.https://github.com/.extraheader
2025-02-26T21:24:23.6864624Z [command]/usr/bin/git submodule foreach --recursive sh -c "git config --local --name-only --get-regexp 'http\.https\:\/\/github\.com\/\.extraheader' && git config --local --unset-all 'http.https://github.com/.extraheader' || :"
2025-02-26T21:24:23.7186692Z Cleaning up orphan processes
