2025-02-28T11:15:49.9199662Z Current runner version: '2.322.0'
2025-02-28T11:15:49.9225475Z ##[group]Operating System
2025-02-28T11:15:49.9226410Z Ubuntu
2025-02-28T11:15:49.9226929Z 24.04.2
2025-02-28T11:15:49.9227428Z LTS
2025-02-28T11:15:49.9227917Z ##[endgroup]
2025-02-28T11:15:49.9228406Z ##[group]Runner Image
2025-02-28T11:15:49.9229011Z Image: ubuntu-24.04
2025-02-28T11:15:49.9229550Z Version: 20250223.1.0
2025-02-28T11:15:49.9230542Z Included Software: https://github.com/actions/runner-images/blob/ubuntu24/20250223.1/images/ubuntu/Ubuntu2404-Readme.md
2025-02-28T11:15:49.9231982Z Image Release: https://github.com/actions/runner-images/releases/tag/ubuntu24%2F20250223.1
2025-02-28T11:15:49.9232865Z ##[endgroup]
2025-02-28T11:15:49.9233404Z ##[group]Runner Image Provisioner
2025-02-28T11:15:49.9234262Z 2.0.422.1
2025-02-28T11:15:49.9234861Z ##[endgroup]
2025-02-28T11:15:49.9236435Z ##[group]GITHUB_TOKEN Permissions
2025-02-28T11:15:49.9238585Z Contents: read
2025-02-28T11:15:49.9239093Z Metadata: read
2025-02-28T11:15:49.9239860Z Packages: read
2025-02-28T11:15:49.9240414Z ##[endgroup]
2025-02-28T11:15:49.9242429Z Secret source: Actions
2025-02-28T11:15:49.9243117Z Prepare workflow directory
2025-02-28T11:15:49.9552493Z Prepare all required actions
2025-02-28T11:15:49.9589858Z Getting action download info
2025-02-28T11:15:50.2947743Z Download action repository 'actions/checkout@v4' (SHA:11bd71901bbe5b1630ceea73d27597364c9af683)
2025-02-28T11:15:50.3849374Z Download action repository 'actions/setup-node@v3' (SHA:1a4442cacd436585916779262731d5b162bc6ec7)
2025-02-28T11:15:50.4819202Z Download action repository 'gitleaks/gitleaks-action@v2' (SHA:83373cf2f8c4db6e24b41c1a9b086bb9619e9cd3)
2025-02-28T11:15:50.7888687Z Complete job name: Security Scan
2025-02-28T11:15:50.8533985Z ##[group]Run actions/checkout@v4
2025-02-28T11:15:50.8534826Z with:
2025-02-28T11:15:50.8535231Z   repository: aaron-hogan/idle-game
2025-02-28T11:15:50.8535943Z   token: ***
2025-02-28T11:15:50.8536489Z   ssh-strict: true
2025-02-28T11:15:50.8536875Z   ssh-user: git
2025-02-28T11:15:50.8537306Z   persist-credentials: true
2025-02-28T11:15:50.8537746Z   clean: true
2025-02-28T11:15:50.8538149Z   sparse-checkout-cone-mode: true
2025-02-28T11:15:50.8538623Z   fetch-depth: 1
2025-02-28T11:15:50.8539012Z   fetch-tags: false
2025-02-28T11:15:50.8539408Z   show-progress: true
2025-02-28T11:15:50.8539823Z   lfs: false
2025-02-28T11:15:50.8540197Z   submodules: false
2025-02-28T11:15:50.8540596Z   set-safe-directory: true
2025-02-28T11:15:50.8541268Z ##[endgroup]
2025-02-28T11:15:51.0440282Z Syncing repository: aaron-hogan/idle-game
2025-02-28T11:15:51.0442611Z ##[group]Getting Git version info
2025-02-28T11:15:51.0443779Z Working directory is '/home/runner/work/idle-game/idle-game'
2025-02-28T11:15:51.0445500Z [command]/usr/bin/git version
2025-02-28T11:15:51.0510312Z git version 2.48.1
2025-02-28T11:15:51.0539449Z ##[endgroup]
2025-02-28T11:15:51.0552760Z Temporarily overriding HOME='/home/runner/work/_temp/ef22d8ed-23cd-4de2-9971-f7be07c51dc5' before making global git config changes
2025-02-28T11:15:51.0564201Z Adding repository directory to the temporary git global config as a safe directory
2025-02-28T11:15:51.0565358Z [command]/usr/bin/git config --global --add safe.directory /home/runner/work/idle-game/idle-game
2025-02-28T11:15:51.0599923Z Deleting the contents of '/home/runner/work/idle-game/idle-game'
2025-02-28T11:15:51.0603650Z ##[group]Initializing the repository
2025-02-28T11:15:51.0607724Z [command]/usr/bin/git init /home/runner/work/idle-game/idle-game
2025-02-28T11:15:51.0670636Z hint: Using 'master' as the name for the initial branch. This default branch name
2025-02-28T11:15:51.0672008Z hint: is subject to change. To configure the initial branch name to use in all
2025-02-28T11:15:51.0672901Z hint: of your new repositories, which will suppress this warning, call:
2025-02-28T11:15:51.0673559Z hint:
2025-02-28T11:15:51.0674011Z hint: 	git config --global init.defaultBranch <name>
2025-02-28T11:15:51.0674840Z hint:
2025-02-28T11:15:51.0675806Z hint: Names commonly chosen instead of 'master' are 'main', 'trunk' and
2025-02-28T11:15:51.0677584Z hint: 'development'. The just-created branch can be renamed via this command:
2025-02-28T11:15:51.0678867Z hint:
2025-02-28T11:15:51.0679565Z hint: 	git branch -m <name>
2025-02-28T11:15:51.0680859Z Initialized empty Git repository in /home/runner/work/idle-game/idle-game/.git/
2025-02-28T11:15:51.0688615Z [command]/usr/bin/git remote add origin https://github.com/aaron-hogan/idle-game
2025-02-28T11:15:51.0720787Z ##[endgroup]
2025-02-28T11:15:51.0721953Z ##[group]Disabling automatic garbage collection
2025-02-28T11:15:51.0725686Z [command]/usr/bin/git config --local gc.auto 0
2025-02-28T11:15:51.0754546Z ##[endgroup]
2025-02-28T11:15:51.0755732Z ##[group]Setting up auth
2025-02-28T11:15:51.0762118Z [command]/usr/bin/git config --local --name-only --get-regexp core\.sshCommand
2025-02-28T11:15:51.0792775Z [command]/usr/bin/git submodule foreach --recursive sh -c "git config --local --name-only --get-regexp 'core\.sshCommand' && git config --local --unset-all 'core.sshCommand' || :"
2025-02-28T11:15:51.1080303Z [command]/usr/bin/git config --local --name-only --get-regexp http\.https\:\/\/github\.com\/\.extraheader
2025-02-28T11:15:51.1110254Z [command]/usr/bin/git submodule foreach --recursive sh -c "git config --local --name-only --get-regexp 'http\.https\:\/\/github\.com\/\.extraheader' && git config --local --unset-all 'http.https://github.com/.extraheader' || :"
2025-02-28T11:15:51.1336620Z [command]/usr/bin/git config --local http.https://github.com/.extraheader AUTHORIZATION: basic ***
2025-02-28T11:15:51.1370757Z ##[endgroup]
2025-02-28T11:15:51.1371812Z ##[group]Fetching the repository
2025-02-28T11:15:51.1379559Z [command]/usr/bin/git -c protocol.version=2 fetch --no-tags --prune --no-recurse-submodules --depth=1 origin +07e4ce2b047a07f4dd57da0a32efccfbaac639b5:refs/remotes/origin/main
2025-02-28T11:15:51.4742263Z From https://github.com/aaron-hogan/idle-game
2025-02-28T11:15:51.4743872Z  * [new ref]         07e4ce2b047a07f4dd57da0a32efccfbaac639b5 -> origin/main
2025-02-28T11:15:51.4770942Z ##[endgroup]
2025-02-28T11:15:51.4772222Z ##[group]Determining the checkout info
2025-02-28T11:15:51.4773906Z ##[endgroup]
2025-02-28T11:15:51.4778147Z [command]/usr/bin/git sparse-checkout disable
2025-02-28T11:15:51.4817634Z [command]/usr/bin/git config --local --unset-all extensions.worktreeConfig
2025-02-28T11:15:51.4850508Z ##[group]Checking out the ref
2025-02-28T11:15:51.4851882Z [command]/usr/bin/git checkout --progress --force -B main refs/remotes/origin/main
2025-02-28T11:15:51.5192839Z Switched to a new branch 'main'
2025-02-28T11:15:51.5195900Z branch 'main' set up to track 'origin/main'.
2025-02-28T11:15:51.5201474Z ##[endgroup]
2025-02-28T11:15:51.5236822Z [command]/usr/bin/git log -1 --format=%H
2025-02-28T11:15:51.5259373Z 07e4ce2b047a07f4dd57da0a32efccfbaac639b5
2025-02-28T11:15:51.5590004Z ##[group]Run actions/setup-node@v3
2025-02-28T11:15:51.5591102Z with:
2025-02-28T11:15:51.5591888Z   node-version: 20
2025-02-28T11:15:51.5592761Z   always-auth: false
2025-02-28T11:15:51.5593651Z   check-latest: false
2025-02-28T11:15:51.5594835Z   token: ***
2025-02-28T11:15:51.5595623Z ##[endgroup]
2025-02-28T11:15:51.7388495Z Found in cache @ /opt/hostedtoolcache/node/20.18.3/x64
2025-02-28T11:15:51.7394626Z ##[group]Environment details
2025-02-28T11:15:52.0653207Z node: v20.18.3
2025-02-28T11:15:52.0653603Z npm: 10.8.2
2025-02-28T11:15:52.0653872Z yarn: 1.22.22
2025-02-28T11:15:52.0654519Z ##[endgroup]
2025-02-28T11:15:52.0760780Z ##[group]Run npm ci --prefer-offline
2025-02-28T11:15:52.0761192Z [36;1mnpm ci --prefer-offline[0m
2025-02-28T11:15:52.0814053Z shell: /usr/bin/bash -e {0}
2025-02-28T11:15:52.0814387Z ##[endgroup]
2025-02-28T11:15:55.9979829Z npm warn deprecated react-testing-library@8.0.1: 🚨  react-testing-library has moved to @testing-library/react. Please uninstall react-testing-library and install @testing-library/react instead, or use an older version of react-testing-library. Learn more about this change here: https://github.com/testing-library/dom-testing-library/issues/260 Thanks! :)
2025-02-28T11:15:56.6892382Z npm warn deprecated inflight@1.0.6: This module is not supported, and leaks memory. Do not use it. Check out lru-cache if you want a good and tested way to coalesce async requests by a key value, which is much more comprehensive and powerful.
2025-02-28T11:15:56.8090155Z npm warn deprecated glob@7.2.3: Glob versions prior to v9 are no longer supported
2025-02-28T11:15:57.1743426Z npm warn deprecated domexception@4.0.0: Use your platform's native DOMException instead
2025-02-28T11:15:57.4928877Z npm warn deprecated abab@2.0.6: Use your platform's native atob() and btoa() methods instead
2025-02-28T11:16:00.5097937Z 
2025-02-28T11:16:00.5098684Z added 900 packages, and audited 901 packages in 8s
2025-02-28T11:16:00.5099134Z 
2025-02-28T11:16:00.5100150Z 193 packages are looking for funding
2025-02-28T11:16:00.5101411Z   run `npm fund` for details
2025-02-28T11:16:00.5101829Z 
2025-02-28T11:16:00.5102052Z found 0 vulnerabilities
2025-02-28T11:16:00.5446880Z ##[group]Run npm audit
2025-02-28T11:16:00.5447159Z [36;1mnpm audit[0m
2025-02-28T11:16:00.5496812Z shell: /usr/bin/bash -e {0}
2025-02-28T11:16:00.5497051Z ##[endgroup]
2025-02-28T11:16:01.2394733Z found 0 vulnerabilities
2025-02-28T11:16:01.2529992Z ##[warning]Unexpected input(s) 'scan-type', valid inputs are ['']
2025-02-28T11:16:01.2545244Z ##[group]Run gitleaks/gitleaks-action@v2
2025-02-28T11:16:01.2545644Z with:
2025-02-28T11:16:01.2545898Z   scan-type: repo
2025-02-28T11:16:01.2546172Z env:
2025-02-28T11:16:01.2546903Z   GITHUB_TOKEN: ***
2025-02-28T11:16:01.2547205Z ##[endgroup]
2025-02-28T11:16:01.6020164Z [aaron-hogan] is an individual user. No license key is required.
2025-02-28T11:16:01.6020880Z gitleaks version: 8.16.1
2025-02-28T11:16:01.6023517Z Version to install: 8.16.1 (target directory: /tmp/gitleaks-8.16.1)
2025-02-28T11:16:01.8029559Z Received 2682748 of 2682748 (100.0%), 29.4 MBs/sec
2025-02-28T11:16:01.8030363Z Cache Size: ~3 MB (2682748 B)
2025-02-28T11:16:01.8050931Z [command]/usr/bin/tar -z -xf /home/runner/work/_temp/4e2551c2-d6e7-4235-aca2-b0b08c49f96f/cache.tgz -P -C /home/runner/work/idle-game/idle-game
2025-02-28T11:16:01.8563227Z Cache restored successfully
2025-02-28T11:16:01.8572905Z Gitleaks restored from cache
2025-02-28T11:16:01.8575415Z event type: push
2025-02-28T11:16:01.8577529Z gitleaks cmd: gitleaks detect --redact -v --exit-code=2 --report-format=sarif --report-path=results.sarif --log-level=debug --log-opts=-1
2025-02-28T11:16:01.8595538Z [command]/tmp/gitleaks-8.16.1/gitleaks detect --redact -v --exit-code=2 --report-format=sarif --report-path=results.sarif --log-level=debug --log-opts=-1
2025-02-28T11:16:01.8630676Z 
2025-02-28T11:16:01.8631633Z     ○
2025-02-28T11:16:01.8632102Z     │╲
2025-02-28T11:16:01.8632409Z     │ ○
2025-02-28T11:16:01.8632688Z     ○ ░
2025-02-28T11:16:01.8632886Z     ░    gitleaks
2025-02-28T11:16:01.8633034Z 
2025-02-28T11:16:01.8633691Z [90m11:16AM[0m [33mDBG[0m no gitleaks config found in path .gitleaks.toml, using default gitleaks config
2025-02-28T11:16:01.8926699Z [90m11:16AM[0m [33mDBG[0m executing: /usr/bin/git -C . log -p -U0 -1
2025-02-28T11:16:02.0826670Z [90m11:16AM[0m [32mINF[0m 1 commits scanned.
2025-02-28T11:16:02.0829178Z [90m11:16AM[0m [33mDBG[0m Note: this number might be smaller than expected due to commits with no additions
2025-02-28T11:16:02.0830930Z [90m11:16AM[0m [32mINF[0m scan completed in 198ms
2025-02-28T11:16:02.0832770Z [90m11:16AM[0m [32mINF[0m no leaks found
2025-02-28T11:16:02.0855412Z Artifact name is valid!
2025-02-28T11:16:02.0856643Z Root directory input is valid!
2025-02-28T11:16:02.1362302Z Beginning upload of artifact content to blob storage
2025-02-28T11:16:02.1945016Z Uploaded bytes 4644
2025-02-28T11:16:02.2134416Z Finished uploading artifact content to blob storage!
2025-02-28T11:16:02.2138287Z SHA256 hash of uploaded artifact zip is e3ecbbc4dc9e5b0c38c514a19927acf6400eec7d6a53b7dfaa98f9c50470fec5
2025-02-28T11:16:02.2139795Z Finalizing artifact upload
2025-02-28T11:16:02.3027414Z Artifact gitleaks-results.sarif.zip successfully finalized. Artifact ID 2669941031
2025-02-28T11:16:02.3040064Z ✅ No leaks detected
2025-02-28T11:16:02.3178787Z Post job cleanup.
2025-02-28T11:16:02.4688608Z Post job cleanup.
2025-02-28T11:16:02.5616601Z [command]/usr/bin/git version
2025-02-28T11:16:02.5654354Z git version 2.48.1
2025-02-28T11:16:02.5701431Z Temporarily overriding HOME='/home/runner/work/_temp/cf5ac230-9528-4c4b-9848-2579faaabf47' before making global git config changes
2025-02-28T11:16:02.5702522Z Adding repository directory to the temporary git global config as a safe directory
2025-02-28T11:16:02.5706912Z [command]/usr/bin/git config --global --add safe.directory /home/runner/work/idle-game/idle-game
2025-02-28T11:16:02.5741726Z [command]/usr/bin/git config --local --name-only --get-regexp core\.sshCommand
2025-02-28T11:16:02.5777288Z [command]/usr/bin/git submodule foreach --recursive sh -c "git config --local --name-only --get-regexp 'core\.sshCommand' && git config --local --unset-all 'core.sshCommand' || :"
2025-02-28T11:16:02.6030780Z [command]/usr/bin/git config --local --name-only --get-regexp http\.https\:\/\/github\.com\/\.extraheader
2025-02-28T11:16:02.6053008Z http.https://github.com/.extraheader
2025-02-28T11:16:02.6069992Z [command]/usr/bin/git config --local --unset-all http.https://github.com/.extraheader
2025-02-28T11:16:02.6104615Z [command]/usr/bin/git submodule foreach --recursive sh -c "git config --local --name-only --get-regexp 'http\.https\:\/\/github\.com\/\.extraheader' && git config --local --unset-all 'http.https://github.com/.extraheader' || :"
2025-02-28T11:16:02.6470583Z Cleaning up orphan processes
