2025-02-28T11:13:13.5039155Z Current runner version: '2.322.0'
2025-02-28T11:13:13.5064729Z ##[group]Operating System
2025-02-28T11:13:13.5065500Z Ubuntu
2025-02-28T11:13:13.5065947Z 24.04.2
2025-02-28T11:13:13.5066525Z LTS
2025-02-28T11:13:13.5066965Z ##[endgroup]
2025-02-28T11:13:13.5067478Z ##[group]Runner Image
2025-02-28T11:13:13.5068128Z Image: ubuntu-24.04
2025-02-28T11:13:13.5068621Z Version: 20250223.1.0
2025-02-28T11:13:13.5069644Z Included Software: https://github.com/actions/runner-images/blob/ubuntu24/20250223.1/images/ubuntu/Ubuntu2404-Readme.md
2025-02-28T11:13:13.5070979Z Image Release: https://github.com/actions/runner-images/releases/tag/ubuntu24%2F20250223.1
2025-02-28T11:13:13.5072085Z ##[endgroup]
2025-02-28T11:13:13.5072567Z ##[group]Runner Image Provisioner
2025-02-28T11:13:13.5073206Z 2.0.422.1
2025-02-28T11:13:13.5073674Z ##[endgroup]
2025-02-28T11:13:13.5074673Z ##[group]GITHUB_TOKEN Permissions
2025-02-28T11:13:13.5076779Z Contents: read
2025-02-28T11:13:13.5077317Z Metadata: read
2025-02-28T11:13:13.5078099Z Packages: read
2025-02-28T11:13:13.5078665Z ##[endgroup]
2025-02-28T11:13:13.5080965Z Secret source: Actions
2025-02-28T11:13:13.5082290Z Prepare workflow directory
2025-02-28T11:13:13.5425623Z Prepare all required actions
2025-02-28T11:13:13.5464680Z Getting action download info
2025-02-28T11:13:14.0317776Z Download action repository 'actions/checkout@v4' (SHA:11bd71901bbe5b1630ceea73d27597364c9af683)
2025-02-28T11:13:14.1216707Z Download action repository 'actions/setup-node@v3' (SHA:1a4442cacd436585916779262731d5b162bc6ec7)
2025-02-28T11:13:14.2929649Z Complete job name: Build and Test
2025-02-28T11:13:14.3622798Z ##[group]Run actions/checkout@v4
2025-02-28T11:13:14.3623620Z with:
2025-02-28T11:13:14.3623980Z   fetch-depth: 0
2025-02-28T11:13:14.3624398Z   repository: aaron-hogan/idle-game
2025-02-28T11:13:14.3625052Z   token: ***
2025-02-28T11:13:14.3625423Z   ssh-strict: true
2025-02-28T11:13:14.3625807Z   ssh-user: git
2025-02-28T11:13:14.3626192Z   persist-credentials: true
2025-02-28T11:13:14.3626624Z   clean: true
2025-02-28T11:13:14.3627024Z   sparse-checkout-cone-mode: true
2025-02-28T11:13:14.3627488Z   fetch-tags: false
2025-02-28T11:13:14.3627870Z   show-progress: true
2025-02-28T11:13:14.3628260Z   lfs: false
2025-02-28T11:13:14.3628761Z   submodules: false
2025-02-28T11:13:14.3629306Z   set-safe-directory: true
2025-02-28T11:13:14.3629982Z ##[endgroup]
2025-02-28T11:13:14.5774321Z Syncing repository: aaron-hogan/idle-game
2025-02-28T11:13:14.5777233Z ##[group]Getting Git version info
2025-02-28T11:13:14.5778457Z Working directory is '/home/runner/work/idle-game/idle-game'
2025-02-28T11:13:14.5780163Z [command]/usr/bin/git version
2025-02-28T11:13:14.5850596Z git version 2.48.1
2025-02-28T11:13:14.5896255Z ##[endgroup]
2025-02-28T11:13:14.5906049Z Temporarily overriding HOME='/home/runner/work/_temp/a65da9a6-6cea-4aa2-9158-1622aa3f170e' before making global git config changes
2025-02-28T11:13:14.5908487Z Adding repository directory to the temporary git global config as a safe directory
2025-02-28T11:13:14.5911334Z [command]/usr/bin/git config --global --add safe.directory /home/runner/work/idle-game/idle-game
2025-02-28T11:13:14.5950198Z Deleting the contents of '/home/runner/work/idle-game/idle-game'
2025-02-28T11:13:14.5955263Z ##[group]Initializing the repository
2025-02-28T11:13:14.5959345Z [command]/usr/bin/git init /home/runner/work/idle-game/idle-game
2025-02-28T11:13:14.6051866Z hint: Using 'master' as the name for the initial branch. This default branch name
2025-02-28T11:13:14.6053600Z hint: is subject to change. To configure the initial branch name to use in all
2025-02-28T11:13:14.6055221Z hint: of your new repositories, which will suppress this warning, call:
2025-02-28T11:13:14.6056459Z hint:
2025-02-28T11:13:14.6057292Z hint: 	git config --global init.defaultBranch <name>
2025-02-28T11:13:14.6058311Z hint:
2025-02-28T11:13:14.6059258Z hint: Names commonly chosen instead of 'master' are 'main', 'trunk' and
2025-02-28T11:13:14.6060802Z hint: 'development'. The just-created branch can be renamed via this command:
2025-02-28T11:13:14.6062717Z hint:
2025-02-28T11:13:14.6063412Z hint: 	git branch -m <name>
2025-02-28T11:13:14.6064655Z Initialized empty Git repository in /home/runner/work/idle-game/idle-game/.git/
2025-02-28T11:13:14.6070902Z [command]/usr/bin/git remote add origin https://github.com/aaron-hogan/idle-game
2025-02-28T11:13:14.6115465Z ##[endgroup]
2025-02-28T11:13:14.6116738Z ##[group]Disabling automatic garbage collection
2025-02-28T11:13:14.6118372Z [command]/usr/bin/git config --local gc.auto 0
2025-02-28T11:13:14.6151863Z ##[endgroup]
2025-02-28T11:13:14.6152538Z ##[group]Setting up auth
2025-02-28T11:13:14.6158506Z [command]/usr/bin/git config --local --name-only --get-regexp core\.sshCommand
2025-02-28T11:13:14.6189012Z [command]/usr/bin/git submodule foreach --recursive sh -c "git config --local --name-only --get-regexp 'core\.sshCommand' && git config --local --unset-all 'core.sshCommand' || :"
2025-02-28T11:13:14.6496068Z [command]/usr/bin/git config --local --name-only --get-regexp http\.https\:\/\/github\.com\/\.extraheader
2025-02-28T11:13:14.6525109Z [command]/usr/bin/git submodule foreach --recursive sh -c "git config --local --name-only --get-regexp 'http\.https\:\/\/github\.com\/\.extraheader' && git config --local --unset-all 'http.https://github.com/.extraheader' || :"
2025-02-28T11:13:14.6753859Z [command]/usr/bin/git config --local http.https://github.com/.extraheader AUTHORIZATION: basic ***
2025-02-28T11:13:14.6789055Z ##[endgroup]
2025-02-28T11:13:14.6789784Z ##[group]Fetching the repository
2025-02-28T11:13:14.6798235Z [command]/usr/bin/git -c protocol.version=2 fetch --prune --no-recurse-submodules origin +refs/heads/*:refs/remotes/origin/* +refs/tags/*:refs/tags/*
2025-02-28T11:13:15.6027180Z From https://github.com/aaron-hogan/idle-game
2025-02-28T11:13:15.6031369Z  * [new branch]      archive/day-timer-fix-feb2025 -> origin/archive/day-timer-fix-feb2025
2025-02-28T11:13:15.6034132Z  * [new branch]      chore/batch5-explicit-any-core -> origin/chore/batch5-explicit-any-core
2025-02-28T11:13:15.6036940Z  * [new branch]      chore/batch6-explicit-any-utils -> origin/chore/batch6-explicit-any-utils
2025-02-28T11:13:15.6039772Z  * [new branch]      chore/batch7-explicit-any-systems -> origin/chore/batch7-explicit-any-systems
2025-02-28T11:13:15.6043190Z  * [new branch]      chore/batch8-explicit-any-more-systems -> origin/chore/batch8-explicit-any-more-systems
2025-02-28T11:13:15.6046460Z  * [new branch]      chore/comprehensive-cleanup -> origin/chore/comprehensive-cleanup
2025-02-28T11:13:15.6049460Z  * [new branch]      chore/gitignore-improvements -> origin/chore/gitignore-improvements
2025-02-28T11:13:15.6052743Z  * [new branch]      chore/linting-documentation -> origin/chore/linting-documentation
2025-02-28T11:13:15.6056463Z  * [new branch]      cleanup/project-structure-organization -> origin/cleanup/project-structure-organization
2025-02-28T11:13:15.6060467Z  * [new branch]      cleanup/root-folder-consolidation -> origin/cleanup/root-folder-consolidation
2025-02-28T11:13:15.6064102Z  * [new branch]      cleanup/workflow-tests  -> origin/cleanup/workflow-tests
2025-02-28T11:13:15.6066609Z  * [new branch]      develop                 -> origin/develop
2025-02-28T11:13:15.6069130Z  * [new branch]      docs/add-test-guidelines -> origin/docs/add-test-guidelines
2025-02-28T11:13:15.6072764Z  * [new branch]      docs/enhance-git-documentation -> origin/docs/enhance-git-documentation
2025-02-28T11:13:15.6076510Z  * [new branch]      docs/github-workflows-cleanup -> origin/docs/github-workflows-cleanup
2025-02-28T11:13:15.6080412Z  * [new branch]      docs/improve-branch-protection -> origin/docs/improve-branch-protection
2025-02-28T11:13:15.6085211Z  * [new branch]      docs/improve-documentation-organization -> origin/docs/improve-documentation-organization
2025-02-28T11:13:15.6089942Z  * [new branch]      docs/pr-validation-documentation -> origin/docs/pr-validation-documentation
2025-02-28T11:13:15.6094276Z  * [new branch]      docs/process-failure-learnings -> origin/docs/process-failure-learnings
2025-02-28T11:13:15.6099321Z  * [new branch]      docs/retrospective-changelog-improvements -> origin/docs/retrospective-changelog-improvements
2025-02-28T11:13:15.6104631Z  * [new branch]      docs/update-changelog-for-test-cleanup -> origin/docs/update-changelog-for-test-cleanup
2025-02-28T11:13:15.6109901Z  * [new branch]      docs/update-milestone-strip-documentation -> origin/docs/update-milestone-strip-documentation
2025-02-28T11:13:15.6114816Z  * [new branch]      feature/branch-management-tools -> origin/feature/branch-management-tools
2025-02-28T11:13:15.6118710Z  * [new branch]      feature/dependency-injection -> origin/feature/dependency-injection
2025-02-28T11:13:15.6122480Z  * [new branch]      feature/game-balance-config -> origin/feature/game-balance-config
2025-02-28T11:13:15.6125941Z  * [new branch]      feature/git-automation  -> origin/feature/git-automation
2025-02-28T11:13:15.6130218Z  * [new branch]      feature/milestone-visual-enhancements -> origin/feature/milestone-visual-enhancements
2025-02-28T11:13:15.6134805Z  * [new branch]      feature/patch-versioning -> origin/feature/patch-versioning
2025-02-28T11:13:15.6138688Z  * [new branch]      feature/todo-synchronization -> origin/feature/todo-synchronization
2025-02-28T11:13:15.6142982Z  * [new branch]      feature/tutorial-help-system -> origin/feature/tutorial-help-system
2025-02-28T11:13:15.6146868Z  * [new branch]      feature/versioning-process -> origin/feature/versioning-process
2025-02-28T11:13:15.6151615Z  * [new branch]      fix/bump-version-script-enhancement -> origin/fix/bump-version-script-enhancement
2025-02-28T11:13:15.6156175Z  * [new branch]      fix/changelog-organization -> origin/fix/changelog-organization
2025-02-28T11:13:15.6159832Z  * [new branch]      fix/changelog-versioning -> origin/fix/changelog-versioning
2025-02-28T11:13:15.6163785Z  * [new branch]      fix/ci-workflow-optimization -> origin/fix/ci-workflow-optimization
2025-02-28T11:13:15.6167691Z  * [new branch]      fix/clean-up-skipped-tests -> origin/fix/clean-up-skipped-tests
2025-02-28T11:13:15.6171624Z  * [new branch]      fix/complete-root-cleanup -> origin/fix/complete-root-cleanup
2025-02-28T11:13:15.6175599Z  * [new branch]      fix/dependency-injection-tests -> origin/fix/dependency-injection-tests
2025-02-28T11:13:15.6179779Z  * [new branch]      fix/empty-versions-in-changelog -> origin/fix/empty-versions-in-changelog
2025-02-28T11:13:15.6184153Z  * [new branch]      fix/events-selector-memoization -> origin/fix/events-selector-memoization
2025-02-28T11:13:15.6188286Z  * [new branch]      fix/failing-tests       -> origin/fix/failing-tests
2025-02-28T11:13:15.6191589Z  * [new branch]      fix/game-loop-errors    -> origin/fix/game-loop-errors
2025-02-28T11:13:15.6194720Z  * [new branch]      fix/github-action-permissions -> origin/fix/github-action-permissions
2025-02-28T11:13:15.6197973Z  * [new branch]      fix/lint-require-imports-system-files -> origin/fix/lint-require-imports-system-files
2025-02-28T11:13:15.6200916Z  * [new branch]      fix/lint-ts-comments-test-files -> origin/fix/lint-ts-comments-test-files
2025-02-28T11:13:15.6203969Z  * [new branch]      fix/lint-unused-vars-core-components -> origin/fix/lint-unused-vars-core-components
2025-02-28T11:13:15.6206861Z  * [new branch]      fix/lint-unused-vars-system-files -> origin/fix/lint-unused-vars-system-files
2025-02-28T11:13:15.6209300Z  * [new branch]      fix/linting-errors      -> origin/fix/linting-errors
2025-02-28T11:13:15.6211514Z  * [new branch]      fix/milestone-centering -> origin/fix/milestone-centering
2025-02-28T11:13:15.6214174Z  * [new branch]      fix/milestone-progress-infinite-update -> origin/fix/milestone-progress-infinite-update
2025-02-28T11:13:15.6217556Z  * [new branch]      fix/oppression-rate-display -> origin/fix/oppression-rate-display
2025-02-28T11:13:15.6221466Z  * [new branch]      fix/pr-validation-case-sensitivity -> origin/fix/pr-validation-case-sensitivity
2025-02-28T11:13:15.6224032Z  * [new branch]      fix/process-env-variables -> origin/fix/process-env-variables
2025-02-28T11:13:15.6227065Z  * [new branch]      fix/progression-manager-imports -> origin/fix/progression-manager-imports
2025-02-28T11:13:15.6230003Z  * [new branch]      fix/progression-selectors -> origin/fix/progression-selectors
2025-02-28T11:13:15.6232655Z  * [new branch]      fix/reduce-console-noise -> origin/fix/reduce-console-noise
2025-02-28T11:13:15.6235588Z  * [new branch]      fix/remaining-selector-issues -> origin/fix/remaining-selector-issues
2025-02-28T11:13:15.6238030Z  * [new branch]      fix/remove-gitignored-files -> origin/fix/remove-gitignored-files
2025-02-28T11:13:15.6240391Z  * [new branch]      fix/skip-tests-auto-versioning -> origin/fix/skip-tests-auto-versioning
2025-02-28T11:13:15.6243520Z  * [new branch]      fix/task-manager-double-initialization -> origin/fix/task-manager-double-initialization
2025-02-28T11:13:15.6246033Z  * [new branch]      fix/test-suite-fixes    -> origin/fix/test-suite-fixes
2025-02-28T11:13:15.6248034Z  * [new branch]      fix/update-tests-tutorial -> origin/fix/update-tests-tutorial
2025-02-28T11:13:15.6249798Z  * [new branch]      main                    -> origin/main
2025-02-28T11:13:15.6252233Z  * [new branch]      refactor/manager-dependency-injection -> origin/refactor/manager-dependency-injection
2025-02-28T11:13:15.6254650Z  * [new branch]      sync/sync-main-develop  -> origin/sync/sync-main-develop
2025-02-28T11:13:15.6256721Z  * [new branch]      test/hello-world-versioning -> origin/test/hello-world-versioning
2025-02-28T11:13:15.6258651Z  * [new tag]         v0.5.1                  -> v0.5.1
2025-02-28T11:13:15.6259947Z  * [new tag]         v0.5.2                  -> v0.5.2
2025-02-28T11:13:15.6261450Z  * [new tag]         v0.5.3                  -> v0.5.3
2025-02-28T11:13:15.6262757Z  * [new tag]         v0.5.5                  -> v0.5.5
2025-02-28T11:13:15.6264030Z  * [new tag]         v0.5.6                  -> v0.5.6
2025-02-28T11:13:15.6265890Z  * [new tag]         v0.6.0                  -> v0.6.0
2025-02-28T11:13:15.6267202Z  * [new tag]         v0.6.1                  -> v0.6.1
2025-02-28T11:13:15.6270923Z [command]/usr/bin/git branch --list --remote origin/main
2025-02-28T11:13:15.6272546Z   origin/main
2025-02-28T11:13:15.6275203Z [command]/usr/bin/git rev-parse refs/remotes/origin/main
2025-02-28T11:13:15.6297005Z ea2ee997988051048fdddbf68bf4194be3048ab5
2025-02-28T11:13:15.6304614Z ##[endgroup]
2025-02-28T11:13:15.6306134Z ##[group]Determining the checkout info
2025-02-28T11:13:15.6308077Z ##[endgroup]
2025-02-28T11:13:15.6309335Z [command]/usr/bin/git sparse-checkout disable
2025-02-28T11:13:15.6348950Z [command]/usr/bin/git config --local --unset-all extensions.worktreeConfig
2025-02-28T11:13:15.6376923Z ##[group]Checking out the ref
2025-02-28T11:13:15.6380421Z [command]/usr/bin/git checkout --progress --force -B main refs/remotes/origin/main
2025-02-28T11:13:15.6758677Z Switched to a new branch 'main'
2025-02-28T11:13:15.6761323Z branch 'main' set up to track 'origin/main'.
2025-02-28T11:13:15.6770555Z ##[endgroup]
2025-02-28T11:13:15.6808359Z [command]/usr/bin/git log -1 --format=%H
2025-02-28T11:13:15.6831860Z ea2ee997988051048fdddbf68bf4194be3048ab5
2025-02-28T11:13:15.7110944Z ##[group]Run actions/setup-node@v3
2025-02-28T11:13:15.7112190Z with:
2025-02-28T11:13:15.7112907Z   node-version: 20
2025-02-28T11:13:15.7113700Z   cache: npm
2025-02-28T11:13:15.7114463Z   always-auth: false
2025-02-28T11:13:15.7115300Z   check-latest: false
2025-02-28T11:13:15.7116402Z   token: ***
2025-02-28T11:13:15.7117150Z ##[endgroup]
2025-02-28T11:13:15.8933677Z Found in cache @ /opt/hostedtoolcache/node/20.18.3/x64
2025-02-28T11:13:15.8939567Z ##[group]Environment details
2025-02-28T11:13:16.2573183Z node: v20.18.3
2025-02-28T11:13:16.2573729Z npm: 10.8.2
2025-02-28T11:13:16.2574095Z yarn: 1.22.22
2025-02-28T11:13:16.2575352Z ##[endgroup]
2025-02-28T11:13:16.2586634Z [command]/opt/hostedtoolcache/node/20.18.3/x64/bin/npm config get cache
2025-02-28T11:13:16.3747797Z /home/runner/.npm
2025-02-28T11:13:17.9225522Z Received 11913627 of 28690843 (41.5%), 11.4 MBs/sec
2025-02-28T11:13:18.9226230Z Received 24496539 of 28690843 (85.4%), 11.7 MBs/sec
2025-02-28T11:13:19.3216110Z Cache Size: ~27 MB (28690843 B)
2025-02-28T11:13:19.3250138Z [command]/usr/bin/tar -xf /home/runner/work/_temp/ab264e9c-765e-4540-95b7-b03b0a85467c/cache.tzst -P -C /home/runner/work/idle-game/idle-game --use-compress-program unzstd
2025-02-28T11:13:19.4883988Z Cache restored successfully
2025-02-28T11:13:19.4951873Z Cache restored from key: node-cache-Linux-npm-f908b0f5abec6c89abe60dd1e59b3fc8354ae46f3bf0453684a9687b3b68d0a6
2025-02-28T11:13:19.9236797Z Received 28690843 of 28690843 (100.0%), 9.1 MBs/sec
2025-02-28T11:13:19.9397366Z ##[group]Run npm ci --prefer-offline
2025-02-28T11:13:19.9397752Z [36;1mnpm ci --prefer-offline[0m
2025-02-28T11:13:19.9450378Z shell: /usr/bin/bash -e {0}
2025-02-28T11:13:19.9450650Z ##[endgroup]
2025-02-28T11:13:22.7205052Z npm warn deprecated react-testing-library@8.0.1: 🚨  react-testing-library has moved to @testing-library/react. Please uninstall react-testing-library and install @testing-library/react instead, or use an older version of react-testing-library. Learn more about this change here: https://github.com/testing-library/dom-testing-library/issues/260 Thanks! :)
2025-02-28T11:13:22.7833382Z npm warn deprecated inflight@1.0.6: This module is not supported, and leaks memory. Do not use it. Check out lru-cache if you want a good and tested way to coalesce async requests by a key value, which is much more comprehensive and powerful.
2025-02-28T11:13:22.9593943Z npm warn deprecated abab@2.0.6: Use your platform's native atob() and btoa() methods instead
2025-02-28T11:13:23.0473907Z npm warn deprecated glob@7.2.3: Glob versions prior to v9 are no longer supported
2025-02-28T11:13:23.1244602Z npm warn deprecated domexception@4.0.0: Use your platform's native DOMException instead
2025-02-28T11:13:25.1941906Z 
2025-02-28T11:13:25.1942629Z added 900 packages, and audited 901 packages in 5s
2025-02-28T11:13:25.1943193Z 
2025-02-28T11:13:25.1943508Z 193 packages are looking for funding
2025-02-28T11:13:25.1944028Z   run `npm fund` for details
2025-02-28T11:13:25.1955308Z 
2025-02-28T11:13:25.1955775Z found 0 vulnerabilities
2025-02-28T11:13:25.2333002Z ##[group]Run npm run lint
2025-02-28T11:13:25.2333292Z [36;1mnpm run lint[0m
2025-02-28T11:13:25.2381633Z shell: /usr/bin/bash -e {0}
2025-02-28T11:13:25.2382001Z ##[endgroup]
2025-02-28T11:13:25.3489589Z 
2025-02-28T11:13:25.5366489Z (node:1931) Warning: To load an ES module, set "type": "module" in the package.json or use the .mjs extension.
2025-02-28T11:13:25.5367510Z > idle-game@0.6.1 lint
2025-02-28T11:13:25.5368007Z > eslint src --ext .ts,.tsx
2025-02-28T11:13:25.5368290Z 
2025-02-28T11:13:25.5370126Z (Use `node --trace-warnings ...` to show where the warning was created)
2025-02-28T11:13:25.5373165Z 
2025-02-28T11:13:25.5373742Z Oops! Something went wrong! :(
2025-02-28T11:13:25.5374041Z 
2025-02-28T11:13:25.5374195Z ESLint: 9.21.0
2025-02-28T11:13:25.5374443Z 
2025-02-28T11:13:25.5374821Z /home/runner/work/idle-game/idle-game/eslint.config.js:1
2025-02-28T11:13:25.5375432Z import eslint from '@eslint/js';
2025-02-28T11:13:25.5375814Z ^^^^^^
2025-02-28T11:13:25.5376028Z 
2025-02-28T11:13:25.5376400Z SyntaxError: Cannot use import statement outside a module
2025-02-28T11:13:25.5377067Z     at wrapSafe (node:internal/modules/cjs/loader:1378:20)
2025-02-28T11:13:25.5377729Z     at Module._compile (node:internal/modules/cjs/loader:1428:41)
2025-02-28T11:13:25.5378463Z     at Module._extensions..js (node:internal/modules/cjs/loader:1548:10)
2025-02-28T11:13:25.5379183Z     at Module.load (node:internal/modules/cjs/loader:1288:32)
2025-02-28T11:13:25.5379819Z     at Module._load (node:internal/modules/cjs/loader:1104:12)
2025-02-28T11:13:25.5380254Z     at cjsLoader (node:internal/modules/esm/translators:346:17)
2025-02-28T11:13:25.5380718Z     at ModuleWrap.<anonymous> (node:internal/modules/esm/translators:286:7)
2025-02-28T11:13:25.5381352Z     at ModuleJob.run (node:internal/modules/esm/module_job:234:25)
2025-02-28T11:13:25.5382177Z     at async ModuleLoader.import (node:internal/modules/esm/loader:473:24)
2025-02-28T11:13:25.5382846Z     at async loadConfigFile (/home/runner/work/idle-game/idle-game/node_modules/eslint/lib/config/config-loader.js:197:21)
2025-02-28T11:13:25.5506205Z ##[error]Process completed with exit code 2.
2025-02-28T11:13:25.5547853Z ##[group]Run npm run typecheck
2025-02-28T11:13:25.5548142Z [36;1mnpm run typecheck[0m
2025-02-28T11:13:25.5595393Z shell: /usr/bin/bash -e {0}
2025-02-28T11:13:25.5595640Z ##[endgroup]
2025-02-28T11:13:25.6701217Z 
2025-02-28T11:13:25.6701781Z > idle-game@0.6.1 typecheck
2025-02-28T11:13:25.6702312Z > tsc --noEmit
2025-02-28T11:13:25.6702495Z 
2025-02-28T11:13:26.9892323Z ##[error]src/components/GameTimer.tsx(4,1): error TS1185: Merge conflict marker encountered.
2025-02-28T11:13:27.0135687Z ##[error]Process completed with exit code 2.
2025-02-28T11:13:27.0158707Z ##[group]Run npm test
2025-02-28T11:13:27.0158981Z [36;1mnpm test[0m
2025-02-28T11:13:27.0205860Z shell: /usr/bin/bash -e {0}
2025-02-28T11:13:27.0206125Z ##[endgroup]
2025-02-28T11:13:27.1299791Z 
2025-02-28T11:13:27.1300318Z > idle-game@0.6.1 test
2025-02-28T11:13:27.1300723Z > jest
2025-02-28T11:13:27.1300923Z 
2025-02-28T11:13:36.2712116Z PASS src/integration/tasks.integration.test.ts (8.048 s)
2025-02-28T11:13:36.7712927Z FAIL src/systems/resourceManager.test.ts
2025-02-28T11:13:36.7735540Z   ● Test suite failed to run
2025-02-28T11:13:36.7739612Z 
2025-02-28T11:13:36.7741233Z     [96msrc/utils/testUtils.ts[0m:[93m78[0m:[93m5[0m - [91merror[0m[90m TS2578: [0mUnused '@ts-expect-error' directive.
2025-02-28T11:13:36.7742442Z 
2025-02-28T11:13:36.7753401Z     [7m78[0m     // @ts-expect-error - Accessing private field for testing
2025-02-28T11:13:36.7754768Z     [7m  [0m [91m    ~~~~~~~~~~~~~~~~~~~~~~~~~~~~~~~~~~~~~~~~~~~~~~~~~~~~~~~~~[0m
2025-02-28T11:13:36.7756446Z     [96msrc/utils/testUtils.ts[0m:[93m108[0m:[93m7[0m - [91merror[0m[90m TS2578: [0mUnused '@ts-expect-error' directive.
2025-02-28T11:13:36.7757627Z 
2025-02-28T11:13:36.7758560Z     [7m108[0m       // @ts-expect-error - Accessing private constructor for testing
2025-02-28T11:13:36.7759523Z     [7m   [0m [91m      ~~~~~~~~~~~~~~~~~~~~~~~~~~~~~~~~~~~~~~~~~~~~~~~~~~~~~~~~~~~~~~~[0m
2025-02-28T11:13:36.7760733Z     [96msrc/utils/testUtils.ts[0m:[93m114[0m:[93m7[0m - [91merror[0m[90m TS2578: [0mUnused '@ts-expect-error' directive.
2025-02-28T11:13:36.7761589Z 
2025-02-28T11:13:36.7762087Z     [7m114[0m       // @ts-expect-error - Setting private static field for testing
2025-02-28T11:13:36.7762982Z     [7m   [0m [91m      ~~~~~~~~~~~~~~~~~~~~~~~~~~~~~~~~~~~~~~~~~~~~~~~~~~~~~~~~~~~~~~[0m
2025-02-28T11:13:36.7763364Z 
2025-02-28T11:13:36.8368438Z FAIL src/systems/__tests__/buildingManager.test.ts
2025-02-28T11:13:36.8369546Z   ● Test suite failed to run
2025-02-28T11:13:36.8370002Z 
2025-02-28T11:13:36.8371322Z     [96msrc/utils/testUtils.ts[0m:[93m78[0m:[93m5[0m - [91merror[0m[90m TS2578: [0mUnused '@ts-expect-error' directive.
2025-02-28T11:13:36.8372020Z 
2025-02-28T11:13:36.8372524Z     [7m78[0m     // @ts-expect-error - Accessing private field for testing
2025-02-28T11:13:36.8373352Z     [7m  [0m [91m    ~~~~~~~~~~~~~~~~~~~~~~~~~~~~~~~~~~~~~~~~~~~~~~~~~~~~~~~~~[0m
2025-02-28T11:13:36.8374557Z     [96msrc/utils/testUtils.ts[0m:[93m108[0m:[93m7[0m - [91merror[0m[90m TS2578: [0mUnused '@ts-expect-error' directive.
2025-02-28T11:13:36.8375218Z 
2025-02-28T11:13:36.8375752Z     [7m108[0m       // @ts-expect-error - Accessing private constructor for testing
2025-02-28T11:13:36.8376928Z     [7m   [0m [91m      ~~~~~~~~~~~~~~~~~~~~~~~~~~~~~~~~~~~~~~~~~~~~~~~~~~~~~~~~~~~~~~~[0m
2025-02-28T11:13:36.8396910Z     [96msrc/utils/testUtils.ts[0m:[93m114[0m:[93m7[0m - [91merror[0m[90m TS2578: [0mUnused '@ts-expect-error' directive.
2025-02-28T11:13:36.8397648Z 
2025-02-28T11:13:36.8398236Z     [7m114[0m       // @ts-expect-error - Setting private static field for testing
2025-02-28T11:13:36.8399622Z     [7m   [0m [91m      ~~~~~~~~~~~~~~~~~~~~~~~~~~~~~~~~~~~~~~~~~~~~~~~~~~~~~~~~~~~~~~[0m
2025-02-28T11:13:36.8400020Z 
2025-02-28T11:13:37.4586202Z FAIL src/systems/__tests__/workerManager.test.ts
2025-02-28T11:13:37.4594920Z   ● Test suite failed to run
2025-02-28T11:13:37.4671731Z 
2025-02-28T11:13:37.4672805Z     [96msrc/utils/testUtils.ts[0m:[93m78[0m:[93m5[0m - [91merror[0m[90m TS2578: [0mUnused '@ts-expect-error' directive.
2025-02-28T11:13:37.4673501Z 
2025-02-28T11:13:37.4673969Z     [7m78[0m     // @ts-expect-error - Accessing private field for testing
2025-02-28T11:13:37.4674807Z     [7m  [0m [91m    ~~~~~~~~~~~~~~~~~~~~~~~~~~~~~~~~~~~~~~~~~~~~~~~~~~~~~~~~~[0m
2025-02-28T11:13:37.4676054Z     [96msrc/utils/testUtils.ts[0m:[93m108[0m:[93m7[0m - [91merror[0m[90m TS2578: [0mUnused '@ts-expect-error' directive.
2025-02-28T11:13:37.4677203Z 
2025-02-28T11:13:37.4677748Z     [7m108[0m       // @ts-expect-error - Accessing private constructor for testing
2025-02-28T11:13:37.4678670Z     [7m   [0m [91m      ~~~~~~~~~~~~~~~~~~~~~~~~~~~~~~~~~~~~~~~~~~~~~~~~~~~~~~~~~~~~~~~[0m
2025-02-28T11:13:37.4679862Z     [96msrc/utils/testUtils.ts[0m:[93m114[0m:[93m7[0m - [91merror[0m[90m TS2578: [0mUnused '@ts-expect-error' directive.
2025-02-28T11:13:37.4680531Z 
2025-02-28T11:13:37.4681231Z     [7m114[0m       // @ts-expect-error - Setting private static field for testing
2025-02-28T11:13:37.4682137Z     [7m   [0m [91m      ~~~~~~~~~~~~~~~~~~~~~~~~~~~~~~~~~~~~~~~~~~~~~~~~~~~~~~~~~~~~~~[0m
2025-02-28T11:13:37.4682537Z 
2025-02-28T11:13:38.3339439Z PASS src/managers/progression/ProgressionManager.test.ts
2025-02-28T11:13:38.3828942Z PASS src/core/GameLoop.test.ts
2025-02-28T11:13:38.4272265Z   ● Console
2025-02-28T11:13:38.4272648Z 
2025-02-28T11:13:38.4273002Z     console.log
2025-02-28T11:13:38.4273512Z       GameLoop: Registered handler, total: 1
2025-02-28T11:13:38.4275187Z 
2025-02-28T11:13:38.4275604Z       at GameLoop.registerHandler (src/core/GameLoop.ts:292:17)
2025-02-28T11:13:38.4276034Z 
2025-02-28T11:13:38.4276162Z     console.log
2025-02-28T11:13:38.4276556Z       GameLoop: Started with tick rate 1Hz
2025-02-28T11:13:38.4276853Z 
2025-02-28T11:13:38.4277114Z       at GameLoop.start (src/core/GameLoop.ts:121:15)
2025-02-28T11:13:38.4277476Z 
2025-02-28T11:13:38.4277601Z     console.log
2025-02-28T11:13:38.4278153Z       Warning not called, but this is acceptable in the mock environment
2025-02-28T11:13:38.4278602Z 
2025-02-28T11:13:38.4278907Z       at Object.<anonymous> (src/core/GameLoop.test.ts:328:15)
2025-02-28T11:13:38.4279292Z 
2025-02-28T11:13:38.4279420Z     console.log
2025-02-28T11:13:38.4279842Z       GameLoop: Stopped after 2 ticks and 1 frames
2025-02-28T11:13:38.4280178Z 
2025-02-28T11:13:38.4280422Z       at GameLoop.stop (src/core/GameLoop.ts:139:15)
2025-02-28T11:13:38.4280753Z 
2025-02-28T11:13:38.4280890Z     console.log
2025-02-28T11:13:38.4281491Z       GameLoop: Unregistered handler, remaining: 0
2025-02-28T11:13:38.4281852Z 
2025-02-28T11:13:38.4282194Z       at GameLoop.unregisterHandler (src/core/GameLoop.ts:309:17)
2025-02-28T11:13:38.4282621Z 
2025-02-28T11:13:38.8739757Z FAIL src/systems/__tests__/saveManager.test.ts
2025-02-28T11:13:38.8741405Z   ● Test suite failed to run
2025-02-28T11:13:38.8742003Z 
2025-02-28T11:13:38.8747606Z     [96msrc/utils/testUtils.ts[0m:[93m78[0m:[93m5[0m - [91merror[0m[90m TS2578: [0mUnused '@ts-expect-error' directive.
2025-02-28T11:13:38.8748546Z 
2025-02-28T11:13:38.8749247Z     [7m78[0m     // @ts-expect-error - Accessing private field for testing
2025-02-28T11:13:38.8750316Z     [7m  [0m [91m    ~~~~~~~~~~~~~~~~~~~~~~~~~~~~~~~~~~~~~~~~~~~~~~~~~~~~~~~~~[0m
2025-02-28T11:13:38.8751915Z     [96msrc/utils/testUtils.ts[0m:[93m108[0m:[93m7[0m - [91merror[0m[90m TS2578: [0mUnused '@ts-expect-error' directive.
2025-02-28T11:13:38.8752859Z 
2025-02-28T11:13:38.8753572Z     [7m108[0m       // @ts-expect-error - Accessing private constructor for testing
2025-02-28T11:13:38.8755089Z     [7m   [0m [91m      ~~~~~~~~~~~~~~~~~~~~~~~~~~~~~~~~~~~~~~~~~~~~~~~~~~~~~~~~~~~~~~~[0m
2025-02-28T11:13:38.8756432Z     [96msrc/utils/testUtils.ts[0m:[93m114[0m:[93m7[0m - [91merror[0m[90m TS2578: [0mUnused '@ts-expect-error' directive.
2025-02-28T11:13:38.8757273Z 
2025-02-28T11:13:38.8791519Z     [7m114[0m       // @ts-expect-error - Setting private static field for testing
2025-02-28T11:13:38.8792729Z     [7m   [0m [91m      ~~~~~~~~~~~~~~~~~~~~~~~~~~~~~~~~~~~~~~~~~~~~~~~~~~~~~~~~~~~~~~[0m
2025-02-28T11:13:38.8793313Z 
2025-02-28T11:13:39.3824439Z PASS src/state/tasksSlice.test.ts
2025-02-28T11:13:39.7788264Z FAIL src/utils/resourceUtils.test.ts
2025-02-28T11:13:39.7789361Z   ● Test suite failed to run
2025-02-28T11:13:39.7790064Z 
2025-02-28T11:13:39.7791819Z     [96msrc/utils/resourceUtils.ts[0m:[93m153[0m:[93m5[0m - [91merror[0m[90m TS2578: [0mUnused '@ts-expect-error' directive.
2025-02-28T11:13:39.7792805Z 
2025-02-28T11:13:39.7793418Z     [7m153[0m     // @ts-expect-error - Address type issues in tests later
2025-02-28T11:13:39.7794427Z     [7m   [0m [91m    ~~~~~~~~~~~~~~~~~~~~~~~~~~~~~~~~~~~~~~~~~~~~~~~~~~~~~~~~[0m
2025-02-28T11:13:39.7795849Z     [96msrc/utils/resourceUtils.ts[0m:[93m181[0m:[93m5[0m - [91merror[0m[90m TS2578: [0mUnused '@ts-expect-error' directive.
2025-02-28T11:13:39.7796679Z 
2025-02-28T11:13:39.7797284Z     [7m181[0m     // @ts-expect-error - Address type issues in tests later
2025-02-28T11:13:39.7798305Z     [7m   [0m [91m    ~~~~~~~~~~~~~~~~~~~~~~~~~~~~~~~~~~~~~~~~~~~~~~~~~~~~~~~~[0m
2025-02-28T11:13:39.7798801Z 
2025-02-28T11:13:39.8688390Z PASS src/systems/__tests__/eventManager.test.ts
2025-02-28T11:13:39.8942276Z   ● Console
2025-02-28T11:13:39.8942509Z 
2025-02-28T11:13:39.8981410Z     console.warn
2025-02-28T11:13:39.8982592Z       Found inconsistency: Event inconsistent-event has ACTIVE status but is not in active list, fixing...
2025-02-28T11:13:39.8983294Z 
2025-02-28T11:13:39.8984375Z     [0m [90m 202 |[39m       [33mObject[39m[33m.[39mvalues(state[33m.[39mevents[33m.[39mavailableEvents)[33m.[39mforEach(event [33m=>[39m {
2025-02-28T11:13:39.8986606Z      [90m 203 |[39m         [36mif[39m (event[33m.[39mstatus [33m===[39m [33mEventStatus[39m[33m.[39m[33mACTIVE[39m [33m&&[39m [33m![39mstate[33m.[39mevents[33m.[39mactiveEvents[33m.[39mincludes(event[33m.[39mid)) {
2025-02-28T11:13:39.8988855Z     [31m[1m>[22m[39m[90m 204 |[39m           console[33m.[39mwarn([32m`Found inconsistency: Event ${event.id} has ACTIVE status but is not in active list, fixing...`[39m)[33m;[39m
2025-02-28T11:13:39.8990069Z      [90m     |[39m                   [31m[1m^[22m[39m
2025-02-28T11:13:39.8990858Z      [90m 205 |[39m           [90m// Either add to active list or fix status[39m
2025-02-28T11:13:39.8992220Z      [90m 206 |[39m           [36mthis[39m[33m.[39mdispatch([36mthis[39m[33m.[39mactions[33m.[39mupdateEvent({
2025-02-28T11:13:39.8993235Z      [90m 207 |[39m             id[33m:[39m event[33m.[39mid[33m,[39m[0m
2025-02-28T11:13:39.8993622Z 
2025-02-28T11:13:39.8993841Z       at src/systems/eventManager.ts:204:19
2025-02-28T11:13:39.8994346Z           at Array.forEach (<anonymous>)
2025-02-28T11:13:39.8995130Z       at EventManager.healEventInconsistencies (src/systems/eventManager.ts:202:51)
2025-02-28T11:13:39.8996067Z       at Object.<anonymous> (src/systems/__tests__/eventManager.test.ts:336:18)
2025-02-28T11:13:39.8996555Z 
2025-02-28T11:13:40.2682672Z PASS src/utils/__tests__/saveUtils.test.ts
2025-02-28T11:13:40.3230322Z   ● Console
2025-02-28T11:13:40.3230925Z 
2025-02-28T11:13:40.3231513Z     console.error
2025-02-28T11:13:40.3237495Z       Failed to save game: Error: Storage quota exceeded
2025-02-28T11:13:40.3238934Z           at Object.<anonymous> (/home/runner/work/idle-game/idle-game/src/utils/__tests__/saveUtils.test.ts:123:15)
2025-02-28T11:13:40.3240311Z           at /home/runner/work/idle-game/idle-game/node_modules/jest-mock/build/index.js:397:39
2025-02-28T11:13:40.3273549Z           at Object.<anonymous> (/home/runner/work/idle-game/idle-game/node_modules/jest-mock/build/index.js:404:13)
2025-02-28T11:13:40.3275176Z           at Object.mockConstructor [as setItem] (/home/runner/work/idle-game/idle-game/node_modules/jest-mock/build/index.js:108:19)
2025-02-28T11:13:40.3278000Z           at saveGame (/home/runner/work/idle-game/idle-game/src/utils/saveUtils.ts:56:18)
2025-02-28T11:13:40.3279276Z           at Object.<anonymous> (/home/runner/work/idle-game/idle-game/src/utils/__tests__/saveUtils.test.ts:127:30)
2025-02-28T11:13:40.3313706Z           at Promise.then.completed (/home/runner/work/idle-game/idle-game/node_modules/jest-circus/build/utils.js:298:28)
2025-02-28T11:13:40.3315188Z           at new Promise (<anonymous>)
2025-02-28T11:13:40.3316616Z           at callAsyncCircusFn (/home/runner/work/idle-game/idle-game/node_modules/jest-circus/build/utils.js:231:10)
2025-02-28T11:13:40.3318132Z           at _callCircusTest (/home/runner/work/idle-game/idle-game/node_modules/jest-circus/build/run.js:316:40)
2025-02-28T11:13:40.3319457Z           at processTicksAndRejections (node:internal/process/task_queues:95:5)
2025-02-28T11:13:40.3320729Z           at _runTest (/home/runner/work/idle-game/idle-game/node_modules/jest-circus/build/run.js:252:3)
2025-02-28T11:13:40.3322495Z           at _runTestsForDescribeBlock (/home/runner/work/idle-game/idle-game/node_modules/jest-circus/build/run.js:126:9)
2025-02-28T11:13:40.3324043Z           at _runTestsForDescribeBlock (/home/runner/work/idle-game/idle-game/node_modules/jest-circus/build/run.js:121:9)
2025-02-28T11:13:40.3325669Z           at _runTestsForDescribeBlock (/home/runner/work/idle-game/idle-game/node_modules/jest-circus/build/run.js:121:9)
2025-02-28T11:13:40.3327151Z           at run (/home/runner/work/idle-game/idle-game/node_modules/jest-circus/build/run.js:71:3)
2025-02-28T11:13:40.3328845Z           at runAndTransformResultsToJestFormat (/home/runner/work/idle-game/idle-game/node_modules/jest-circus/build/legacy-code-todo-rewrite/jestAdapterInit.js:122:21)
2025-02-28T11:13:40.3330764Z           at jestAdapter (/home/runner/work/idle-game/idle-game/node_modules/jest-circus/build/legacy-code-todo-rewrite/jestAdapter.js:79:19)
2025-02-28T11:13:40.3332364Z           at runTestInternal (/home/runner/work/idle-game/idle-game/node_modules/jest-runner/build/runTest.js:367:16)
2025-02-28T11:13:40.3333509Z           at runTest (/home/runner/work/idle-game/idle-game/node_modules/jest-runner/build/runTest.js:444:34)
2025-02-28T11:13:40.3334662Z           at Object.worker (/home/runner/work/idle-game/idle-game/node_modules/jest-runner/build/testWorker.js:106:12)
2025-02-28T11:13:40.3335283Z 
2025-02-28T11:13:40.3335771Z     [0m [90m 58 |[39m     [36mreturn[39m [36mtrue[39m[33m;[39m
2025-02-28T11:13:40.3336329Z      [90m 59 |[39m   } [36mcatch[39m (error) {
2025-02-28T11:13:40.3337200Z     [31m[1m>[22m[39m[90m 60 |[39m     console[33m.[39merror([32m'Failed to save game:'[39m[33m,[39m error)[33m;[39m
2025-02-28T11:13:40.3337969Z      [90m    |[39m             [31m[1m^[22m[39m
2025-02-28T11:13:40.3338534Z      [90m 61 |[39m     [36mreturn[39m [36mfalse[39m[33m;[39m
2025-02-28T11:13:40.3338987Z      [90m 62 |[39m   }
2025-02-28T11:13:40.3339357Z      [90m 63 |[39m }[0m
2025-02-28T11:13:40.3339555Z 
2025-02-28T11:13:40.3339766Z       at saveGame (src/utils/saveUtils.ts:60:13)
2025-02-28T11:13:40.3340330Z       at Object.<anonymous> (src/utils/__tests__/saveUtils.test.ts:127:30)
2025-02-28T11:13:40.3340718Z 
2025-02-28T11:13:40.3340830Z     console.error
2025-02-28T11:13:40.3341665Z       Failed to load game: SyntaxError: Unexpected token 'i', "invalid json data" is not valid JSON
2025-02-28T11:13:40.3342348Z           at JSON.parse (<anonymous>)
2025-02-28T11:13:40.3343033Z           at loadGame (/home/runner/work/idle-game/idle-game/src/utils/saveUtils.ts:79:37)
2025-02-28T11:13:40.3344325Z           at Object.<anonymous> (/home/runner/work/idle-game/idle-game/src/utils/__tests__/saveUtils.test.ts:164:30)
2025-02-28T11:13:40.3345545Z           at Promise.then.completed (/home/runner/work/idle-game/idle-game/node_modules/jest-circus/build/utils.js:298:28)
2025-02-28T11:13:40.3346328Z           at new Promise (<anonymous>)
2025-02-28T11:13:40.3347187Z           at callAsyncCircusFn (/home/runner/work/idle-game/idle-game/node_modules/jest-circus/build/utils.js:231:10)
2025-02-28T11:13:40.3348344Z           at _callCircusTest (/home/runner/work/idle-game/idle-game/node_modules/jest-circus/build/run.js:316:40)
2025-02-28T11:13:40.3349302Z           at processTicksAndRejections (node:internal/process/task_queues:95:5)
2025-02-28T11:13:40.3350228Z           at _runTest (/home/runner/work/idle-game/idle-game/node_modules/jest-circus/build/run.js:252:3)
2025-02-28T11:13:40.3351854Z           at _runTestsForDescribeBlock (/home/runner/work/idle-game/idle-game/node_modules/jest-circus/build/run.js:126:9)
2025-02-28T11:13:40.3353290Z           at _runTestsForDescribeBlock (/home/runner/work/idle-game/idle-game/node_modules/jest-circus/build/run.js:121:9)
2025-02-28T11:13:40.3354690Z           at _runTestsForDescribeBlock (/home/runner/work/idle-game/idle-game/node_modules/jest-circus/build/run.js:121:9)
2025-02-28T11:13:40.3355919Z           at run (/home/runner/work/idle-game/idle-game/node_modules/jest-circus/build/run.js:71:3)
2025-02-28T11:13:40.3357543Z           at runAndTransformResultsToJestFormat (/home/runner/work/idle-game/idle-game/node_modules/jest-circus/build/legacy-code-todo-rewrite/jestAdapterInit.js:122:21)
2025-02-28T11:13:40.3359399Z           at jestAdapter (/home/runner/work/idle-game/idle-game/node_modules/jest-circus/build/legacy-code-todo-rewrite/jestAdapter.js:79:19)
2025-02-28T11:13:40.3360805Z           at runTestInternal (/home/runner/work/idle-game/idle-game/node_modules/jest-runner/build/runTest.js:367:16)
2025-02-28T11:13:40.3362251Z           at runTest (/home/runner/work/idle-game/idle-game/node_modules/jest-runner/build/runTest.js:444:34)
2025-02-28T11:13:40.3363432Z           at Object.worker (/home/runner/work/idle-game/idle-game/node_modules/jest-runner/build/testWorker.js:106:12)
2025-02-28T11:13:40.3364074Z 
2025-02-28T11:13:40.3364480Z     [0m [90m 93 |[39m     [36mreturn[39m saveData[33m;[39m
2025-02-28T11:13:40.3365085Z      [90m 94 |[39m   } [36mcatch[39m (error) {
2025-02-28T11:13:40.3366049Z     [31m[1m>[22m[39m[90m 95 |[39m     console[33m.[39merror([32m'Failed to load game:'[39m[33m,[39m error)[33m;[39m
2025-02-28T11:13:40.3366870Z      [90m    |[39m             [31m[1m^[22m[39m
2025-02-28T11:13:40.3367503Z      [90m 96 |[39m     [36mreturn[39m [36mnull[39m[33m;[39m
2025-02-28T11:13:40.3367996Z      [90m 97 |[39m   }
2025-02-28T11:13:40.3368367Z      [90m 98 |[39m }[0m
2025-02-28T11:13:40.3368578Z 
2025-02-28T11:13:40.3368803Z       at loadGame (src/utils/saveUtils.ts:95:13)
2025-02-28T11:13:40.3369462Z       at Object.<anonymous> (src/utils/__tests__/saveUtils.test.ts:164:30)
2025-02-28T11:13:40.3369881Z 
2025-02-28T11:13:40.3370010Z     console.error
2025-02-28T11:13:40.3370402Z       Failed to delete save: Error: Storage error
2025-02-28T11:13:40.3371432Z           at Object.<anonymous> (/home/runner/work/idle-game/idle-game/src/utils/__tests__/saveUtils.test.ts:214:15)
2025-02-28T11:13:40.3372506Z           at /home/runner/work/idle-game/idle-game/node_modules/jest-mock/build/index.js:397:39
2025-02-28T11:13:40.3373597Z           at Object.<anonymous> (/home/runner/work/idle-game/idle-game/node_modules/jest-mock/build/index.js:404:13)
2025-02-28T11:13:40.3374924Z           at Object.mockConstructor [as removeItem] (/home/runner/work/idle-game/idle-game/node_modules/jest-mock/build/index.js:103:19)
2025-02-28T11:13:40.3376099Z           at deleteSave (/home/runner/work/idle-game/idle-game/src/utils/saveUtils.ts:105:18)
2025-02-28T11:13:40.3377184Z           at Object.<anonymous> (/home/runner/work/idle-game/idle-game/src/utils/__tests__/saveUtils.test.ts:218:32)
2025-02-28T11:13:40.3378638Z           at Promise.then.completed (/home/runner/work/idle-game/idle-game/node_modules/jest-circus/build/utils.js:298:28)
2025-02-28T11:13:40.3379478Z           at new Promise (<anonymous>)
2025-02-28T11:13:40.3380350Z           at callAsyncCircusFn (/home/runner/work/idle-game/idle-game/node_modules/jest-circus/build/utils.js:231:10)
2025-02-28T11:13:40.3381717Z           at _callCircusTest (/home/runner/work/idle-game/idle-game/node_modules/jest-circus/build/run.js:316:40)
2025-02-28T11:13:40.3382700Z           at processTicksAndRejections (node:internal/process/task_queues:95:5)
2025-02-28T11:13:40.3383652Z           at _runTest (/home/runner/work/idle-game/idle-game/node_modules/jest-circus/build/run.js:252:3)
2025-02-28T11:13:40.3384839Z           at _runTestsForDescribeBlock (/home/runner/work/idle-game/idle-game/node_modules/jest-circus/build/run.js:126:9)
2025-02-28T11:13:40.3386328Z           at _runTestsForDescribeBlock (/home/runner/work/idle-game/idle-game/node_modules/jest-circus/build/run.js:121:9)
2025-02-28T11:13:40.3387662Z           at _runTestsForDescribeBlock (/home/runner/work/idle-game/idle-game/node_modules/jest-circus/build/run.js:121:9)
2025-02-28T11:13:40.3388807Z           at run (/home/runner/work/idle-game/idle-game/node_modules/jest-circus/build/run.js:71:3)
2025-02-28T11:13:40.3390381Z           at runAndTransformResultsToJestFormat (/home/runner/work/idle-game/idle-game/node_modules/jest-circus/build/legacy-code-todo-rewrite/jestAdapterInit.js:122:21)
2025-02-28T11:13:40.3392363Z           at jestAdapter (/home/runner/work/idle-game/idle-game/node_modules/jest-circus/build/legacy-code-todo-rewrite/jestAdapter.js:79:19)
2025-02-28T11:13:40.3393851Z           at runTestInternal (/home/runner/work/idle-game/idle-game/node_modules/jest-runner/build/runTest.js:367:16)
2025-02-28T11:13:40.3395098Z           at runTest (/home/runner/work/idle-game/idle-game/node_modules/jest-runner/build/runTest.js:444:34)
2025-02-28T11:13:40.3396366Z           at Object.worker (/home/runner/work/idle-game/idle-game/node_modules/jest-runner/build/testWorker.js:106:12)
2025-02-28T11:13:40.3397046Z 
2025-02-28T11:13:40.3397478Z     [0m [90m 108 |[39m     [36mreturn[39m [36mtrue[39m[33m;[39m
2025-02-28T11:13:40.3398140Z      [90m 109 |[39m   } [36mcatch[39m (error) {
2025-02-28T11:13:40.3399185Z     [31m[1m>[22m[39m[90m 110 |[39m     console[33m.[39merror([32m'Failed to delete save:'[39m[33m,[39m error)[33m;[39m
2025-02-28T11:13:40.3400104Z      [90m     |[39m             [31m[1m^[22m[39m
2025-02-28T11:13:40.3400797Z      [90m 111 |[39m     [36mreturn[39m [36mfalse[39m[33m;[39m
2025-02-28T11:13:40.3401525Z      [90m 112 |[39m   }
2025-02-28T11:13:40.3401925Z      [90m 113 |[39m }[0m
2025-02-28T11:13:40.3402145Z 
2025-02-28T11:13:40.3402389Z       at deleteSave (src/utils/saveUtils.ts:110:13)
2025-02-28T11:13:40.3403072Z       at Object.<anonymous> (src/utils/__tests__/saveUtils.test.ts:218:32)
2025-02-28T11:13:40.3403524Z 
2025-02-28T11:13:40.3403647Z     console.error
2025-02-28T11:13:40.3404004Z       No backup found at index 0
2025-02-28T11:13:40.3404256Z 
2025-02-28T11:13:40.3404490Z     [0m [90m 165 |[39m     
2025-02-28T11:13:40.3405096Z      [90m 166 |[39m     [36mif[39m ([33m![39mserializedState) {
2025-02-28T11:13:40.3406270Z     [31m[1m>[22m[39m[90m 167 |[39m       console[33m.[39merror([32m'No backup found at index'[39m[33m,[39m backupIndex)[33m;[39m
2025-02-28T11:13:40.3407220Z      [90m     |[39m               [31m[1m^[22m[39m
2025-02-28T11:13:40.3407907Z      [90m 168 |[39m       [36mreturn[39m [36mnull[39m[33m;[39m
2025-02-28T11:13:40.3408432Z      [90m 169 |[39m     }
2025-02-28T11:13:40.3408863Z      [90m 170 |[39m     [0m
2025-02-28T11:13:40.3409096Z 
2025-02-28T11:13:40.3409382Z       at restoreFromBackup (src/utils/saveUtils.ts:167:15)
2025-02-28T11:13:40.3410111Z       at Object.<anonymous> (src/utils/__tests__/saveUtils.test.ts:272:39)
2025-02-28T11:13:40.3410915Z 
2025-02-28T11:13:40.3411200Z     console.error
2025-02-28T11:13:40.3411540Z       Invalid backup index
2025-02-28T11:13:40.3411771Z 
2025-02-28T11:13:40.3412058Z     [0m [90m 157 |[39m   [36mtry[39m {
2025-02-28T11:13:40.3412971Z      [90m 158 |[39m     [36mif[39m (backupIndex [33m>=[39m [33mBACKUP_SAVE_KEYS[39m[33m.[39mlength) {
2025-02-28T11:13:40.3414190Z     [31m[1m>[22m[39m[90m 159 |[39m       console[33m.[39merror([32m'Invalid backup index'[39m)[33m;[39m
2025-02-28T11:13:40.3415016Z      [90m     |[39m               [31m[1m^[22m[39m
2025-02-28T11:13:40.3415693Z      [90m 160 |[39m       [36mreturn[39m [36mnull[39m[33m;[39m
2025-02-28T11:13:40.3416245Z      [90m 161 |[39m     }
2025-02-28T11:13:40.3416685Z      [90m 162 |[39m     [0m
2025-02-28T11:13:40.3416915Z 
2025-02-28T11:13:40.3417200Z       at restoreFromBackup (src/utils/saveUtils.ts:159:15)
2025-02-28T11:13:40.3418109Z       at Object.<anonymous> (src/utils/__tests__/saveUtils.test.ts:280:39)
2025-02-28T11:13:40.3418573Z 
2025-02-28T11:13:40.3418697Z     console.error
2025-02-28T11:13:40.3419387Z       Failed to import save: SyntaxError: Unexpected token 'o', "not valid json" is not valid JSON
2025-02-28T11:13:40.3420123Z           at JSON.parse (<anonymous>)
2025-02-28T11:13:40.3420870Z           at importSave (/home/runner/work/idle-game/idle-game/src/utils/saveUtils.ts:197:37)
2025-02-28T11:13:40.3422094Z           at Object.<anonymous> (/home/runner/work/idle-game/idle-game/src/utils/__tests__/saveUtils.test.ts:324:32)
2025-02-28T11:13:40.3423320Z           at Promise.then.completed (/home/runner/work/idle-game/idle-game/node_modules/jest-circus/build/utils.js:298:28)
2025-02-28T11:13:40.3424147Z           at new Promise (<anonymous>)
2025-02-28T11:13:40.3425001Z           at callAsyncCircusFn (/home/runner/work/idle-game/idle-game/node_modules/jest-circus/build/utils.js:231:10)
2025-02-28T11:13:40.3426226Z           at _callCircusTest (/home/runner/work/idle-game/idle-game/node_modules/jest-circus/build/run.js:316:40)
2025-02-28T11:13:40.3427264Z           at processTicksAndRejections (node:internal/process/task_queues:95:5)
2025-02-28T11:13:40.3428276Z           at _runTest (/home/runner/work/idle-game/idle-game/node_modules/jest-circus/build/run.js:252:3)
2025-02-28T11:13:40.3429528Z           at _runTestsForDescribeBlock (/home/runner/work/idle-game/idle-game/node_modules/jest-circus/build/run.js:126:9)
2025-02-28T11:13:40.3431241Z           at _runTestsForDescribeBlock (/home/runner/work/idle-game/idle-game/node_modules/jest-circus/build/run.js:121:9)
2025-02-28T11:13:40.3432696Z           at _runTestsForDescribeBlock (/home/runner/work/idle-game/idle-game/node_modules/jest-circus/build/run.js:121:9)
2025-02-28T11:13:40.3433874Z           at run (/home/runner/work/idle-game/idle-game/node_modules/jest-circus/build/run.js:71:3)
2025-02-28T11:13:40.3435508Z           at runAndTransformResultsToJestFormat (/home/runner/work/idle-game/idle-game/node_modules/jest-circus/build/legacy-code-todo-rewrite/jestAdapterInit.js:122:21)
2025-02-28T11:13:40.3437381Z           at jestAdapter (/home/runner/work/idle-game/idle-game/node_modules/jest-circus/build/legacy-code-todo-rewrite/jestAdapter.js:79:19)
2025-02-28T11:13:40.3438813Z           at runTestInternal (/home/runner/work/idle-game/idle-game/node_modules/jest-runner/build/runTest.js:367:16)
2025-02-28T11:13:40.3440039Z           at runTest (/home/runner/work/idle-game/idle-game/node_modules/jest-runner/build/runTest.js:444:34)
2025-02-28T11:13:40.3441466Z           at Object.worker (/home/runner/work/idle-game/idle-game/node_modules/jest-runner/build/testWorker.js:106:12)
2025-02-28T11:13:40.3442177Z 
2025-02-28T11:13:40.3442634Z     [0m [90m 208 |[39m     [36mreturn[39m saveData[33m;[39m
2025-02-28T11:13:40.3443330Z      [90m 209 |[39m   } [36mcatch[39m (error) {
2025-02-28T11:13:40.3444380Z     [31m[1m>[22m[39m[90m 210 |[39m     console[33m.[39merror([32m'Failed to import save:'[39m[33m,[39m error)[33m;[39m
2025-02-28T11:13:40.3445599Z      [90m     |[39m             [31m[1m^[22m[39m
2025-02-28T11:13:40.3446321Z      [90m 211 |[39m     [36mreturn[39m [36mnull[39m[33m;[39m
2025-02-28T11:13:40.3446871Z      [90m 212 |[39m   }
2025-02-28T11:13:40.3447277Z      [90m 213 |[39m }[0m
2025-02-28T11:13:40.3447698Z 
2025-02-28T11:13:40.3447969Z       at importSave (src/utils/saveUtils.ts:210:13)
2025-02-28T11:13:40.3448668Z       at Object.<anonymous> (src/utils/__tests__/saveUtils.test.ts:324:32)
2025-02-28T11:13:40.3449111Z 
2025-02-28T11:13:40.3449253Z     console.error
2025-02-28T11:13:40.3449612Z       Invalid save data format
2025-02-28T11:13:40.3449876Z 
2025-02-28T11:13:40.3450277Z     [0m [90m 199 |[39m     [90m// Validate the data[39m
2025-02-28T11:13:40.3451947Z      [90m 200 |[39m     [36mif[39m ([33m![39msaveData [33m||[39m [33m![39msaveData[33m.[39mversion [33m||[39m [33m![39msaveData[33m.[39mstate) {
2025-02-28T11:13:40.3453284Z     [31m[1m>[22m[39m[90m 201 |[39m       console[33m.[39merror([32m'Invalid save data format'[39m)[33m;[39m
2025-02-28T11:13:40.3454076Z      [90m     |[39m               [31m[1m^[22m[39m
2025-02-28T11:13:40.3454718Z      [90m 202 |[39m       [36mreturn[39m [36mnull[39m[33m;[39m
2025-02-28T11:13:40.3455212Z      [90m 203 |[39m     }
2025-02-28T11:13:40.3455667Z      [90m 204 |[39m     [0m
2025-02-28T11:13:40.3455891Z 
2025-02-28T11:13:40.3456123Z       at importSave (src/utils/saveUtils.ts:201:15)
2025-02-28T11:13:40.3456776Z       at Object.<anonymous> (src/utils/__tests__/saveUtils.test.ts:335:32)
2025-02-28T11:13:40.3457181Z 
2025-02-28T11:13:40.7334173Z FAIL src/managers/TaskManager.test.ts
2025-02-28T11:13:40.7334962Z   ● Test suite failed to run
2025-02-28T11:13:40.7335217Z 
2025-02-28T11:13:40.7336021Z     [96msrc/utils/resourceUtils.ts[0m:[93m153[0m:[93m5[0m - [91merror[0m[90m TS2578: [0mUnused '@ts-expect-error' directive.
2025-02-28T11:13:40.7336700Z 
2025-02-28T11:13:40.7337126Z     [7m153[0m     // @ts-expect-error - Address type issues in tests later
2025-02-28T11:13:40.7337846Z     [7m   [0m [91m    ~~~~~~~~~~~~~~~~~~~~~~~~~~~~~~~~~~~~~~~~~~~~~~~~~~~~~~~~[0m
2025-02-28T11:13:40.7338951Z     [96msrc/utils/resourceUtils.ts[0m:[93m181[0m:[93m5[0m - [91merror[0m[90m TS2578: [0mUnused '@ts-expect-error' directive.
2025-02-28T11:13:40.7339578Z 
2025-02-28T11:13:40.7340014Z     [7m181[0m     // @ts-expect-error - Address type issues in tests later
2025-02-28T11:13:40.7340793Z     [7m   [0m [91m    ~~~~~~~~~~~~~~~~~~~~~~~~~~~~~~~~~~~~~~~~~~~~~~~~~~~~~~~~[0m
2025-02-28T11:13:40.7341338Z 
2025-02-28T11:13:40.9760349Z PASS src/state/middleware/taskMiddleware.test.ts
2025-02-28T11:13:41.0256295Z FAIL src/gameCore.integration.test.tsx
2025-02-28T11:13:41.0257161Z   ● Test suite failed to run
2025-02-28T11:13:41.0257426Z 
2025-02-28T11:13:41.0258329Z     [96msrc/utils/testUtils.ts[0m:[93m78[0m:[93m5[0m - [91merror[0m[90m TS2578: [0mUnused '@ts-expect-error' directive.
2025-02-28T11:13:41.0259035Z 
2025-02-28T11:13:41.0259539Z     [7m78[0m     // @ts-expect-error - Accessing private field for testing
2025-02-28T11:13:41.0260435Z     [7m  [0m [91m    ~~~~~~~~~~~~~~~~~~~~~~~~~~~~~~~~~~~~~~~~~~~~~~~~~~~~~~~~~[0m
2025-02-28T11:13:41.0261906Z     [96msrc/utils/testUtils.ts[0m:[93m108[0m:[93m7[0m - [91merror[0m[90m TS2578: [0mUnused '@ts-expect-error' directive.
2025-02-28T11:13:41.0262592Z 
2025-02-28T11:13:41.0263129Z     [7m108[0m       // @ts-expect-error - Accessing private constructor for testing
2025-02-28T11:13:41.0264017Z     [7m   [0m [91m      ~~~~~~~~~~~~~~~~~~~~~~~~~~~~~~~~~~~~~~~~~~~~~~~~~~~~~~~~~~~~~~~[0m
2025-02-28T11:13:41.0265295Z     [96msrc/utils/testUtils.ts[0m:[93m114[0m:[93m7[0m - [91merror[0m[90m TS2578: [0mUnused '@ts-expect-error' directive.
2025-02-28T11:13:41.0265997Z 
2025-02-28T11:13:41.0266587Z     [7m114[0m       // @ts-expect-error - Setting private static field for testing
2025-02-28T11:13:41.0267565Z     [7m   [0m [91m      ~~~~~~~~~~~~~~~~~~~~~~~~~~~~~~~~~~~~~~~~~~~~~~~~~~~~~~~~~~~~~~[0m
2025-02-28T11:13:41.0268604Z 
2025-02-28T11:13:41.4493087Z PASS src/tests/gameSystemCoherenceTest.test.ts
2025-02-28T11:13:41.5297037Z PASS src/core/GameManager.test.ts
2025-02-28T11:13:41.5678184Z   ● Console
2025-02-28T11:13:41.5701606Z 
2025-02-28T11:13:41.5701915Z     console.log
2025-02-28T11:13:41.5702437Z       GameManager: Started time scale sync interval
2025-02-28T11:13:41.5702813Z 
2025-02-28T11:13:41.5703227Z       at GameManager.startTimeScaleSync (src/core/GameManager.ts:269:15)
2025-02-28T11:13:41.5703728Z 
2025-02-28T11:13:41.5703867Z     console.log
2025-02-28T11:13:41.5704324Z       GameManager: Started Redux time sync interval
2025-02-28T11:13:41.5704673Z 
2025-02-28T11:13:41.5705079Z       at GameManager.startReduxTimeSync (src/core/GameManager.ts:309:15)
2025-02-28T11:13:41.5705582Z 
2025-02-28T11:13:41.5705724Z     console.error
2025-02-28T11:13:41.5707264Z       Error checking all progression items: TypeError: Cannot read properties of undefined (reading 'milestoneIds')
2025-02-28T11:13:41.5708670Z           at selectMilestoneIds (/home/runner/work/idle-game/idle-game/src/redux/progressionSlice.ts:199:92)
2025-02-28T11:13:41.5710086Z           at collectInputSelectorResults (/home/runner/work/idle-game/idle-game/node_modules/reselect/src/utils.ts:122:47)
2025-02-28T11:13:41.5711964Z           at dependenciesChecker (/home/runner/work/idle-game/idle-game/node_modules/reselect/src/createSelectorCreator.ts:405:36)
2025-02-28T11:13:41.5713402Z           at memoized (/home/runner/work/idle-game/idle-game/node_modules/reselect/src/weakMapMemoize.ts:228:21)
2025-02-28T11:13:41.5714769Z           at collectInputSelectorResults (/home/runner/work/idle-game/idle-game/node_modules/reselect/src/utils.ts:122:47)
2025-02-28T11:13:41.5716339Z           at dependenciesChecker (/home/runner/work/idle-game/idle-game/node_modules/reselect/src/createSelectorCreator.ts:405:36)
2025-02-28T11:13:41.5717751Z           at memoized (/home/runner/work/idle-game/idle-game/node_modules/reselect/src/weakMapMemoize.ts:228:21)
2025-02-28T11:13:41.5720476Z           at ProgressionManager.checkAllProgressionItems (/home/runner/work/idle-game/idle-game/src/managers/progression/ProgressionManager.ts:710:56)
2025-02-28T11:13:41.5722420Z           at GameManager.updateResourceSystem (/home/runner/work/idle-game/idle-game/src/core/GameManager.ts:471:30)
2025-02-28T11:13:41.5723726Z           at GameManager.update (/home/runner/work/idle-game/idle-game/src/core/GameManager.ts:420:12)
2025-02-28T11:13:41.5724902Z           at Object.<anonymous> (/home/runner/work/idle-game/idle-game/src/core/GameManager.test.ts:110:5)
2025-02-28T11:13:41.5726215Z           at Promise.then.completed (/home/runner/work/idle-game/idle-game/node_modules/jest-circus/build/utils.js:298:28)
2025-02-28T11:13:41.5727145Z           at new Promise (<anonymous>)
2025-02-28T11:13:41.5728124Z           at callAsyncCircusFn (/home/runner/work/idle-game/idle-game/node_modules/jest-circus/build/utils.js:231:10)
2025-02-28T11:13:41.5729481Z           at _callCircusTest (/home/runner/work/idle-game/idle-game/node_modules/jest-circus/build/run.js:316:40)
2025-02-28T11:13:41.5730587Z           at processTicksAndRejections (node:internal/process/task_queues:95:5)
2025-02-28T11:13:41.5734702Z           at _runTest (/home/runner/work/idle-game/idle-game/node_modules/jest-circus/build/run.js:252:3)
2025-02-28T11:13:41.5735995Z           at _runTestsForDescribeBlock (/home/runner/work/idle-game/idle-game/node_modules/jest-circus/build/run.js:126:9)
2025-02-28T11:13:41.5737408Z           at _runTestsForDescribeBlock (/home/runner/work/idle-game/idle-game/node_modules/jest-circus/build/run.js:121:9)
2025-02-28T11:13:41.5738614Z           at run (/home/runner/work/idle-game/idle-game/node_modules/jest-circus/build/run.js:71:3)
2025-02-28T11:13:41.5740285Z           at runAndTransformResultsToJestFormat (/home/runner/work/idle-game/idle-game/node_modules/jest-circus/build/legacy-code-todo-rewrite/jestAdapterInit.js:122:21)
2025-02-28T11:13:41.5742671Z           at jestAdapter (/home/runner/work/idle-game/idle-game/node_modules/jest-circus/build/legacy-code-todo-rewrite/jestAdapter.js:79:19)
2025-02-28T11:13:41.5744176Z           at runTestInternal (/home/runner/work/idle-game/idle-game/node_modules/jest-runner/build/runTest.js:367:16)
2025-02-28T11:13:41.5745421Z           at runTest (/home/runner/work/idle-game/idle-game/node_modules/jest-runner/build/runTest.js:444:34)
2025-02-28T11:13:41.5746660Z           at Object.worker (/home/runner/work/idle-game/idle-game/node_modules/jest-runner/build/testWorker.js:106:12)
2025-02-28T11:13:41.5747337Z 
2025-02-28T11:13:41.5747661Z     [0m [90m 725 |[39m       }
2025-02-28T11:13:41.5748212Z      [90m 726 |[39m     } [36mcatch[39m (error) {
2025-02-28T11:13:41.5749682Z     [31m[1m>[22m[39m[90m 727 |[39m       console[33m.[39merror([32m'Error checking all progression items:'[39m[33m,[39m error)[33m;[39m
2025-02-28T11:13:41.5750658Z      [90m     |[39m               [31m[1m^[22m[39m
2025-02-28T11:13:41.5751299Z      [90m 728 |[39m     }
2025-02-28T11:13:41.5751693Z      [90m 729 |[39m     
2025-02-28T11:13:41.5752346Z      [90m 730 |[39m     [36mif[39m (itemsUpdated [33m>[39m [35m0[39m) {[0m
2025-02-28T11:13:41.5752745Z 
2025-02-28T11:13:41.5753462Z       at ProgressionManager.checkAllProgressionItems (src/managers/progression/ProgressionManager.ts:727:15)
2025-02-28T11:13:41.5754634Z       at GameManager.updateResourceSystem (src/core/GameManager.ts:471:30)
2025-02-28T11:13:41.5755467Z       at GameManager.update (src/core/GameManager.ts:420:12)
2025-02-28T11:13:41.5756158Z       at Object.<anonymous> (src/core/GameManager.test.ts:110:5)
2025-02-28T11:13:41.5756553Z 
2025-02-28T11:13:41.5756681Z     console.error
2025-02-28T11:13:41.5757537Z       Error checking all progression items: TypeError: Cannot read properties of undefined (reading 'milestoneIds')
2025-02-28T11:13:41.5758848Z           at selectMilestoneIds (/home/runner/work/idle-game/idle-game/src/redux/progressionSlice.ts:199:92)
2025-02-28T11:13:41.5760225Z           at collectInputSelectorResults (/home/runner/work/idle-game/idle-game/node_modules/reselect/src/utils.ts:122:47)
2025-02-28T11:13:41.5782146Z           at dependenciesChecker (/home/runner/work/idle-game/idle-game/node_modules/reselect/src/createSelectorCreator.ts:405:36)
2025-02-28T11:13:41.5783557Z           at memoized (/home/runner/work/idle-game/idle-game/node_modules/reselect/src/weakMapMemoize.ts:228:21)
2025-02-28T11:13:41.5784923Z           at collectInputSelectorResults (/home/runner/work/idle-game/idle-game/node_modules/reselect/src/utils.ts:122:47)
2025-02-28T11:13:41.5786410Z           at dependenciesChecker (/home/runner/work/idle-game/idle-game/node_modules/reselect/src/createSelectorCreator.ts:405:36)
2025-02-28T11:13:41.5787840Z           at memoized (/home/runner/work/idle-game/idle-game/node_modules/reselect/src/weakMapMemoize.ts:228:21)
2025-02-28T11:13:41.5789456Z           at ProgressionManager.checkAllProgressionItems (/home/runner/work/idle-game/idle-game/src/managers/progression/ProgressionManager.ts:710:56)
2025-02-28T11:13:41.5791269Z           at GameManager.updateResourceSystem (/home/runner/work/idle-game/idle-game/src/core/GameManager.ts:471:30)
2025-02-28T11:13:41.5792561Z           at Object.<anonymous> (/home/runner/work/idle-game/idle-game/src/core/GameManager.test.ts:133:26)
2025-02-28T11:13:41.5793867Z           at Promise.then.completed (/home/runner/work/idle-game/idle-game/node_modules/jest-circus/build/utils.js:298:28)
2025-02-28T11:13:41.5794805Z           at new Promise (<anonymous>)
2025-02-28T11:13:41.5795782Z           at callAsyncCircusFn (/home/runner/work/idle-game/idle-game/node_modules/jest-circus/build/utils.js:231:10)
2025-02-28T11:13:41.5797096Z           at _callCircusTest (/home/runner/work/idle-game/idle-game/node_modules/jest-circus/build/run.js:316:40)
2025-02-28T11:13:41.5798261Z           at processTicksAndRejections (node:internal/process/task_queues:95:5)
2025-02-28T11:13:41.5799608Z           at _runTest (/home/runner/work/idle-game/idle-game/node_modules/jest-circus/build/run.js:252:3)
2025-02-28T11:13:41.5800937Z           at _runTestsForDescribeBlock (/home/runner/work/idle-game/idle-game/node_modules/jest-circus/build/run.js:126:9)
2025-02-28T11:13:41.5802596Z           at _runTestsForDescribeBlock (/home/runner/work/idle-game/idle-game/node_modules/jest-circus/build/run.js:121:9)
2025-02-28T11:13:41.5803858Z           at run (/home/runner/work/idle-game/idle-game/node_modules/jest-circus/build/run.js:71:3)
2025-02-28T11:13:41.5805532Z           at runAndTransformResultsToJestFormat (/home/runner/work/idle-game/idle-game/node_modules/jest-circus/build/legacy-code-todo-rewrite/jestAdapterInit.js:122:21)
2025-02-28T11:13:41.5807476Z           at jestAdapter (/home/runner/work/idle-game/idle-game/node_modules/jest-circus/build/legacy-code-todo-rewrite/jestAdapter.js:79:19)
2025-02-28T11:13:41.5809298Z           at runTestInternal (/home/runner/work/idle-game/idle-game/node_modules/jest-runner/build/runTest.js:367:16)
2025-02-28T11:13:41.5810639Z           at runTest (/home/runner/work/idle-game/idle-game/node_modules/jest-runner/build/runTest.js:444:34)
2025-02-28T11:13:41.5862369Z           at Object.worker (/home/runner/work/idle-game/idle-game/node_modules/jest-runner/build/testWorker.js:106:12)
2025-02-28T11:13:41.5863078Z 
2025-02-28T11:13:41.5863476Z     [0m [90m 725 |[39m       }
2025-02-28T11:13:41.5864043Z      [90m 726 |[39m     } [36mcatch[39m (error) {
2025-02-28T11:13:41.5865246Z     [31m[1m>[22m[39m[90m 727 |[39m       console[33m.[39merror([32m'Error checking all progression items:'[39m[33m,[39m error)[33m;[39m
2025-02-28T11:13:41.5866254Z      [90m     |[39m               [31m[1m^[22m[39m
2025-02-28T11:13:41.5866751Z      [90m 728 |[39m     }
2025-02-28T11:13:41.5867149Z      [90m 729 |[39m     
2025-02-28T11:13:41.5867826Z      [90m 730 |[39m     [36mif[39m (itemsUpdated [33m>[39m [35m0[39m) {[0m
2025-02-28T11:13:41.5868239Z 
2025-02-28T11:13:41.5868961Z       at ProgressionManager.checkAllProgressionItems (src/managers/progression/ProgressionManager.ts:727:15)
2025-02-28T11:13:41.5870097Z       at GameManager.updateResourceSystem (src/core/GameManager.ts:471:30)
2025-02-28T11:13:41.5870904Z       at Object.<anonymous> (src/core/GameManager.test.ts:133:26)
2025-02-28T11:13:41.5871476Z 
2025-02-28T11:13:41.5871603Z     console.error
2025-02-28T11:13:41.5872425Z       Error checking all progression items: TypeError: Cannot read properties of undefined (reading 'milestoneIds')
2025-02-28T11:13:41.5873689Z           at selectMilestoneIds (/home/runner/work/idle-game/idle-game/src/redux/progressionSlice.ts:199:92)
2025-02-28T11:13:41.5875029Z           at collectInputSelectorResults (/home/runner/work/idle-game/idle-game/node_modules/reselect/src/utils.ts:122:47)
2025-02-28T11:13:41.5876519Z           at dependenciesChecker (/home/runner/work/idle-game/idle-game/node_modules/reselect/src/createSelectorCreator.ts:405:36)
2025-02-28T11:13:41.5877875Z           at memoized (/home/runner/work/idle-game/idle-game/node_modules/reselect/src/weakMapMemoize.ts:228:21)
2025-02-28T11:13:41.5879190Z           at collectInputSelectorResults (/home/runner/work/idle-game/idle-game/node_modules/reselect/src/utils.ts:122:47)
2025-02-28T11:13:41.5880662Z           at dependenciesChecker (/home/runner/work/idle-game/idle-game/node_modules/reselect/src/createSelectorCreator.ts:405:36)
2025-02-28T11:13:41.5882218Z           at memoized (/home/runner/work/idle-game/idle-game/node_modules/reselect/src/weakMapMemoize.ts:228:21)
2025-02-28T11:13:41.5883844Z           at ProgressionManager.checkAllProgressionItems (/home/runner/work/idle-game/idle-game/src/managers/progression/ProgressionManager.ts:710:56)
2025-02-28T11:13:41.5885529Z           at GameManager.updateResourceSystem (/home/runner/work/idle-game/idle-game/src/core/GameManager.ts:471:30)
2025-02-28T11:13:41.5886855Z           at Object.<anonymous> (/home/runner/work/idle-game/idle-game/src/core/GameManager.test.ts:153:26)
2025-02-28T11:13:41.5888428Z           at Promise.then.completed (/home/runner/work/idle-game/idle-game/node_modules/jest-circus/build/utils.js:298:28)
2025-02-28T11:13:41.5889352Z           at new Promise (<anonymous>)
2025-02-28T11:13:41.5890311Z           at callAsyncCircusFn (/home/runner/work/idle-game/idle-game/node_modules/jest-circus/build/utils.js:231:10)
2025-02-28T11:13:41.5922026Z           at _callCircusTest (/home/runner/work/idle-game/idle-game/node_modules/jest-circus/build/run.js:316:40)
2025-02-28T11:13:41.5923163Z           at processTicksAndRejections (node:internal/process/task_queues:95:5)
2025-02-28T11:13:41.5924213Z           at _runTest (/home/runner/work/idle-game/idle-game/node_modules/jest-circus/build/run.js:252:3)
2025-02-28T11:13:41.5925509Z           at _runTestsForDescribeBlock (/home/runner/work/idle-game/idle-game/node_modules/jest-circus/build/run.js:126:9)
2025-02-28T11:13:41.5927141Z           at _runTestsForDescribeBlock (/home/runner/work/idle-game/idle-game/node_modules/jest-circus/build/run.js:121:9)
2025-02-28T11:13:41.5928391Z           at run (/home/runner/work/idle-game/idle-game/node_modules/jest-circus/build/run.js:71:3)
2025-02-28T11:13:41.5930023Z           at runAndTransformResultsToJestFormat (/home/runner/work/idle-game/idle-game/node_modules/jest-circus/build/legacy-code-todo-rewrite/jestAdapterInit.js:122:21)
2025-02-28T11:13:41.5932084Z           at jestAdapter (/home/runner/work/idle-game/idle-game/node_modules/jest-circus/build/legacy-code-todo-rewrite/jestAdapter.js:79:19)
2025-02-28T11:13:41.5933548Z           at runTestInternal (/home/runner/work/idle-game/idle-game/node_modules/jest-runner/build/runTest.js:367:16)
2025-02-28T11:13:41.5934780Z           at runTest (/home/runner/work/idle-game/idle-game/node_modules/jest-runner/build/runTest.js:444:34)
2025-02-28T11:13:41.5936009Z           at Object.worker (/home/runner/work/idle-game/idle-game/node_modules/jest-runner/build/testWorker.js:106:12)
2025-02-28T11:13:41.5936715Z 
2025-02-28T11:13:41.5937009Z     [0m [90m 725 |[39m       }
2025-02-28T11:13:41.5937560Z      [90m 726 |[39m     } [36mcatch[39m (error) {
2025-02-28T11:13:41.5938746Z     [31m[1m>[22m[39m[90m 727 |[39m       console[33m.[39merror([32m'Error checking all progression items:'[39m[33m,[39m error)[33m;[39m
2025-02-28T11:13:41.5939741Z      [90m     |[39m               [31m[1m^[22m[39m
2025-02-28T11:13:41.5940240Z      [90m 728 |[39m     }
2025-02-28T11:13:41.5940643Z      [90m 729 |[39m     
2025-02-28T11:13:41.5941478Z      [90m 730 |[39m     [36mif[39m (itemsUpdated [33m>[39m [35m0[39m) {[0m
2025-02-28T11:13:41.5941918Z 
2025-02-28T11:13:41.5942642Z       at ProgressionManager.checkAllProgressionItems (src/managers/progression/ProgressionManager.ts:727:15)
2025-02-28T11:13:41.5943855Z       at GameManager.updateResourceSystem (src/core/GameManager.ts:471:30)
2025-02-28T11:13:41.5944711Z       at Object.<anonymous> (src/core/GameManager.test.ts:153:26)
2025-02-28T11:13:41.5945139Z 
2025-02-28T11:13:41.6366126Z PASS src/state/selectors.test.ts
2025-02-28T11:13:41.9278705Z PASS src/core/GameTimer.test.ts
2025-02-28T11:13:42.1284759Z FAIL src/systems/__tests__/oppressionSystem.test.ts
2025-02-28T11:13:42.1302064Z   ● Test suite failed to run
2025-02-28T11:13:42.1311976Z 
2025-02-28T11:13:42.1313125Z     [96msrc/utils/testUtils.ts[0m:[93m78[0m:[93m5[0m - [91merror[0m[90m TS2578: [0mUnused '@ts-expect-error' directive.
2025-02-28T11:13:42.1314004Z 
2025-02-28T11:13:42.1314649Z     [7m78[0m     // @ts-expect-error - Accessing private field for testing
2025-02-28T11:13:42.1315647Z     [7m  [0m [91m    ~~~~~~~~~~~~~~~~~~~~~~~~~~~~~~~~~~~~~~~~~~~~~~~~~~~~~~~~~[0m
2025-02-28T11:13:42.1316963Z     [96msrc/utils/testUtils.ts[0m:[93m108[0m:[93m7[0m - [91merror[0m[90m TS2578: [0mUnused '@ts-expect-error' directive.
2025-02-28T11:13:42.1317809Z 
2025-02-28T11:13:42.1318562Z     [7m108[0m       // @ts-expect-error - Accessing private constructor for testing
2025-02-28T11:13:42.1320148Z     [7m   [0m [91m      ~~~~~~~~~~~~~~~~~~~~~~~~~~~~~~~~~~~~~~~~~~~~~~~~~~~~~~~~~~~~~~~[0m
2025-02-28T11:13:42.1322163Z     [96msrc/utils/testUtils.ts[0m:[93m114[0m:[93m7[0m - [91merror[0m[90m TS2578: [0mUnused '@ts-expect-error' directive.
2025-02-28T11:13:42.1323055Z 
2025-02-28T11:13:42.1323788Z     [7m114[0m       // @ts-expect-error - Setting private static field for testing
2025-02-28T11:13:42.1324931Z     [7m   [0m [91m      ~~~~~~~~~~~~~~~~~~~~~~~~~~~~~~~~~~~~~~~~~~~~~~~~~~~~~~~~~~~~~~[0m
2025-02-28T11:13:42.1325518Z 
2025-02-28T11:13:42.5130407Z FAIL src/workers.integration.test.tsx
2025-02-28T11:13:42.5132229Z   ● Test suite failed to run
2025-02-28T11:13:42.5132699Z 
2025-02-28T11:13:42.5133682Z     [96msrc/utils/testUtils.ts[0m:[93m78[0m:[93m5[0m - [91merror[0m[90m TS2578: [0mUnused '@ts-expect-error' directive.
2025-02-28T11:13:42.5134609Z 
2025-02-28T11:13:42.5135614Z     [7m78[0m     // @ts-expect-error - Accessing private field for testing
2025-02-28T11:13:42.5232173Z     [7m  [0m [91m    ~~~~~~~~~~~~~~~~~~~~~~~~~~~~~~~~~~~~~~~~~~~~~~~~~~~~~~~~~[0m
2025-02-28T11:13:42.5242716Z     [96msrc/utils/testUtils.ts[0m:[93m108[0m:[93m7[0m - [91merror[0m[90m TS2578: [0mUnused '@ts-expect-error' directive.
2025-02-28T11:13:42.5243425Z 
2025-02-28T11:13:42.5243988Z     [7m108[0m       // @ts-expect-error - Accessing private constructor for testing
2025-02-28T11:13:42.5244938Z     [7m   [0m [91m      ~~~~~~~~~~~~~~~~~~~~~~~~~~~~~~~~~~~~~~~~~~~~~~~~~~~~~~~~~~~~~~~[0m
2025-02-28T11:13:42.5246171Z     [96msrc/utils/testUtils.ts[0m:[93m114[0m:[93m7[0m - [91merror[0m[90m TS2578: [0mUnused '@ts-expect-error' directive.
2025-02-28T11:13:42.5246837Z 
2025-02-28T11:13:42.5247365Z     [7m114[0m       // @ts-expect-error - Setting private static field for testing
2025-02-28T11:13:42.5252004Z     [7m   [0m [91m      ~~~~~~~~~~~~~~~~~~~~~~~~~~~~~~~~~~~~~~~~~~~~~~~~~~~~~~~~~~~~~~[0m
2025-02-28T11:13:42.5252418Z 
2025-02-28T11:13:43.0174397Z FAIL src/systems/__tests__/gameLoop.test.ts
2025-02-28T11:13:43.0179178Z   ● Test suite failed to run
2025-02-28T11:13:43.0183291Z 
2025-02-28T11:13:43.0187758Z     [96msrc/utils/testUtils.ts[0m:[93m78[0m:[93m5[0m - [91merror[0m[90m TS2578: [0mUnused '@ts-expect-error' directive.
2025-02-28T11:13:43.0192381Z 
2025-02-28T11:13:43.0194198Z     [7m78[0m     // @ts-expect-error - Accessing private field for testing
2025-02-28T11:13:43.0196602Z     [7m  [0m [91m    ~~~~~~~~~~~~~~~~~~~~~~~~~~~~~~~~~~~~~~~~~~~~~~~~~~~~~~~~~[0m
2025-02-28T11:13:43.0202087Z     [96msrc/utils/testUtils.ts[0m:[93m108[0m:[93m7[0m - [91merror[0m[90m TS2578: [0mUnused '@ts-expect-error' directive.
2025-02-28T11:13:43.0206322Z 
2025-02-28T11:13:43.0209240Z     [7m108[0m       // @ts-expect-error - Accessing private constructor for testing
2025-02-28T11:13:43.0212846Z     [7m   [0m [91m      ~~~~~~~~~~~~~~~~~~~~~~~~~~~~~~~~~~~~~~~~~~~~~~~~~~~~~~~~~~~~~~~[0m
2025-02-28T11:13:43.0214986Z     [96msrc/utils/testUtils.ts[0m:[93m114[0m:[93m7[0m - [91merror[0m[90m TS2578: [0mUnused '@ts-expect-error' directive.
2025-02-28T11:13:43.0216305Z 
2025-02-28T11:13:43.0217264Z     [7m114[0m       // @ts-expect-error - Setting private static field for testing
2025-02-28T11:13:43.0218460Z     [7m   [0m [91m      ~~~~~~~~~~~~~~~~~~~~~~~~~~~~~~~~~~~~~~~~~~~~~~~~~~~~~~~~~~~~~~[0m
2025-02-28T11:13:43.0219118Z 
2025-02-28T11:13:43.0506897Z PASS src/components/progression/__tests__/ProgressionTracker.test.tsx
2025-02-28T11:13:43.4650870Z PASS src/utils/__tests__/timeUtils.test.ts
2025-02-28T11:13:43.6693224Z PASS src/systems/__tests__/gameEndConditions.test.ts
2025-02-28T11:13:43.7525749Z PASS src/components/buildings/__tests__/BuildingItem.test.tsx
2025-02-28T11:13:43.8766319Z PASS src/state/structuresSlice.test.ts
2025-02-28T11:13:44.6645547Z PASS src/components/ResourceList.test.tsx
2025-02-28T11:13:45.0996891Z PASS src/components/buildings/__tests__/BuildingList.test.tsx
2025-02-28T11:13:45.6382683Z FAIL src/components/__tests__/GameTimer.test.tsx
2025-02-28T11:13:45.6384266Z   ● Test suite failed to run
2025-02-28T11:13:45.6384637Z 
2025-02-28T11:13:45.6385703Z     [96msrc/components/GameTimer.tsx[0m:[93m4[0m:[93m1[0m - [91merror[0m[90m TS1185: [0mMerge conflict marker encountered.
2025-02-28T11:13:45.6386407Z 
2025-02-28T11:13:45.6386805Z     [7m4[0m >>>>>>> 913f8f829de658714bbc42cde32fd3bbb51a7e28
2025-02-28T11:13:45.6387374Z     [7m [0m [91m~~~~~~~[0m
2025-02-28T11:13:45.6387619Z 
2025-02-28T11:13:45.8469578Z PASS src/components/ResourceDisplay.test.tsx
2025-02-28T11:13:46.0057128Z PASS src/components/progression/__tests__/MilestoneProgressStrip.test.tsx
2025-02-28T11:13:46.4602579Z PASS src/components/__tests__/OfflineProgressModal.test.tsx
2025-02-28T11:13:46.4695944Z   ● Console
2025-02-28T11:13:46.4698371Z 
2025-02-28T11:13:46.4698536Z     console.error
2025-02-28T11:13:46.4699546Z       An update to OfflineProgressModal inside a test was not wrapped in act(...).
2025-02-28T11:13:46.4700183Z       
2025-02-28T11:13:46.4702561Z       When testing, code that causes React state updates should be wrapped into act(...):
2025-02-28T11:13:46.4703224Z       
2025-02-28T11:13:46.4703496Z       act(() => {
2025-02-28T11:13:46.4703882Z         /* fire events that update state */
2025-02-28T11:13:46.4704302Z       });
2025-02-28T11:13:46.4704648Z       /* assert on the output */
2025-02-28T11:13:46.4705018Z       
2025-02-28T11:13:46.4705961Z       This ensures that you're testing the behavior the user would see in the browser. Learn more at https://react.dev/link/wrap-tests-with-act
2025-02-28T11:13:46.4706748Z 
2025-02-28T11:13:46.4707404Z     [0m [90m 37 |[39m       [90m// Reset closing state after the animation completes[39m
2025-02-28T11:13:46.4708205Z      [90m 38 |[39m       setTimeout(() [33m=>[39m {
2025-02-28T11:13:46.4709006Z     [31m[1m>[22m[39m[90m 39 |[39m         setIsClosing([36mfalse[39m)[33m;[39m
2025-02-28T11:13:46.4709705Z      [90m    |[39m         [31m[1m^[22m[39m
2025-02-28T11:13:46.4710373Z      [90m 40 |[39m       }[33m,[39m [35m100[39m)[33m;[39m
2025-02-28T11:13:46.4711411Z      [90m 41 |[39m     }[33m,[39m [35m300[39m)[33m;[39m [90m// Animation duration[39m
2025-02-28T11:13:46.4712148Z      [90m 42 |[39m   }[33m;[39m[0m
2025-02-28T11:13:46.4712417Z 
2025-02-28T11:13:46.4712853Z       at node_modules/react-dom/cjs/react-dom-client.development.js:15751:19
2025-02-28T11:13:46.4713874Z       at runWithFiberInDEV (node_modules/react-dom/cjs/react-dom-client.development.js:543:16)
2025-02-28T11:13:46.4715156Z       at warnIfUpdatesNotWrappedWithActDEV (node_modules/react-dom/cjs/react-dom-client.development.js:15750:9)
2025-02-28T11:13:46.4716476Z       at scheduleUpdateOnFiber (node_modules/react-dom/cjs/react-dom-client.development.js:14311:11)
2025-02-28T11:13:46.4717732Z       at dispatchSetStateInternal (node_modules/react-dom/cjs/react-dom-client.development.js:7208:13)
2025-02-28T11:13:46.4718885Z       at dispatchSetState (node_modules/react-dom/cjs/react-dom-client.development.js:7161:7)
2025-02-28T11:13:46.4719718Z       at src/components/OfflineProgressModal.tsx:39:9
2025-02-28T11:13:46.4720471Z       at callTimer (node_modules/@sinonjs/fake-timers/src/fake-timers-src.js:744:24)
2025-02-28T11:13:46.4721563Z       at doTickInner (node_modules/@sinonjs/fake-timers/src/fake-timers-src.js:1312:29)
2025-02-28T11:13:46.4722433Z       at doTick (node_modules/@sinonjs/fake-timers/src/fake-timers-src.js:1393:20)
2025-02-28T11:13:46.4723321Z       at Object.tick (node_modules/@sinonjs/fake-timers/src/fake-timers-src.js:1401:20)
2025-02-28T11:13:46.4724414Z       at FakeTimers.advanceTimersByTime (node_modules/@jest/fake-timers/build/modernFakeTimers.js:94:19)
2025-02-28T11:13:46.4725534Z       at Object.<anonymous> (src/components/__tests__/OfflineProgressModal.test.tsx:83:10)
2025-02-28T11:13:46.4726078Z 
2025-02-28T11:13:46.7441676Z PASS src/components/tutorial/__tests__/TutorialModal.test.tsx
2025-02-28T11:13:46.8745210Z PASS src/components/ui/__tests__/Dropdown.test.tsx
2025-02-28T11:13:46.8760449Z   ● Console
2025-02-28T11:13:46.8764942Z 
2025-02-28T11:13:46.8769167Z     console.log
2025-02-28T11:13:46.8773754Z       Dropdown styles: {
2025-02-28T11:13:46.8778548Z         backgroundColor: 'rgb(25, 25, 25)',
2025-02-28T11:13:46.8779488Z         border: '1px solid #333',
2025-02-28T11:13:46.8783899Z         padding: '8px'
2025-02-28T11:13:46.8787796Z       }
2025-02-28T11:13:46.8790275Z 
2025-02-28T11:13:46.8792892Z       at Object.<anonymous> (src/components/ui/__tests__/Dropdown.test.tsx:70:15)
2025-02-28T11:13:46.8804576Z 
2025-02-28T11:13:47.3086766Z PASS src/state/resourcesSlice.test.ts
2025-02-28T11:13:47.3377613Z PASS src/components/ui/__tests__/Modal.test.tsx
2025-02-28T11:13:47.5190811Z PASS src/components/resources/__tests__/PassiveUpgradePanel.test.tsx
2025-02-28T11:13:48.1779701Z PASS src/components/resources/__tests__/ResourceDisplay.test.tsx
2025-02-28T11:13:48.3524461Z FAIL src/components/GameTimer.test.tsx
2025-02-28T11:13:48.3525745Z   ● Test suite failed to run
2025-02-28T11:13:48.3526137Z 
2025-02-28T11:13:48.3527212Z     [96msrc/components/GameTimer.tsx[0m:[93m4[0m:[93m1[0m - [91merror[0m[90m TS1185: [0mMerge conflict marker encountered.
2025-02-28T11:13:48.3527886Z 
2025-02-28T11:13:48.3528260Z     [7m4[0m >>>>>>> 913f8f829de658714bbc42cde32fd3bbb51a7e28
2025-02-28T11:13:48.3528832Z     [7m [0m [91m~~~~~~~[0m
2025-02-28T11:13:48.3529086Z 
2025-02-28T11:13:48.5172735Z FAIL src/components/App.test.tsx
2025-02-28T11:13:48.5173540Z   ● Test suite failed to run
2025-02-28T11:13:48.5173803Z 
2025-02-28T11:13:48.5174731Z     [96msrc/components/GameTimer.tsx[0m:[93m4[0m:[93m1[0m - [91merror[0m[90m TS1185: [0mMerge conflict marker encountered.
2025-02-28T11:13:48.5175444Z 
2025-02-28T11:13:48.5175841Z     [7m4[0m >>>>>>> 913f8f829de658714bbc42cde32fd3bbb51a7e28
2025-02-28T11:13:48.5176423Z     [7m [0m [91m~~~~~~~[0m
2025-02-28T11:13:48.5176699Z 
2025-02-28T11:13:48.7846812Z PASS src/state/gameSlice.test.ts
2025-02-28T11:13:48.7893239Z   ● Console
2025-02-28T11:13:48.7893761Z 
2025-02-28T11:13:48.7894189Z     console.log
2025-02-28T11:13:48.7895022Z       gameSlice.addPlayTime: Adding 50.00s, old=100.00, new=150.00
2025-02-28T11:13:48.7895506Z 
2025-02-28T11:13:48.7895793Z       at addPlayTime (src/state/gameSlice.ts:62:17)
2025-02-28T11:13:48.7896362Z           at Array.reduce (<anonymous>)
2025-02-28T11:13:48.7896684Z 
2025-02-28T11:13:48.7896815Z     console.log
2025-02-28T11:13:48.7897375Z       gameSlice.setTotalPlayTime: Setting time from 0.00s to 500.00s
2025-02-28T11:13:48.7897837Z 
2025-02-28T11:13:48.7898124Z       at setTotalPlayTime (src/state/gameSlice.ts:70:15)
2025-02-28T11:13:48.7898689Z           at Array.reduce (<anonymous>)
2025-02-28T11:13:48.7898997Z 
2025-02-28T11:13:48.8002063Z PASS src/components/ui/__tests__/Icon.test.tsx
2025-02-28T11:13:49.0451360Z PASS src/components/ui/__tests__/Button.test.tsx
2025-02-28T11:13:49.2573797Z PASS src/systems/gameLoop.test.ts
2025-02-28T11:13:49.2652116Z   ● Console
2025-02-28T11:13:49.2652603Z 
2025-02-28T11:13:49.2652888Z     console.log
2025-02-28T11:13:49.2653322Z       GameLoop: Window event listeners attached
2025-02-28T11:13:49.2653653Z 
2025-02-28T11:13:49.2654087Z       at GameLoop.setupWindowEventListeners (src/systems/gameLoop.ts:516:13)
2025-02-28T11:13:49.2654573Z 
2025-02-28T11:13:49.2654691Z     console.log
2025-02-28T11:13:49.2655174Z       gameSlice.addPlayTime: Adding 10.00s, old=0.00, new=10.00
2025-02-28T11:13:49.2655562Z 
2025-02-28T11:13:49.2655790Z       at addPlayTime (src/state/gameSlice.ts:62:17)
2025-02-28T11:13:49.2656291Z           at Array.reduce (<anonymous>)
2025-02-28T11:13:49.2656560Z 
2025-02-28T11:13:49.3952370Z PASS src/components/workers/__tests__/WorkerOverview.test.tsx
2025-02-28T11:13:49.6370222Z PASS src/components/ui/__tests__/Card.test.tsx
2025-02-28T11:13:49.7004610Z PASS src/index.integration.test.tsx
2025-02-28T11:13:49.9692755Z PASS src/utils/testHelpers.test.ts
2025-02-28T11:13:50.0394729Z PASS src/state/actions/__tests__/workerActions.test.ts
2025-02-28T11:13:50.3059438Z PASS src/structure.test.ts
2025-02-28T11:13:50.3336626Z PASS src/config.test.ts
2025-02-28T11:13:50.3346014Z PASS src/components/layout/__tests__/Layout.test.tsx
2025-02-28T11:13:50.3609536Z   ● Console
2025-02-28T11:13:50.3609798Z 
2025-02-28T11:13:50.3609935Z     console.error
2025-02-28T11:13:50.3610616Z       TypeError: Cannot read properties of undefined (reading 'activeEvents')
2025-02-28T11:13:50.3611868Z           at /home/runner/work/idle-game/idle-game/src/components/events/EventPanel.tsx:17:40
2025-02-28T11:13:50.3613171Z           at collectInputSelectorResults (/home/runner/work/idle-game/idle-game/node_modules/reselect/src/utils.ts:122:47)
2025-02-28T11:13:50.3614752Z           at dependenciesChecker (/home/runner/work/idle-game/idle-game/node_modules/reselect/src/createSelectorCreator.ts:405:36)
2025-02-28T11:13:50.3616801Z           at memoized (/home/runner/work/idle-game/idle-game/node_modules/reselect/src/weakMapMemoize.ts:228:21)
2025-02-28T11:13:50.3617948Z           at /home/runner/work/idle-game/idle-game/src/state/hooks.ts:21:18
2025-02-28T11:13:50.3619207Z           at recomputationWrapper (/home/runner/work/idle-game/idle-game/node_modules/reselect/src/createSelectorCreator.ts:392:63)
2025-02-28T11:13:50.3620661Z           at memoized (/home/runner/work/idle-game/idle-game/node_modules/reselect/src/weakMapMemoize.ts:228:21)
2025-02-28T11:13:50.3622317Z           at dependenciesChecker (/home/runner/work/idle-game/idle-game/node_modules/reselect/src/createSelectorCreator.ts:412:39)
2025-02-28T11:13:50.3623740Z           at memoized (/home/runner/work/idle-game/idle-game/node_modules/reselect/src/weakMapMemoize.ts:228:21)
2025-02-28T11:13:50.3625036Z           at memoized (/home/runner/work/idle-game/idle-game/node_modules/react-redux/src/hooks/useSelector.ts:171:28)
2025-02-28T11:13:50.3626868Z           at memoizedSelector (/home/runner/work/idle-game/idle-game/node_modules/use-sync-external-store/cjs/use-sync-external-store-with-selector.development.js:46:30)
2025-02-28T11:13:50.3628955Z           at /home/runner/work/idle-game/idle-game/node_modules/use-sync-external-store/cjs/use-sync-external-store-with-selector.development.js:70:22
2025-02-28T11:13:50.3630812Z           at mountSyncExternalStore (/home/runner/work/idle-game/idle-game/node_modules/react-dom/cjs/react-dom-client.development.js:6214:24)
2025-02-28T11:13:50.3639817Z           at Object.useSyncExternalStore (/home/runner/work/idle-game/idle-game/node_modules/react-dom/cjs/react-dom-client.development.js:22810:16)
2025-02-28T11:13:50.3642026Z           at Object.<anonymous>.process.env.NODE_ENV.exports.useSyncExternalStore (/home/runner/work/idle-game/idle-game/node_modules/react/cjs/react.development.js:1507:34)
2025-02-28T11:13:50.3644667Z           at Object.<anonymous>.process.env.NODE_ENV.exports.useSyncExternalStoreWithSelector (/home/runner/work/idle-game/idle-game/node_modules/use-sync-external-store/cjs/use-sync-external-store-with-selector.development.js:81:19)
2025-02-28T11:13:50.3646967Z           at useSelector2 (/home/runner/work/idle-game/idle-game/node_modules/react-redux/src/hooks/useSelector.ts:243:27)
2025-02-28T11:13:50.3648274Z           at useMemoSelector (/home/runner/work/idle-game/idle-game/src/state/hooks.ts:27:21)
2025-02-28T11:13:50.3649447Z           at EventPanel (/home/runner/work/idle-game/idle-game/src/components/events/EventPanel.tsx:28:39)
2025-02-28T11:13:50.3651197Z           at Object.react-stack-bottom-frame (/home/runner/work/idle-game/idle-game/node_modules/react-dom/cjs/react-dom-client.development.js:22428:20)
2025-02-28T11:13:50.3652979Z           at renderWithHooks (/home/runner/work/idle-game/idle-game/node_modules/react-dom/cjs/react-dom-client.development.js:5757:22)
2025-02-28T11:13:50.3654706Z           at updateFunctionComponent (/home/runner/work/idle-game/idle-game/node_modules/react-dom/cjs/react-dom-client.development.js:8018:19)
2025-02-28T11:13:50.3656528Z           at updateSimpleMemoComponent (/home/runner/work/idle-game/idle-game/node_modules/react-dom/cjs/react-dom-client.development.js:7869:14)
2025-02-28T11:13:50.3658637Z           at updateMemoComponent (/home/runner/work/idle-game/idle-game/node_modules/react-dom/cjs/react-dom-client.development.js:7802:13)
2025-02-28T11:13:50.3660282Z           at beginWork (/home/runner/work/idle-game/idle-game/node_modules/react-dom/cjs/react-dom-client.development.js:10103:18)
2025-02-28T11:13:50.3675364Z           at runWithFiberInDEV (/home/runner/work/idle-game/idle-game/node_modules/react-dom/cjs/react-dom-client.development.js:543:16)
2025-02-28T11:13:50.3677001Z           at performUnitOfWork (/home/runner/work/idle-game/idle-game/node_modules/react-dom/cjs/react-dom-client.development.js:15052:22)
2025-02-28T11:13:50.3678548Z           at workLoopSync (/home/runner/work/idle-game/idle-game/node_modules/react-dom/cjs/react-dom-client.development.js:14870:41)
2025-02-28T11:13:50.3680301Z           at renderRootSync (/home/runner/work/idle-game/idle-game/node_modules/react-dom/cjs/react-dom-client.development.js:14850:11)
2025-02-28T11:13:50.3682276Z           at performWorkOnRoot (/home/runner/work/idle-game/idle-game/node_modules/react-dom/cjs/react-dom-client.development.js:14384:44)
2025-02-28T11:13:50.3684062Z           at performWorkOnRootViaSchedulerTask (/home/runner/work/idle-game/idle-game/node_modules/react-dom/cjs/react-dom-client.development.js:15931:7)
2025-02-28T11:13:50.3685689Z           at flushActQueue (/home/runner/work/idle-game/idle-game/node_modules/react/cjs/react.development.js:862:34)
2025-02-28T11:13:50.3687224Z           at Object.<anonymous>.process.env.NODE_ENV.exports.act (/home/runner/work/idle-game/idle-game/node_modules/react/cjs/react.development.js:1151:10)
2025-02-28T11:13:50.3688674Z           at /home/runner/work/idle-game/idle-game/node_modules/@testing-library/react/dist/act-compat.js:47:25
2025-02-28T11:13:50.3689920Z           at renderRoot (/home/runner/work/idle-game/idle-game/node_modules/@testing-library/react/dist/pure.js:188:26)
2025-02-28T11:13:50.3691320Z           at render (/home/runner/work/idle-game/idle-game/node_modules/@testing-library/react/dist/pure.js:287:10)
2025-02-28T11:13:50.3692580Z           at Object.<anonymous> (/home/runner/work/idle-game/idle-game/src/components/layout/__tests__/Layout.test.tsx:44:11)
2025-02-28T11:13:50.3693899Z           at Promise.then.completed (/home/runner/work/idle-game/idle-game/node_modules/jest-circus/build/utils.js:298:28)
2025-02-28T11:13:50.3694770Z           at new Promise (<anonymous>)
2025-02-28T11:13:50.3695703Z           at callAsyncCircusFn (/home/runner/work/idle-game/idle-game/node_modules/jest-circus/build/utils.js:231:10)
2025-02-28T11:13:50.3696962Z           at _callCircusTest (/home/runner/work/idle-game/idle-game/node_modules/jest-circus/build/run.js:316:40)
2025-02-28T11:13:50.3698048Z           at processTicksAndRejections (node:internal/process/task_queues:95:5)
2025-02-28T11:13:50.3699072Z           at _runTest (/home/runner/work/idle-game/idle-game/node_modules/jest-circus/build/run.js:252:3)
2025-02-28T11:13:50.3700332Z           at _runTestsForDescribeBlock (/home/runner/work/idle-game/idle-game/node_modules/jest-circus/build/run.js:126:9)
2025-02-28T11:13:50.3701893Z           at _runTestsForDescribeBlock (/home/runner/work/idle-game/idle-game/node_modules/jest-circus/build/run.js:121:9)
2025-02-28T11:13:50.3703116Z           at run (/home/runner/work/idle-game/idle-game/node_modules/jest-circus/build/run.js:71:3)
2025-02-28T11:13:50.3704751Z           at runAndTransformResultsToJestFormat (/home/runner/work/idle-game/idle-game/node_modules/jest-circus/build/legacy-code-todo-rewrite/jestAdapterInit.js:122:21)
2025-02-28T11:13:50.3706634Z           at jestAdapter (/home/runner/work/idle-game/idle-game/node_modules/jest-circus/build/legacy-code-todo-rewrite/jestAdapter.js:79:19)
2025-02-28T11:13:50.3708058Z           at runTestInternal (/home/runner/work/idle-game/idle-game/node_modules/jest-runner/build/runTest.js:367:16)
2025-02-28T11:13:50.3709600Z           at runTest (/home/runner/work/idle-game/idle-game/node_modules/jest-runner/build/runTest.js:444:34)
2025-02-28T11:13:50.3710834Z           at Object.worker (/home/runner/work/idle-game/idle-game/node_modules/jest-runner/build/testWorker.js:106:12) {
2025-02-28T11:13:50.3712286Z         [stack]: "TypeError: Cannot read properties of undefined (reading 'activeEvents')\n" +
2025-02-28T11:13:50.3713296Z           '    at /home/runner/work/idle-game/idle-game/src/components/events/EventPanel.tsx:17:40\n' +
2025-02-28T11:13:50.3714580Z           '    at collectInputSelectorResults (/home/runner/work/idle-game/idle-game/node_modules/reselect/src/utils.ts:122:47)\n' +
2025-02-28T11:13:50.3716180Z           '    at dependenciesChecker (/home/runner/work/idle-game/idle-game/node_modules/reselect/src/createSelectorCreator.ts:405:36)\n' +
2025-02-28T11:13:50.3718018Z           '    at memoized (/home/runner/work/idle-game/idle-game/node_modules/reselect/src/weakMapMemoize.ts:228:21)\n' +
2025-02-28T11:13:50.3719173Z           '    at /home/runner/work/idle-game/idle-game/src/state/hooks.ts:21:18\n' +
2025-02-28T11:13:50.3720489Z           '    at recomputationWrapper (/home/runner/work/idle-game/idle-game/node_modules/reselect/src/createSelectorCreator.ts:392:63)\n' +
2025-02-28T11:13:50.3722234Z           '    at memoized (/home/runner/work/idle-game/idle-game/node_modules/reselect/src/weakMapMemoize.ts:228:21)\n' +
2025-02-28T11:13:50.3723835Z           '    at dependenciesChecker (/home/runner/work/idle-game/idle-game/node_modules/reselect/src/createSelectorCreator.ts:412:39)\n' +
2025-02-28T11:13:50.3725334Z           '    at memoized (/home/runner/work/idle-game/idle-game/node_modules/reselect/src/weakMapMemoize.ts:228:21)\n' +
2025-02-28T11:13:50.3726701Z           '    at memoized (/home/runner/work/idle-game/idle-game/node_modules/react-redux/src/hooks/useSelector.ts:171:28)\n' +
2025-02-28T11:13:50.3728563Z           '    at memoizedSelector (/home/runner/work/idle-game/idle-game/node_modules/use-sync-external-store/cjs/use-sync-external-store-with-selector.development.js:46:30)\n' +
2025-02-28T11:13:50.3730699Z           '    at /home/runner/work/idle-game/idle-game/node_modules/use-sync-external-store/cjs/use-sync-external-store-with-selector.development.js:70:22\n' +
2025-02-28T11:13:50.3732805Z           '    at mountSyncExternalStore (/home/runner/work/idle-game/idle-game/node_modules/react-dom/cjs/react-dom-client.development.js:6214:24)\n' +
2025-02-28T11:13:50.3734652Z           '    at Object.useSyncExternalStore (/home/runner/work/idle-game/idle-game/node_modules/react-dom/cjs/react-dom-client.development.js:22810:16)\n' +
2025-02-28T11:13:50.3736569Z           '    at Object.<anonymous>.process.env.NODE_ENV.exports.useSyncExternalStore (/home/runner/work/idle-game/idle-game/node_modules/react/cjs/react.development.js:1507:34)\n' +
2025-02-28T11:13:50.3738986Z           '    at Object.<anonymous>.process.env.NODE_ENV.exports.useSyncExternalStoreWithSelector (/home/runner/work/idle-game/idle-game/node_modules/use-sync-external-store/cjs/use-sync-external-store-with-selector.development.js:81:19)\n' +
2025-02-28T11:13:50.3741328Z           '    at useSelector2 (/home/runner/work/idle-game/idle-game/node_modules/react-redux/src/hooks/useSelector.ts:243:27)\n' +
2025-02-28T11:13:50.3742637Z           '    at useMemoSelector (/home/runner/work/idle-game/idle-game/src/state/hooks.ts:27:21)\n' +
2025-02-28T11:13:50.3743910Z           '    at EventPanel (/home/runner/work/idle-game/idle-game/src/components/events/EventPanel.tsx:28:39)\n' +
2025-02-28T11:13:50.3745546Z           '    at Object.react-stack-bottom-frame (/home/runner/work/idle-game/idle-game/node_modules/react-dom/cjs/react-dom-client.development.js:22428:20)\n' +
2025-02-28T11:13:50.3747370Z           '    at renderWithHooks (/home/runner/work/idle-game/idle-game/node_modules/react-dom/cjs/react-dom-client.development.js:5757:22)\n' +
2025-02-28T11:13:50.3749169Z           '    at updateFunctionComponent (/home/runner/work/idle-game/idle-game/node_modules/react-dom/cjs/react-dom-client.development.js:8018:19)\n' +
2025-02-28T11:13:50.3751624Z           '    at updateSimpleMemoComponent (/home/runner/work/idle-game/idle-game/node_modules/react-dom/cjs/react-dom-client.development.js:7869:14)\n' +
2025-02-28T11:13:50.3753489Z           '    at updateMemoComponent (/home/runner/work/idle-game/idle-game/node_modules/react-dom/cjs/react-dom-client.development.js:7802:13)\n' +
2025-02-28T11:13:50.3755202Z           '    at beginWork (/home/runner/work/idle-game/idle-game/node_modules/react-dom/cjs/react-dom-client.development.js:10103:18)\n' +
2025-02-28T11:13:50.3756897Z           '    at runWithFiberInDEV (/home/runner/work/idle-game/idle-game/node_modules/react-dom/cjs/react-dom-client.development.js:543:16)\n' +
2025-02-28T11:13:50.3758908Z           '    at performUnitOfWork (/home/runner/work/idle-game/idle-game/node_modules/react-dom/cjs/react-dom-client.development.js:15052:22)\n' +
2025-02-28T11:13:50.3760662Z           '    at workLoopSync (/home/runner/work/idle-game/idle-game/node_modules/react-dom/cjs/react-dom-client.development.js:14870:41)\n' +
2025-02-28T11:13:50.3762689Z           '    at renderRootSync (/home/runner/work/idle-game/idle-game/node_modules/react-dom/cjs/react-dom-client.development.js:14850:11)\n' +
2025-02-28T11:13:50.3764510Z           '    at performWorkOnRoot (/home/runner/work/idle-game/idle-game/node_modules/react-dom/cjs/react-dom-client.development.js:14384:44)\n' +
2025-02-28T11:13:50.3766481Z           '    at performWorkOnRootViaSchedulerTask (/home/runner/work/idle-game/idle-game/node_modules/react-dom/cjs/react-dom-client.development.js:15931:7)\n' +
2025-02-28T11:13:50.3768241Z           '    at flushActQueue (/home/runner/work/idle-game/idle-game/node_modules/react/cjs/react.development.js:862:34)\n' +
2025-02-28T11:13:50.3769947Z           '    at Object.<anonymous>.process.env.NODE_ENV.exports.act (/home/runner/work/idle-game/idle-game/node_modules/react/cjs/react.development.js:1151:10)\n' +
2025-02-28T11:13:50.3771786Z           '    at /home/runner/work/idle-game/idle-game/node_modules/@testing-library/react/dist/act-compat.js:47:25\n' +
2025-02-28T11:13:50.3773231Z           '    at renderRoot (/home/runner/work/idle-game/idle-game/node_modules/@testing-library/react/dist/pure.js:188:26)\n' +
2025-02-28T11:13:50.3774659Z           '    at render (/home/runner/work/idle-game/idle-game/node_modules/@testing-library/react/dist/pure.js:287:10)\n' +
2025-02-28T11:13:50.3776152Z           '    at Object.<anonymous> (/home/runner/work/idle-game/idle-game/src/components/layout/__tests__/Layout.test.tsx:44:11)\n' +
2025-02-28T11:13:50.3777668Z           '    at Promise.then.completed (/home/runner/work/idle-game/idle-game/node_modules/jest-circus/build/utils.js:298:28)\n' +
2025-02-28T11:13:50.3778674Z           '    at new Promise (<anonymous>)\n' +
2025-02-28T11:13:50.3779720Z           '    at callAsyncCircusFn (/home/runner/work/idle-game/idle-game/node_modules/jest-circus/build/utils.js:231:10)\n' +
2025-02-28T11:13:50.3781336Z           '    at _callCircusTest (/home/runner/work/idle-game/idle-game/node_modules/jest-circus/build/run.js:316:40)\n' +
2025-02-28T11:13:50.3782525Z           '    at processTicksAndRejections (node:internal/process/task_queues:95:5)\n' +
2025-02-28T11:13:50.3783680Z           '    at _runTest (/home/runner/work/idle-game/idle-game/node_modules/jest-circus/build/run.js:252:3)\n' +
2025-02-28T11:13:50.3785081Z           '    at _runTestsForDescribeBlock (/home/runner/work/idle-game/idle-game/node_modules/jest-circus/build/run.js:126:9)\n' +
2025-02-28T11:13:50.3786611Z           '    at _runTestsForDescribeBlock (/home/runner/work/idle-game/idle-game/node_modules/jest-circus/build/run.js:121:9)\n' +
2025-02-28T11:13:50.3787956Z           '    at run (/home/runner/work/idle-game/idle-game/node_modules/jest-circus/build/run.js:71:3)\n' +
2025-02-28T11:13:50.3789751Z           '    at runAndTransformResultsToJestFormat (/home/runner/work/idle-game/idle-game/node_modules/jest-circus/build/legacy-code-todo-rewrite/jestAdapterInit.js:122:21)\n' +
2025-02-28T11:13:50.3792293Z           '    at jestAdapter (/home/runner/work/idle-game/idle-game/node_modules/jest-circus/build/legacy-code-todo-rewrite/jestAdapter.js:79:19)\n' +
2025-02-28T11:13:50.3793921Z           '    at runTestInternal (/home/runner/work/idle-game/idle-game/node_modules/jest-runner/build/runTest.js:367:16)\n' +
2025-02-28T11:13:50.3795305Z           '    at runTest (/home/runner/work/idle-game/idle-game/node_modules/jest-runner/build/runTest.js:444:34)\n' +
2025-02-28T11:13:50.3796670Z           '    at Object.worker (/home/runner/work/idle-game/idle-game/node_modules/jest-runner/build/testWorker.js:106:12)',
2025-02-28T11:13:50.3797819Z         [message]: "Cannot read properties of undefined (reading 'activeEvents')"
2025-02-28T11:13:50.3798452Z       }
2025-02-28T11:13:50.3798739Z       
2025-02-28T11:13:50.3799437Z       The above error occurred in the <EventPanel> component.
2025-02-28T11:13:50.3799988Z       
2025-02-28T11:13:50.3800834Z       React will try to recreate this component tree from scratch using the error boundary you provided, ErrorBoundary.
2025-02-28T11:13:50.3801860Z 
2025-02-28T11:13:50.3802608Z     [0m [90m 42 |[39m describe([32m'Layout Component'[39m[33m,[39m () [33m=>[39m {
2025-02-28T11:13:50.3803713Z      [90m 43 |[39m   test([32m'renders all layout components correctly'[39m[33m,[39m () [33m=>[39m {
2025-02-28T11:13:50.3804650Z     [31m[1m>[22m[39m[90m 44 |[39m     render(
2025-02-28T11:13:50.3805280Z      [90m    |[39m           [31m[1m^[22m[39m
2025-02-28T11:13:50.3806078Z      [90m 45 |[39m       [33m<[39m[33mProvider[39m store[33m=[39m{store}[33m>[39m
2025-02-28T11:13:50.3807673Z      [90m 46 |[39m         [33m<[39m[33mLayout[39m sidebarContent[33m=[39m{[33m<[39m[33mdiv[39m[33m>[39m[33mSidebar[39m [33mContent[39m[33m<[39m[33m/[39m[33mdiv[39m[33m>[39m}[33m>[39m
2025-02-28T11:13:50.3809388Z      [90m 47 |[39m           [33m<[39m[33mdiv[39m[33m>[39m[33mMain[39m [33mContent[39m[33m<[39m[33m/[39m[33mdiv[39m[33m>[39m[0m
2025-02-28T11:13:50.3809994Z 
2025-02-28T11:13:50.3810580Z       at defaultOnCaughtError (node_modules/react-dom/cjs/react-dom-client.development.js:7445:21)
2025-02-28T11:13:50.3811920Z       at logCaughtError (node_modules/react-dom/cjs/react-dom-client.development.js:7484:9)
2025-02-28T11:13:50.3812985Z       at runWithFiberInDEV (node_modules/react-dom/cjs/react-dom-client.development.js:543:16)
2025-02-28T11:13:50.3814413Z       at ErrorBoundary.inst.componentDidCatch.update.callback (node_modules/react-dom/cjs/react-dom-client.development.js:7531:11)
2025-02-28T11:13:50.3815792Z       at callCallback (node_modules/react-dom/cjs/react-dom-client.development.js:10680:16)
2025-02-28T11:13:50.3816917Z       at commitCallbacks (node_modules/react-dom/cjs/react-dom-client.development.js:10700:11)
2025-02-28T11:13:50.3818026Z       at runWithFiberInDEV (node_modules/react-dom/cjs/react-dom-client.development.js:543:16)
2025-02-28T11:13:50.3819163Z       at commitClassCallbacks (node_modules/react-dom/cjs/react-dom-client.development.js:10919:11)
2025-02-28T11:13:50.3820373Z       at commitLayoutEffectOnFiber (node_modules/react-dom/cjs/react-dom-client.development.js:11490:25)
2025-02-28T11:13:50.3821864Z       at recursivelyTraverseLayoutEffects (node_modules/react-dom/cjs/react-dom-client.development.js:12412:11)
2025-02-28T11:13:50.3823208Z       at commitLayoutEffectOnFiber (node_modules/react-dom/cjs/react-dom-client.development.js:11529:11)
2025-02-28T11:13:50.3824561Z       at recursivelyTraverseLayoutEffects (node_modules/react-dom/cjs/react-dom-client.development.js:12412:11)
2025-02-28T11:13:50.3825896Z       at commitLayoutEffectOnFiber (node_modules/react-dom/cjs/react-dom-client.development.js:11413:11)
2025-02-28T11:13:50.3827247Z       at recursivelyTraverseLayoutEffects (node_modules/react-dom/cjs/react-dom-client.development.js:12412:11)
2025-02-28T11:13:50.3828576Z       at commitLayoutEffectOnFiber (node_modules/react-dom/cjs/react-dom-client.development.js:11585:11)
2025-02-28T11:13:50.3830171Z       at recursivelyTraverseLayoutEffects (node_modules/react-dom/cjs/react-dom-client.development.js:12412:11)
2025-02-28T11:13:50.3831764Z       at commitLayoutEffectOnFiber (node_modules/react-dom/cjs/react-dom-client.development.js:11413:11)
2025-02-28T11:13:50.3833083Z       at recursivelyTraverseLayoutEffects (node_modules/react-dom/cjs/react-dom-client.development.js:12412:11)
2025-02-28T11:13:50.3834427Z       at commitLayoutEffectOnFiber (node_modules/react-dom/cjs/react-dom-client.development.js:11495:11)
2025-02-28T11:13:50.3835645Z       at commitLayoutEffects (node_modules/react-dom/cjs/react-dom-client.development.js:12406:7)
2025-02-28T11:13:50.3836762Z       at commitRootImpl (node_modules/react-dom/cjs/react-dom-client.development.js:15352:11)
2025-02-28T11:13:50.3838046Z       at commitRoot (node_modules/react-dom/cjs/react-dom-client.development.js:15251:11)
2025-02-28T11:13:50.3839148Z       at performWorkOnRoot (node_modules/react-dom/cjs/react-dom-client.development.js:14445:15)
2025-02-28T11:13:50.3840447Z       at performWorkOnRootViaSchedulerTask (node_modules/react-dom/cjs/react-dom-client.development.js:15931:7)
2025-02-28T11:13:50.3841741Z       at flushActQueue (node_modules/react/cjs/react.development.js:862:34)
2025-02-28T11:13:50.3842822Z       at Object.<anonymous>.process.env.NODE_ENV.exports.act (node_modules/react/cjs/react.development.js:1151:10)
2025-02-28T11:13:50.3843814Z       at node_modules/@testing-library/react/dist/act-compat.js:47:25
2025-02-28T11:13:50.3844619Z       at renderRoot (node_modules/@testing-library/react/dist/pure.js:188:26)
2025-02-28T11:13:50.3845408Z       at render (node_modules/@testing-library/react/dist/pure.js:287:10)
2025-02-28T11:13:50.3846258Z       at Object.<anonymous> (src/components/layout/__tests__/Layout.test.tsx:44:11)
2025-02-28T11:13:50.3846763Z 
2025-02-28T11:13:50.3846921Z     console.error
2025-02-28T11:13:50.3847678Z       [ERROR in UnknownComponent]: Cannot read properties of undefined (reading 'activeEvents') {
2025-02-28T11:13:50.3848491Z         component: 'UnknownComponent',
2025-02-28T11:13:50.3848979Z         componentStack: '\n' +
2025-02-28T11:13:50.3849868Z           '    at EventPanel (/home/runner/work/idle-game/idle-game/src/components/events/EventPanel.tsx:16:37)\n' +
2025-02-28T11:13:50.3851492Z           '    at ErrorBoundary (/home/runner/work/idle-game/idle-game/src/components/error/ErrorBoundary.tsx:36:5)\n' +
2025-02-28T11:13:50.3852420Z           '    at div (<anonymous>)\n' +
2025-02-28T11:13:50.3853283Z           '    at Layout (/home/runner/work/idle-game/idle-game/src/components/layout/Layout.tsx:16:42)\n' +
2025-02-28T11:13:50.3854585Z           '    at Provider (/home/runner/work/idle-game/idle-game/node_modules/react-redux/src/components/Provider.tsx:60:11)'
2025-02-28T11:13:50.3855434Z       }
2025-02-28T11:13:50.3855598Z 
2025-02-28T11:13:50.3856697Z     [0m [90m 135 |[39m       console[33m.[39merror([32m`[CRITICAL${context ? ' in ' + context : ''}]: ${errorMsg}`[39m[33m,[39m metadata [33m||[39m data)[33m;[39m
2025-02-28T11:13:50.3858260Z      [90m 136 |[39m     } [36melse[39m [36mif[39m (severity [33m===[39m [33mErrorSeverity[39m[33m.[39m[33mERROR[39m) {
2025-02-28T11:13:50.3859929Z     [31m[1m>[22m[39m[90m 137 |[39m       console[33m.[39merror([32m`[ERROR${context ? ' in ' + context : ''}]: ${errorMsg}`[39m[33m,[39m metadata [33m||[39m data)[33m;[39m
2025-02-28T11:13:50.3861214Z      [90m     |[39m               [31m[1m^[22m[39m
2025-02-28T11:13:50.3861735Z      [90m 138 |[39m     }
2025-02-28T11:13:50.3862154Z      [90m 139 |[39m     
2025-02-28T11:13:50.3862837Z      [90m 140 |[39m     [90m// Skip logging INFO and WARNING to console[39m[0m
2025-02-28T11:13:50.3863279Z 
2025-02-28T11:13:50.3863593Z       at ErrorLogger.logError (src/utils/errorUtils.ts:137:15)
2025-02-28T11:13:50.3864497Z       at ErrorBoundary.componentDidCatch (src/components/error/ErrorBoundary.tsx:58:31)
2025-02-28T11:13:50.3865985Z       at Object.react-stack-bottom-frame (node_modules/react-dom/cjs/react-dom-client.development.js:22481:20)
2025-02-28T11:13:50.3867532Z       at ErrorBoundary.inst.componentDidCatch.update.callback (node_modules/react-dom/cjs/react-dom-client.development.js:7542:11)
2025-02-28T11:13:50.3868923Z       at callCallback (node_modules/react-dom/cjs/react-dom-client.development.js:10680:16)
2025-02-28T11:13:50.3870021Z       at commitCallbacks (node_modules/react-dom/cjs/react-dom-client.development.js:10700:11)
2025-02-28T11:13:50.3871295Z       at runWithFiberInDEV (node_modules/react-dom/cjs/react-dom-client.development.js:543:16)
2025-02-28T11:13:50.3872461Z       at commitClassCallbacks (node_modules/react-dom/cjs/react-dom-client.development.js:10919:11)
2025-02-28T11:13:50.3873904Z       at commitLayoutEffectOnFiber (node_modules/react-dom/cjs/react-dom-client.development.js:11490:25)
2025-02-28T11:13:50.3875282Z       at recursivelyTraverseLayoutEffects (node_modules/react-dom/cjs/react-dom-client.development.js:12412:11)
2025-02-28T11:13:50.3876634Z       at commitLayoutEffectOnFiber (node_modules/react-dom/cjs/react-dom-client.development.js:11529:11)
2025-02-28T11:13:50.3877982Z       at recursivelyTraverseLayoutEffects (node_modules/react-dom/cjs/react-dom-client.development.js:12412:11)
2025-02-28T11:13:50.3879354Z       at commitLayoutEffectOnFiber (node_modules/react-dom/cjs/react-dom-client.development.js:11413:11)
2025-02-28T11:13:50.3880708Z       at recursivelyTraverseLayoutEffects (node_modules/react-dom/cjs/react-dom-client.development.js:12412:11)
2025-02-28T11:13:50.3882474Z       at commitLayoutEffectOnFiber (node_modules/react-dom/cjs/react-dom-client.development.js:11585:11)
2025-02-28T11:13:50.3883867Z       at recursivelyTraverseLayoutEffects (node_modules/react-dom/cjs/react-dom-client.development.js:12412:11)
2025-02-28T11:13:50.3885223Z       at commitLayoutEffectOnFiber (node_modules/react-dom/cjs/react-dom-client.development.js:11413:11)
2025-02-28T11:13:50.3886545Z       at recursivelyTraverseLayoutEffects (node_modules/react-dom/cjs/react-dom-client.development.js:12412:11)
2025-02-28T11:13:50.3887833Z       at commitLayoutEffectOnFiber (node_modules/react-dom/cjs/react-dom-client.development.js:11495:11)
2025-02-28T11:13:50.3889001Z       at commitLayoutEffects (node_modules/react-dom/cjs/react-dom-client.development.js:12406:7)
2025-02-28T11:13:50.3890115Z       at commitRootImpl (node_modules/react-dom/cjs/react-dom-client.development.js:15352:11)
2025-02-28T11:13:50.3891409Z       at commitRoot (node_modules/react-dom/cjs/react-dom-client.development.js:15251:11)
2025-02-28T11:13:50.3892487Z       at performWorkOnRoot (node_modules/react-dom/cjs/react-dom-client.development.js:14445:15)
2025-02-28T11:13:50.3893744Z       at performWorkOnRootViaSchedulerTask (node_modules/react-dom/cjs/react-dom-client.development.js:15931:7)
2025-02-28T11:13:50.3894865Z       at flushActQueue (node_modules/react/cjs/react.development.js:862:34)
2025-02-28T11:13:50.3895935Z       at Object.<anonymous>.process.env.NODE_ENV.exports.act (node_modules/react/cjs/react.development.js:1151:10)
2025-02-28T11:13:50.3896919Z       at node_modules/@testing-library/react/dist/act-compat.js:47:25
2025-02-28T11:13:50.3897752Z       at renderRoot (node_modules/@testing-library/react/dist/pure.js:188:26)
2025-02-28T11:13:50.3898599Z       at render (node_modules/@testing-library/react/dist/pure.js:287:10)
2025-02-28T11:13:50.3899470Z       at Object.<anonymous> (src/components/layout/__tests__/Layout.test.tsx:44:11)
2025-02-28T11:13:50.3899982Z 
2025-02-28T11:13:50.5644462Z PASS src/managers/GameLoopManager.test.ts
2025-02-28T11:13:50.5645250Z   ● Console
2025-02-28T11:13:50.5645437Z 
2025-02-28T11:13:50.5645567Z     console.log
2025-02-28T11:13:50.5647397Z       GameLoopManager: Registered tick handler, total handlers: 1
2025-02-28T11:13:50.5648897Z 
2025-02-28T11:13:50.5650498Z       at GameLoopManager.registerTickHandler (src/managers/GameLoopManager.ts:39:17)
2025-02-28T11:13:50.5652875Z 
2025-02-28T11:13:50.6070926Z PASS src/index.test.ts
2025-02-28T11:13:50.6656859Z PASS src/styles/index.test.ts
2025-02-28T11:13:50.7561558Z PASS src/test-semantic-release.test.ts
2025-02-28T11:13:50.8193294Z PASS src/utils/EventEmitter.test.ts
2025-02-28T11:13:50.9613246Z 
2025-02-28T11:13:50.9614314Z Summary of all failing tests
2025-02-28T11:13:50.9617650Z FAIL src/systems/resourceManager.test.ts
2025-02-28T11:13:50.9618937Z   ● Test suite failed to run
2025-02-28T11:13:50.9619247Z 
2025-02-28T11:13:50.9629226Z     [96msrc/utils/testUtils.ts[0m:[93m78[0m:[93m5[0m - [91merror[0m[90m TS2578: [0mUnused '@ts-expect-error' directive.
2025-02-28T11:13:50.9629941Z 
2025-02-28T11:13:50.9632384Z     [7m78[0m     // @ts-expect-error - Accessing private field for testing
2025-02-28T11:13:50.9635329Z     [7m  [0m [91m    ~~~~~~~~~~~~~~~~~~~~~~~~~~~~~~~~~~~~~~~~~~~~~~~~~~~~~~~~~[0m
2025-02-28T11:13:50.9640658Z     [96msrc/utils/testUtils.ts[0m:[93m108[0m:[93m7[0m - [91merror[0m[90m TS2578: [0mUnused '@ts-expect-error' directive.
2025-02-28T11:13:50.9641559Z 
2025-02-28T11:13:50.9643765Z     [7m108[0m       // @ts-expect-error - Accessing private constructor for testing
2025-02-28T11:13:50.9647231Z     [7m   [0m [91m      ~~~~~~~~~~~~~~~~~~~~~~~~~~~~~~~~~~~~~~~~~~~~~~~~~~~~~~~~~~~~~~~[0m
2025-02-28T11:13:50.9652286Z     [96msrc/utils/testUtils.ts[0m:[93m114[0m:[93m7[0m - [91merror[0m[90m TS2578: [0mUnused '@ts-expect-error' directive.
2025-02-28T11:13:50.9652972Z 
2025-02-28T11:13:50.9655184Z     [7m114[0m       // @ts-expect-error - Setting private static field for testing
2025-02-28T11:13:50.9658747Z     [7m   [0m [91m      ~~~~~~~~~~~~~~~~~~~~~~~~~~~~~~~~~~~~~~~~~~~~~~~~~~~~~~~~~~~~~~[0m
2025-02-28T11:13:50.9659259Z 
2025-02-28T11:13:50.9660946Z FAIL src/systems/__tests__/buildingManager.test.ts
2025-02-28T11:13:50.9663434Z   ● Test suite failed to run
2025-02-28T11:13:50.9663744Z 
2025-02-28T11:13:50.9668952Z     [96msrc/utils/testUtils.ts[0m:[93m78[0m:[93m5[0m - [91merror[0m[90m TS2578: [0mUnused '@ts-expect-error' directive.
2025-02-28T11:13:50.9669671Z 
2025-02-28T11:13:50.9671683Z     [7m78[0m     // @ts-expect-error - Accessing private field for testing
2025-02-28T11:13:50.9675841Z     [7m  [0m [91m    ~~~~~~~~~~~~~~~~~~~~~~~~~~~~~~~~~~~~~~~~~~~~~~~~~~~~~~~~~[0m
2025-02-28T11:13:50.9683433Z     [96msrc/utils/testUtils.ts[0m:[93m108[0m:[93m7[0m - [91merror[0m[90m TS2578: [0mUnused '@ts-expect-error' directive.
2025-02-28T11:13:50.9684212Z 
2025-02-28T11:13:50.9685705Z     [7m108[0m       // @ts-expect-error - Accessing private constructor for testing
2025-02-28T11:13:50.9696908Z     [7m   [0m [91m      ~~~~~~~~~~~~~~~~~~~~~~~~~~~~~~~~~~~~~~~~~~~~~~~~~~~~~~~~~~~~~~~[0m
2025-02-28T11:13:50.9698138Z     [96msrc/utils/testUtils.ts[0m:[93m114[0m:[93m7[0m - [91merror[0m[90m TS2578: [0mUnused '@ts-expect-error' directive.
2025-02-28T11:13:50.9698832Z 
2025-02-28T11:13:50.9722221Z     [7m114[0m       // @ts-expect-error - Setting private static field for testing
2025-02-28T11:13:50.9723199Z     [7m   [0m [91m      ~~~~~~~~~~~~~~~~~~~~~~~~~~~~~~~~~~~~~~~~~~~~~~~~~~~~~~~~~~~~~~[0m
2025-02-28T11:13:50.9723587Z 
2025-02-28T11:13:50.9723913Z FAIL src/systems/__tests__/workerManager.test.ts
2025-02-28T11:13:50.9724484Z   ● Test suite failed to run
2025-02-28T11:13:50.9724744Z 
2025-02-28T11:13:50.9725575Z     [96msrc/utils/testUtils.ts[0m:[93m78[0m:[93m5[0m - [91merror[0m[90m TS2578: [0mUnused '@ts-expect-error' directive.
2025-02-28T11:13:50.9726264Z 
2025-02-28T11:13:50.9726754Z     [7m78[0m     // @ts-expect-error - Accessing private field for testing
2025-02-28T11:13:50.9727644Z     [7m  [0m [91m    ~~~~~~~~~~~~~~~~~~~~~~~~~~~~~~~~~~~~~~~~~~~~~~~~~~~~~~~~~[0m
2025-02-28T11:13:50.9729570Z     [96msrc/utils/testUtils.ts[0m:[93m108[0m:[93m7[0m - [91merror[0m[90m TS2578: [0mUnused '@ts-expect-error' directive.
2025-02-28T11:13:50.9730277Z 
2025-02-28T11:13:50.9730817Z     [7m108[0m       // @ts-expect-error - Accessing private constructor for testing
2025-02-28T11:13:50.9747140Z     [7m   [0m [91m      ~~~~~~~~~~~~~~~~~~~~~~~~~~~~~~~~~~~~~~~~~~~~~~~~~~~~~~~~~~~~~~~[0m
2025-02-28T11:13:50.9748318Z     [96msrc/utils/testUtils.ts[0m:[93m114[0m:[93m7[0m - [91merror[0m[90m TS2578: [0mUnused '@ts-expect-error' directive.
2025-02-28T11:13:50.9748733Z 
2025-02-28T11:13:50.9749046Z     [7m114[0m       // @ts-expect-error - Setting private static field for testing
2025-02-28T11:13:50.9749556Z     [7m   [0m [91m      ~~~~~~~~~~~~~~~~~~~~~~~~~~~~~~~~~~~~~~~~~~~~~~~~~~~~~~~~~~~~~~[0m
2025-02-28T11:13:50.9749827Z 
2025-02-28T11:13:50.9750144Z FAIL src/systems/__tests__/saveManager.test.ts
2025-02-28T11:13:50.9764844Z   ● Test suite failed to run
2025-02-28T11:13:50.9765129Z 
2025-02-28T11:13:50.9766230Z     [96msrc/utils/testUtils.ts[0m:[93m78[0m:[93m5[0m - [91merror[0m[90m TS2578: [0mUnused '@ts-expect-error' directive.
2025-02-28T11:13:50.9766916Z 
2025-02-28T11:13:50.9767406Z     [7m78[0m     // @ts-expect-error - Accessing private field for testing
2025-02-28T11:13:50.9768258Z     [7m  [0m [91m    ~~~~~~~~~~~~~~~~~~~~~~~~~~~~~~~~~~~~~~~~~~~~~~~~~~~~~~~~~[0m
2025-02-28T11:13:50.9769455Z     [96msrc/utils/testUtils.ts[0m:[93m108[0m:[93m7[0m - [91merror[0m[90m TS2578: [0mUnused '@ts-expect-error' directive.
2025-02-28T11:13:50.9770112Z 
2025-02-28T11:13:50.9770665Z     [7m108[0m       // @ts-expect-error - Accessing private constructor for testing
2025-02-28T11:13:50.9771777Z     [7m   [0m [91m      ~~~~~~~~~~~~~~~~~~~~~~~~~~~~~~~~~~~~~~~~~~~~~~~~~~~~~~~~~~~~~~~[0m
2025-02-28T11:13:50.9775617Z     [96msrc/utils/testUtils.ts[0m:[93m114[0m:[93m7[0m - [91merror[0m[90m TS2578: [0mUnused '@ts-expect-error' directive.
2025-02-28T11:13:50.9777594Z 
2025-02-28T11:13:50.9779403Z     [7m114[0m       // @ts-expect-error - Setting private static field for testing
2025-02-28T11:13:50.9782674Z     [7m   [0m [91m      ~~~~~~~~~~~~~~~~~~~~~~~~~~~~~~~~~~~~~~~~~~~~~~~~~~~~~~~~~~~~~~[0m
2025-02-28T11:13:50.9783075Z 
2025-02-28T11:13:50.9783339Z FAIL src/utils/resourceUtils.test.ts
2025-02-28T11:13:50.9783857Z   ● Test suite failed to run
2025-02-28T11:13:50.9784108Z 
2025-02-28T11:13:50.9784990Z     [96msrc/utils/resourceUtils.ts[0m:[93m153[0m:[93m5[0m - [91merror[0m[90m TS2578: [0mUnused '@ts-expect-error' directive.
2025-02-28T11:13:50.9785708Z 
2025-02-28T11:13:50.9786174Z     [7m153[0m     // @ts-expect-error - Address type issues in tests later
2025-02-28T11:13:50.9788236Z     [7m   [0m [91m    ~~~~~~~~~~~~~~~~~~~~~~~~~~~~~~~~~~~~~~~~~~~~~~~~~~~~~~~~[0m
2025-02-28T11:13:50.9789440Z     [96msrc/utils/resourceUtils.ts[0m:[93m181[0m:[93m5[0m - [91merror[0m[90m TS2578: [0mUnused '@ts-expect-error' directive.
2025-02-28T11:13:50.9790129Z 
2025-02-28T11:13:50.9790403Z     [7m181[0m     // @ts-expect-error - Address type issues in tests later
2025-02-28T11:13:50.9791430Z     [7m   [0m [91m    ~~~~~~~~~~~~~~~~~~~~~~~~~~~~~~~~~~~~~~~~~~~~~~~~~~~~~~~~[0m
2025-02-28T11:13:50.9791811Z 
2025-02-28T11:13:50.9792235Z FAIL src/managers/TaskManager.test.ts
2025-02-28T11:13:50.9792753Z   ● Test suite failed to run
2025-02-28T11:13:50.9792997Z 
2025-02-28T11:13:50.9796454Z     [96msrc/utils/resourceUtils.ts[0m:[93m153[0m:[93m5[0m - [91merror[0m[90m TS2578: [0mUnused '@ts-expect-error' directive.
2025-02-28T11:13:50.9797141Z 
2025-02-28T11:13:50.9797596Z     [7m153[0m     // @ts-expect-error - Address type issues in tests later
2025-02-28T11:13:50.9798935Z     [7m   [0m [91m    ~~~~~~~~~~~~~~~~~~~~~~~~~~~~~~~~~~~~~~~~~~~~~~~~~~~~~~~~[0m
2025-02-28T11:13:50.9802591Z     [96msrc/utils/resourceUtils.ts[0m:[93m181[0m:[93m5[0m - [91merror[0m[90m TS2578: [0mUnused '@ts-expect-error' directive.
2025-02-28T11:13:50.9803257Z 
2025-02-28T11:13:50.9803716Z     [7m181[0m     // @ts-expect-error - Address type issues in tests later
2025-02-28T11:13:50.9805153Z     [7m   [0m [91m    ~~~~~~~~~~~~~~~~~~~~~~~~~~~~~~~~~~~~~~~~~~~~~~~~~~~~~~~~[0m
2025-02-28T11:13:50.9805759Z 
2025-02-28T11:13:50.9806016Z FAIL src/gameCore.integration.test.tsx
2025-02-28T11:13:50.9806547Z   ● Test suite failed to run
2025-02-28T11:13:50.9806790Z 
2025-02-28T11:13:50.9810022Z     [96msrc/utils/testUtils.ts[0m:[93m78[0m:[93m5[0m - [91merror[0m[90m TS2578: [0mUnused '@ts-expect-error' directive.
2025-02-28T11:13:50.9810651Z 
2025-02-28T11:13:50.9811233Z     [7m78[0m     // @ts-expect-error - Accessing private field for testing
2025-02-28T11:13:50.9812786Z     [7m  [0m [91m    ~~~~~~~~~~~~~~~~~~~~~~~~~~~~~~~~~~~~~~~~~~~~~~~~~~~~~~~~~[0m
2025-02-28T11:13:50.9816074Z     [96msrc/utils/testUtils.ts[0m:[93m108[0m:[93m7[0m - [91merror[0m[90m TS2578: [0mUnused '@ts-expect-error' directive.
2025-02-28T11:13:50.9816598Z 
2025-02-28T11:13:50.9817293Z     [7m108[0m       // @ts-expect-error - Accessing private constructor for testing
2025-02-28T11:13:50.9819459Z     [7m   [0m [91m      ~~~~~~~~~~~~~~~~~~~~~~~~~~~~~~~~~~~~~~~~~~~~~~~~~~~~~~~~~~~~~~~[0m
2025-02-28T11:13:50.9822522Z     [96msrc/utils/testUtils.ts[0m:[93m114[0m:[93m7[0m - [91merror[0m[90m TS2578: [0mUnused '@ts-expect-error' directive.
2025-02-28T11:13:50.9823168Z 
2025-02-28T11:13:50.9823655Z     [7m114[0m       // @ts-expect-error - Setting private static field for testing
2025-02-28T11:13:50.9825461Z     [7m   [0m [91m      ~~~~~~~~~~~~~~~~~~~~~~~~~~~~~~~~~~~~~~~~~~~~~~~~~~~~~~~~~~~~~~[0m
2025-02-28T11:13:50.9825825Z 
2025-02-28T11:13:50.9826802Z FAIL src/systems/__tests__/oppressionSystem.test.ts
2025-02-28T11:13:50.9827378Z   ● Test suite failed to run
2025-02-28T11:13:50.9827623Z 
2025-02-28T11:13:50.9830716Z     [96msrc/utils/testUtils.ts[0m:[93m78[0m:[93m5[0m - [91merror[0m[90m TS2578: [0mUnused '@ts-expect-error' directive.
2025-02-28T11:13:50.9831493Z 
2025-02-28T11:13:50.9831959Z     [7m78[0m     // @ts-expect-error - Accessing private field for testing
2025-02-28T11:13:50.9833442Z     [7m  [0m [91m    ~~~~~~~~~~~~~~~~~~~~~~~~~~~~~~~~~~~~~~~~~~~~~~~~~~~~~~~~~[0m
2025-02-28T11:13:50.9836780Z     [96msrc/utils/testUtils.ts[0m:[93m108[0m:[93m7[0m - [91merror[0m[90m TS2578: [0mUnused '@ts-expect-error' directive.
2025-02-28T11:13:50.9837432Z 
2025-02-28T11:13:50.9837942Z     [7m108[0m       // @ts-expect-error - Accessing private constructor for testing
2025-02-28T11:13:50.9839893Z     [7m   [0m [91m      ~~~~~~~~~~~~~~~~~~~~~~~~~~~~~~~~~~~~~~~~~~~~~~~~~~~~~~~~~~~~~~~[0m
2025-02-28T11:13:50.9843175Z     [96msrc/utils/testUtils.ts[0m:[93m114[0m:[93m7[0m - [91merror[0m[90m TS2578: [0mUnused '@ts-expect-error' directive.
2025-02-28T11:13:50.9843815Z 
2025-02-28T11:13:50.9844295Z     [7m114[0m       // @ts-expect-error - Setting private static field for testing
2025-02-28T11:13:50.9846180Z     [7m   [0m [91m      ~~~~~~~~~~~~~~~~~~~~~~~~~~~~~~~~~~~~~~~~~~~~~~~~~~~~~~~~~~~~~~[0m
2025-02-28T11:13:50.9846540Z 
2025-02-28T11:13:50.9846979Z FAIL src/workers.integration.test.tsx
2025-02-28T11:13:50.9847539Z   ● Test suite failed to run
2025-02-28T11:13:50.9847815Z 
2025-02-28T11:13:50.9852387Z     [96msrc/utils/testUtils.ts[0m:[93m78[0m:[93m5[0m - [91merror[0m[90m TS2578: [0mUnused '@ts-expect-error' directive.
2025-02-28T11:13:50.9853085Z 
2025-02-28T11:13:50.9853366Z     [7m78[0m     // @ts-expect-error - Accessing private field for testing
2025-02-28T11:13:50.9853893Z     [7m  [0m [91m    ~~~~~~~~~~~~~~~~~~~~~~~~~~~~~~~~~~~~~~~~~~~~~~~~~~~~~~~~~[0m
2025-02-28T11:13:50.9856078Z     [96msrc/utils/testUtils.ts[0m:[93m108[0m:[93m7[0m - [91merror[0m[90m TS2578: [0mUnused '@ts-expect-error' directive.
2025-02-28T11:13:50.9856778Z 
2025-02-28T11:13:50.9857319Z     [7m108[0m       // @ts-expect-error - Accessing private constructor for testing
2025-02-28T11:13:50.9858250Z     [7m   [0m [91m      ~~~~~~~~~~~~~~~~~~~~~~~~~~~~~~~~~~~~~~~~~~~~~~~~~~~~~~~~~~~~~~~[0m
2025-02-28T11:13:50.9859512Z     [96msrc/utils/testUtils.ts[0m:[93m114[0m:[93m7[0m - [91merror[0m[90m TS2578: [0mUnused '@ts-expect-error' directive.
2025-02-28T11:13:50.9860355Z 
2025-02-28T11:13:50.9860655Z     [7m114[0m       // @ts-expect-error - Setting private static field for testing
2025-02-28T11:13:50.9861379Z     [7m   [0m [91m      ~~~~~~~~~~~~~~~~~~~~~~~~~~~~~~~~~~~~~~~~~~~~~~~~~~~~~~~~~~~~~~[0m
2025-02-28T11:13:50.9861606Z 
2025-02-28T11:13:50.9862809Z FAIL src/systems/__tests__/gameLoop.test.ts
2025-02-28T11:13:50.9863430Z   ● Test suite failed to run
2025-02-28T11:13:50.9863695Z 
2025-02-28T11:13:50.9865003Z     [96msrc/utils/testUtils.ts[0m:[93m78[0m:[93m5[0m - [91merror[0m[90m TS2578: [0mUnused '@ts-expect-error' directive.
2025-02-28T11:13:50.9865677Z 
2025-02-28T11:13:50.9868881Z     [7m78[0m     // @ts-expect-error - Accessing private field for testing
2025-02-28T11:13:50.9869683Z     [7m  [0m [91m    ~~~~~~~~~~~~~~~~~~~~~~~~~~~~~~~~~~~~~~~~~~~~~~~~~~~~~~~~~[0m
2025-02-28T11:13:50.9870799Z     [96msrc/utils/testUtils.ts[0m:[93m108[0m:[93m7[0m - [91merror[0m[90m TS2578: [0mUnused '@ts-expect-error' directive.
2025-02-28T11:13:50.9871402Z 
2025-02-28T11:13:50.9871960Z     [7m108[0m       // @ts-expect-error - Accessing private constructor for testing
2025-02-28T11:13:50.9874085Z     [7m   [0m [91m      ~~~~~~~~~~~~~~~~~~~~~~~~~~~~~~~~~~~~~~~~~~~~~~~~~~~~~~~~~~~~~~~[0m
2025-02-28T11:13:50.9877246Z     [96msrc/utils/testUtils.ts[0m:[93m114[0m:[93m7[0m - [91merror[0m[90m TS2578: [0mUnused '@ts-expect-error' directive.
2025-02-28T11:13:50.9877898Z 
2025-02-28T11:13:50.9878520Z     [7m114[0m       // @ts-expect-error - Setting private static field for testing
2025-02-28T11:13:50.9880794Z     [7m   [0m [91m      ~~~~~~~~~~~~~~~~~~~~~~~~~~~~~~~~~~~~~~~~~~~~~~~~~~~~~~~~~~~~~~[0m
2025-02-28T11:13:50.9881319Z 
2025-02-28T11:13:50.9881850Z FAIL src/components/__tests__/GameTimer.test.tsx
2025-02-28T11:13:50.9882414Z   ● Test suite failed to run
2025-02-28T11:13:50.9882660Z 
2025-02-28T11:13:50.9886218Z     [96msrc/components/GameTimer.tsx[0m:[93m4[0m:[93m1[0m - [91merror[0m[90m TS1185: [0mMerge conflict marker encountered.
2025-02-28T11:13:50.9886900Z 
2025-02-28T11:13:50.9887277Z     [7m4[0m >>>>>>> 913f8f829de658714bbc42cde32fd3bbb51a7e28
2025-02-28T11:13:50.9887829Z     [7m [0m [91m~~~~~~~[0m
2025-02-28T11:13:50.9888067Z 
2025-02-28T11:13:50.9888567Z FAIL src/components/GameTimer.test.tsx
2025-02-28T11:13:50.9889195Z   ● Test suite failed to run
2025-02-28T11:13:50.9889437Z 
2025-02-28T11:13:50.9893090Z     [96msrc/components/GameTimer.tsx[0m:[93m4[0m:[93m1[0m - [91merror[0m[90m TS1185: [0mMerge conflict marker encountered.
2025-02-28T11:13:50.9893804Z 
2025-02-28T11:13:50.9894171Z     [7m4[0m >>>>>>> 913f8f829de658714bbc42cde32fd3bbb51a7e28
2025-02-28T11:13:50.9894717Z     [7m [0m [91m~~~~~~~[0m
2025-02-28T11:13:50.9894944Z 
2025-02-28T11:13:50.9895194Z FAIL src/components/App.test.tsx
2025-02-28T11:13:50.9895745Z   ● Test suite failed to run
2025-02-28T11:13:50.9895977Z 
2025-02-28T11:13:50.9899480Z     [96msrc/components/GameTimer.tsx[0m:[93m4[0m:[93m1[0m - [91merror[0m[90m TS1185: [0mMerge conflict marker encountered.
2025-02-28T11:13:50.9899971Z 
2025-02-28T11:13:50.9901509Z     [7m4[0m >>>>>>> 913f8f829de658714bbc42cde32fd3bbb51a7e28
2025-02-28T11:13:50.9901922Z     [7m [0m [91m~~~~~~~[0m
2025-02-28T11:13:50.9902073Z 
2025-02-28T11:13:50.9902078Z 
2025-02-28T11:13:50.9902796Z Test Suites: 13 failed, 44 passed, 57 total
2025-02-28T11:13:50.9903120Z Tests:       275 passed, 275 total
2025-02-28T11:13:50.9903369Z Snapshots:   0 total
2025-02-28T11:13:50.9903581Z Time:        23.453 s
2025-02-28T11:13:50.9903786Z Ran all test suites.
2025-02-28T11:13:51.0038250Z ##[error]Process completed with exit code 1.
2025-02-28T11:13:51.0062310Z ##[group]Run echo "Converting webpack.config.js from ES module to CommonJS format"
2025-02-28T11:13:51.0062945Z [36;1mecho "Converting webpack.config.js from ES module to CommonJS format"[0m
2025-02-28T11:13:51.0063333Z [36;1mcat > webpack.config.js << 'EOF'[0m
2025-02-28T11:13:51.0063596Z [36;1mconst path = require('path');[0m
2025-02-28T11:13:51.0064114Z [36;1mconst HtmlWebpackPlugin = require('html-webpack-plugin');[0m
2025-02-28T11:13:51.0064434Z [36;1m[0m
2025-02-28T11:13:51.0064619Z [36;1mmodule.exports = (env, argv) => ({[0m
2025-02-28T11:13:51.0064879Z [36;1m  entry: './src/index.tsx',[0m
2025-02-28T11:13:51.0065106Z [36;1m  output: {[0m
2025-02-28T11:13:51.0065330Z [36;1m    path: path.resolve(__dirname, 'dist'),[0m
2025-02-28T11:13:51.0065616Z [36;1m    filename: 'bundle.js',[0m
2025-02-28T11:13:51.0065852Z [36;1m    publicPath: '/',[0m
2025-02-28T11:13:51.0066050Z [36;1m  },[0m
2025-02-28T11:13:51.0066220Z [36;1m  resolve: {[0m
2025-02-28T11:13:51.0066457Z [36;1m    extensions: ['.tsx', '.ts', '.js'],[0m
2025-02-28T11:13:51.0066695Z [36;1m    alias: {[0m
2025-02-28T11:13:51.0066909Z [36;1m      '@': path.resolve(__dirname, 'src'),[0m
2025-02-28T11:13:51.0067153Z [36;1m    },[0m
2025-02-28T11:13:51.0067315Z [36;1m  },[0m
2025-02-28T11:13:51.0067507Z [36;1m  devServer: {[0m
2025-02-28T11:13:51.0067722Z [36;1m    historyApiFallback: true,[0m
2025-02-28T11:13:51.0067960Z [36;1m    port: 3000,[0m
2025-02-28T11:13:51.0068156Z [36;1m    hot: true,[0m
2025-02-28T11:13:51.0068334Z [36;1m  },[0m
2025-02-28T11:13:51.0068500Z [36;1m  module: {[0m
2025-02-28T11:13:51.0068684Z [36;1m    rules: [[0m
2025-02-28T11:13:51.0068856Z [36;1m      {[0m
2025-02-28T11:13:51.0069038Z [36;1m        test: /\.(ts|tsx)$/,[0m
2025-02-28T11:13:51.0069278Z [36;1m        exclude: /node_modules/,[0m
2025-02-28T11:13:51.0069513Z [36;1m        use: {[0m
2025-02-28T11:13:51.0069709Z [36;1m          loader: 'ts-loader',[0m
2025-02-28T11:13:51.0069952Z [36;1m          options: {[0m
2025-02-28T11:13:51.0070298Z [36;1m            // Ignore TypeScript errors in development mode or when explicitly specified[0m
2025-02-28T11:13:51.0070820Z [36;1m            transpileOnly: argv.mode === 'development' || (env && env.ignoreTypeErrors === 'true'),[0m
2025-02-28T11:13:51.0071443Z [36;1m          },[0m
2025-02-28T11:13:51.0071635Z [36;1m        },[0m
2025-02-28T11:13:51.0071819Z [36;1m      },[0m
2025-02-28T11:13:51.0071988Z [36;1m      {[0m
2025-02-28T11:13:51.0072165Z [36;1m        test: /\.css$/,[0m
2025-02-28T11:13:51.0072406Z [36;1m        use: ['style-loader', 'css-loader'],[0m
2025-02-28T11:13:51.0072654Z [36;1m      },[0m
2025-02-28T11:13:51.0072821Z [36;1m      {[0m
2025-02-28T11:13:51.0073018Z [36;1m        test: /\.(png|svg|jpg|jpeg|gif)$/i,[0m
2025-02-28T11:13:51.0073286Z [36;1m        type: 'asset/resource',[0m
2025-02-28T11:13:51.0073513Z [36;1m      },[0m
2025-02-28T11:13:51.0073679Z [36;1m    ],[0m
2025-02-28T11:13:51.0073849Z [36;1m  },[0m
2025-02-28T11:13:51.0074020Z [36;1m  plugins: [[0m
2025-02-28T11:13:51.0074220Z [36;1m    new HtmlWebpackPlugin({[0m
2025-02-28T11:13:51.0074474Z [36;1m      template: './src/index.html',[0m
2025-02-28T11:13:51.0074708Z [36;1m    }),[0m
2025-02-28T11:13:51.0074873Z [36;1m  ],[0m
2025-02-28T11:13:51.0075027Z [36;1m});[0m
2025-02-28T11:13:51.0075187Z [36;1mEOF[0m
2025-02-28T11:13:51.0120115Z shell: /usr/bin/bash -e {0}
2025-02-28T11:13:51.0120351Z ##[endgroup]
2025-02-28T11:13:51.0184322Z Converting webpack.config.js from ES module to CommonJS format
2025-02-28T11:13:51.0217257Z ##[group]Run npm run build:dev
2025-02-28T11:13:51.0217522Z [36;1mnpm run build:dev[0m
2025-02-28T11:13:51.0257916Z shell: /usr/bin/bash -e {0}
2025-02-28T11:13:51.0258147Z ##[endgroup]
2025-02-28T11:13:51.1330488Z 
2025-02-28T11:13:51.1331217Z > idle-game@0.6.1 build:dev
2025-02-28T11:13:51.1332045Z > webpack --mode production --env ignoreTypeErrors=true
2025-02-28T11:13:51.1332419Z 
2025-02-28T11:13:59.8393470Z assets by status 537 KiB [1m[32m[cached][39m[22m 2 assets
2025-02-28T11:13:59.8394190Z orphan modules 1.01 MiB [1m[33m[orphan][39m[22m 155 modules
2025-02-28T11:13:59.8394651Z runtime modules 972 bytes 5 modules
2025-02-28T11:13:59.8394980Z cacheable modules 1.74 MiB
2025-02-28T11:13:59.8395389Z   modules by path [1m./src/[39m[22m 1.08 MiB
2025-02-28T11:13:59.8396561Z     modules by path [1m./src/components/[39m[22m 84.3 KiB 32 modules
2025-02-28T11:13:59.8397688Z     modules by path [1m./src/styles/[39m[22m 26.5 KiB 8 modules
2025-02-28T11:13:59.8398741Z     modules by path [1m./src/state/*.ts[39m[22m 16.2 KiB
2025-02-28T11:13:59.8399993Z       [1m./src/state/resourcesSlice.ts[39m[22m 5.48 KiB [1m[33m[built][39m[22m [1m[33m[code generated][39m[22m
2025-02-28T11:13:59.8400543Z       + 3 modules
2025-02-28T11:13:59.8400766Z     + 8 modules
2025-02-28T11:13:59.8401462Z   modules by path [1m./node_modules/[39m[22m 681 KiB 22 modules
2025-02-28T11:13:59.8401934Z 
2025-02-28T11:13:59.8402568Z [1m[31mERROR[39m[22m in [1m/home/runner/work/idle-game/idle-game/src/components/GameTimer.tsx[39m[22m
2025-02-28T11:13:59.8403274Z [1m./src/components/GameTimer.tsx[39m[22m [1m[32m4:0-7[39m[22m
2025-02-28T11:13:59.8404038Z [1m[tsl] [1m[31mERROR[39m[22m[1m in /home/runner/work/idle-game/idle-game/src/components/GameTimer.tsx(4,1)
2025-02-28T11:13:59.8404713Z       TS1185: Merge [1m[31mconflict[39m[22m[1m marker encountered.[39m[22m
2025-02-28T11:13:59.8405130Z ts-loader-default_8c1ff2f85f3e5f59
2025-02-28T11:13:59.8405441Z  @ ./src/components/App.tsx 9:0-36 177:254-263
2025-02-28T11:13:59.8405737Z  @ ./src/index.tsx 6:0-35 17:93-96
2025-02-28T11:13:59.8405894Z 
2025-02-28T11:13:59.8406178Z webpack 5.98.0 compiled with [1m[31m1 error[39m[22m in 8225 ms
2025-02-28T11:13:59.8899817Z ##[error]Process completed with exit code 1.
2025-02-28T11:13:59.9031811Z Post job cleanup.
2025-02-28T11:13:59.9963241Z [command]/usr/bin/git version
2025-02-28T11:14:00.0002051Z git version 2.48.1
2025-02-28T11:14:00.0050620Z Temporarily overriding HOME='/home/runner/work/_temp/b78df666-7720-4d7d-9b55-744626b18066' before making global git config changes
2025-02-28T11:14:00.0052292Z Adding repository directory to the temporary git global config as a safe directory
2025-02-28T11:14:00.0057363Z [command]/usr/bin/git config --global --add safe.directory /home/runner/work/idle-game/idle-game
2025-02-28T11:14:00.0095330Z [command]/usr/bin/git config --local --name-only --get-regexp core\.sshCommand
2025-02-28T11:14:00.0128172Z [command]/usr/bin/git submodule foreach --recursive sh -c "git config --local --name-only --get-regexp 'core\.sshCommand' && git config --local --unset-all 'core.sshCommand' || :"
2025-02-28T11:14:00.0363019Z [command]/usr/bin/git config --local --name-only --get-regexp http\.https\:\/\/github\.com\/\.extraheader
2025-02-28T11:14:00.0384055Z http.https://github.com/.extraheader
2025-02-28T11:14:00.0397178Z [command]/usr/bin/git config --local --unset-all http.https://github.com/.extraheader
2025-02-28T11:14:00.0428443Z [command]/usr/bin/git submodule foreach --recursive sh -c "git config --local --name-only --get-regexp 'http\.https\:\/\/github\.com\/\.extraheader' && git config --local --unset-all 'http.https://github.com/.extraheader' || :"
2025-02-28T11:14:00.0767738Z Cleaning up orphan processes
