2025-02-26T21:38:31.2248069Z Current runner version: '2.322.0'
2025-02-26T21:38:31.2272204Z ##[group]Operating System
2025-02-26T21:38:31.2273137Z Ubuntu
2025-02-26T21:38:31.2273652Z 24.04.2
2025-02-26T21:38:31.2274174Z LTS
2025-02-26T21:38:31.2274865Z ##[endgroup]
2025-02-26T21:38:31.2275432Z ##[group]Runner Image
2025-02-26T21:38:31.2275981Z Image: ubuntu-24.04
2025-02-26T21:38:31.2276550Z Version: 20250223.1.0
2025-02-26T21:38:31.2277592Z Included Software: https://github.com/actions/runner-images/blob/ubuntu24/20250223.1/images/ubuntu/Ubuntu2404-Readme.md
2025-02-26T21:38:31.2279113Z Image Release: https://github.com/actions/runner-images/releases/tag/ubuntu24%2F20250223.1
2025-02-26T21:38:31.2280108Z ##[endgroup]
2025-02-26T21:38:31.2280632Z ##[group]Runner Image Provisioner
2025-02-26T21:38:31.2281186Z 2.0.422.1
2025-02-26T21:38:31.2281768Z ##[endgroup]
2025-02-26T21:38:31.2282838Z ##[group]GITHUB_TOKEN Permissions
2025-02-26T21:38:31.2284852Z Contents: read
2025-02-26T21:38:31.2285385Z Metadata: read
2025-02-26T21:38:31.2286184Z Packages: read
2025-02-26T21:38:31.2286775Z ##[endgroup]
2025-02-26T21:38:31.2289663Z Secret source: Actions
2025-02-26T21:38:31.2290514Z Prepare workflow directory
2025-02-26T21:38:31.2595642Z Prepare all required actions
2025-02-26T21:38:31.2631338Z Getting action download info
2025-02-26T21:38:31.5183515Z Download action repository 'actions/checkout@v4' (SHA:11bd71901bbe5b1630ceea73d27597364c9af683)
2025-02-26T21:38:31.6114374Z Download action repository 'actions/setup-node@v3' (SHA:1a4442cacd436585916779262731d5b162bc6ec7)
2025-02-26T21:38:31.8720514Z Download action repository 'gitleaks/gitleaks-action@v2' (SHA:83373cf2f8c4db6e24b41c1a9b086bb9619e9cd3)
2025-02-26T21:38:32.4543087Z Complete job name: Security Scan
2025-02-26T21:38:32.5261580Z ##[group]Run actions/checkout@v4
2025-02-26T21:38:32.5262509Z with:
2025-02-26T21:38:32.5262980Z   repository: aaron-hogan/idle-game
2025-02-26T21:38:32.5263734Z   token: ***
2025-02-26T21:38:32.5264176Z   ssh-strict: true
2025-02-26T21:38:32.5264789Z   ssh-user: git
2025-02-26T21:38:32.5265282Z   persist-credentials: true
2025-02-26T21:38:32.5265796Z   clean: true
2025-02-26T21:38:32.5266252Z   sparse-checkout-cone-mode: true
2025-02-26T21:38:32.5266801Z   fetch-depth: 1
2025-02-26T21:38:32.5267240Z   fetch-tags: false
2025-02-26T21:38:32.5267703Z   show-progress: true
2025-02-26T21:38:32.5268171Z   lfs: false
2025-02-26T21:38:32.5268625Z   submodules: false
2025-02-26T21:38:32.5269092Z   set-safe-directory: true
2025-02-26T21:38:32.5269844Z ##[endgroup]
2025-02-26T21:38:32.7422505Z Syncing repository: aaron-hogan/idle-game
2025-02-26T21:38:32.7424342Z ##[group]Getting Git version info
2025-02-26T21:38:32.7425378Z Working directory is '/home/runner/work/idle-game/idle-game'
2025-02-26T21:38:32.7426512Z [command]/usr/bin/git version
2025-02-26T21:38:32.7524416Z git version 2.48.1
2025-02-26T21:38:32.7552223Z ##[endgroup]
2025-02-26T21:38:32.7565912Z Temporarily overriding HOME='/home/runner/work/_temp/54d609df-e77c-45ef-b7af-4d68dbc2d867' before making global git config changes
2025-02-26T21:38:32.7568244Z Adding repository directory to the temporary git global config as a safe directory
2025-02-26T21:38:32.7570576Z [command]/usr/bin/git config --global --add safe.directory /home/runner/work/idle-game/idle-game
2025-02-26T21:38:32.7604916Z Deleting the contents of '/home/runner/work/idle-game/idle-game'
2025-02-26T21:38:32.7608978Z ##[group]Initializing the repository
2025-02-26T21:38:32.7612995Z [command]/usr/bin/git init /home/runner/work/idle-game/idle-game
2025-02-26T21:38:32.7690448Z hint: Using 'master' as the name for the initial branch. This default branch name
2025-02-26T21:38:32.7691925Z hint: is subject to change. To configure the initial branch name to use in all
2025-02-26T21:38:32.7692911Z hint: of your new repositories, which will suppress this warning, call:
2025-02-26T21:38:32.7693628Z hint:
2025-02-26T21:38:32.7694148Z hint: 	git config --global init.defaultBranch <name>
2025-02-26T21:38:32.7694919Z hint:
2025-02-26T21:38:32.7695545Z hint: Names commonly chosen instead of 'master' are 'main', 'trunk' and
2025-02-26T21:38:32.7697237Z hint: 'development'. The just-created branch can be renamed via this command:
2025-02-26T21:38:32.7698365Z hint:
2025-02-26T21:38:32.7699094Z hint: 	git branch -m <name>
2025-02-26T21:38:32.7700654Z Initialized empty Git repository in /home/runner/work/idle-game/idle-game/.git/
2025-02-26T21:38:32.7710816Z [command]/usr/bin/git remote add origin https://github.com/aaron-hogan/idle-game
2025-02-26T21:38:32.7744728Z ##[endgroup]
2025-02-26T21:38:32.7746181Z ##[group]Disabling automatic garbage collection
2025-02-26T21:38:32.7749636Z [command]/usr/bin/git config --local gc.auto 0
2025-02-26T21:38:32.7778765Z ##[endgroup]
2025-02-26T21:38:32.7780289Z ##[group]Setting up auth
2025-02-26T21:38:32.7786415Z [command]/usr/bin/git config --local --name-only --get-regexp core\.sshCommand
2025-02-26T21:38:32.7818141Z [command]/usr/bin/git submodule foreach --recursive sh -c "git config --local --name-only --get-regexp 'core\.sshCommand' && git config --local --unset-all 'core.sshCommand' || :"
2025-02-26T21:38:32.8132095Z [command]/usr/bin/git config --local --name-only --get-regexp http\.https\:\/\/github\.com\/\.extraheader
2025-02-26T21:38:32.8162277Z [command]/usr/bin/git submodule foreach --recursive sh -c "git config --local --name-only --get-regexp 'http\.https\:\/\/github\.com\/\.extraheader' && git config --local --unset-all 'http.https://github.com/.extraheader' || :"
2025-02-26T21:38:32.8391558Z [command]/usr/bin/git config --local http.https://github.com/.extraheader AUTHORIZATION: basic ***
2025-02-26T21:38:32.8430495Z ##[endgroup]
2025-02-26T21:38:32.8432017Z ##[group]Fetching the repository
2025-02-26T21:38:32.8442248Z [command]/usr/bin/git -c protocol.version=2 fetch --no-tags --prune --no-recurse-submodules --depth=1 origin +ba6925cc10ebba70bc04defc4aeb7b7d0c12f7ba:refs/remotes/pull/21/merge
2025-02-26T21:38:33.4845281Z From https://github.com/aaron-hogan/idle-game
2025-02-26T21:38:33.4847185Z  * [new ref]         ba6925cc10ebba70bc04defc4aeb7b7d0c12f7ba -> pull/21/merge
2025-02-26T21:38:33.4872710Z ##[endgroup]
2025-02-26T21:38:33.4874176Z ##[group]Determining the checkout info
2025-02-26T21:38:33.4875981Z ##[endgroup]
2025-02-26T21:38:33.4879940Z [command]/usr/bin/git sparse-checkout disable
2025-02-26T21:38:33.4921939Z [command]/usr/bin/git config --local --unset-all extensions.worktreeConfig
2025-02-26T21:38:33.4951450Z ##[group]Checking out the ref
2025-02-26T21:38:33.4955415Z [command]/usr/bin/git checkout --progress --force refs/remotes/pull/21/merge
2025-02-26T21:38:33.5270996Z Note: switching to 'refs/remotes/pull/21/merge'.
2025-02-26T21:38:33.5272475Z 
2025-02-26T21:38:33.5273320Z You are in 'detached HEAD' state. You can look around, make experimental
2025-02-26T21:38:33.5276695Z changes and commit them, and you can discard any commits you make in this
2025-02-26T21:38:33.5279942Z state without impacting any branches by switching back to a branch.
2025-02-26T21:38:33.5281906Z 
2025-02-26T21:38:33.5283164Z If you want to create a new branch to retain commits you create, you may
2025-02-26T21:38:33.5286638Z do so (now or later) by using -c with the switch command. Example:
2025-02-26T21:38:33.5288454Z 
2025-02-26T21:38:33.5289209Z   git switch -c <new-branch-name>
2025-02-26T21:38:33.5290338Z 
2025-02-26T21:38:33.5290839Z Or undo this operation with:
2025-02-26T21:38:33.5291641Z 
2025-02-26T21:38:33.5292108Z   git switch -
2025-02-26T21:38:33.5292731Z 
2025-02-26T21:38:33.5293731Z Turn off this advice by setting config variable advice.detachedHead to false
2025-02-26T21:38:33.5295776Z 
2025-02-26T21:38:33.5298152Z HEAD is now at ba6925c Merge 1b504357f929290fe92949b40cb88606ef838d22 into a9a4fabd3948c290ec46e6ee11a7a7a40b00e528
2025-02-26T21:38:33.5302928Z ##[endgroup]
2025-02-26T21:38:33.5316837Z [command]/usr/bin/git log -1 --format=%H
2025-02-26T21:38:33.5338633Z ba6925cc10ebba70bc04defc4aeb7b7d0c12f7ba
2025-02-26T21:38:33.5724676Z ##[group]Run actions/setup-node@v3
2025-02-26T21:38:33.5725866Z with:
2025-02-26T21:38:33.5726971Z   node-version: 20
2025-02-26T21:38:33.5727891Z   always-auth: false
2025-02-26T21:38:33.5728870Z   check-latest: false
2025-02-26T21:38:33.5730091Z   token: ***
2025-02-26T21:38:33.5730942Z ##[endgroup]
2025-02-26T21:38:33.7563209Z Found in cache @ /opt/hostedtoolcache/node/20.18.3/x64
2025-02-26T21:38:33.7569455Z ##[group]Environment details
2025-02-26T21:38:34.0704691Z node: v20.18.3
2025-02-26T21:38:34.0707411Z npm: 10.8.2
2025-02-26T21:38:34.0708716Z yarn: 1.22.22
2025-02-26T21:38:34.0711073Z ##[endgroup]
2025-02-26T21:38:34.0863815Z ##[group]Run npm ci --prefer-offline
2025-02-26T21:38:34.0865221Z [36;1mnpm ci --prefer-offline[0m
2025-02-26T21:38:34.0920735Z shell: /usr/bin/bash -e {0}
2025-02-26T21:38:34.0921735Z ##[endgroup]
2025-02-26T21:38:38.7382523Z npm warn deprecated react-testing-library@8.0.1: 🚨  react-testing-library has moved to @testing-library/react. Please uninstall react-testing-library and install @testing-library/react instead, or use an older version of react-testing-library. Learn more about this change here: https://github.com/testing-library/dom-testing-library/issues/260 Thanks! :)
2025-02-26T21:38:39.4903118Z npm warn deprecated inflight@1.0.6: This module is not supported, and leaks memory. Do not use it. Check out lru-cache if you want a good and tested way to coalesce async requests by a key value, which is much more comprehensive and powerful.
2025-02-26T21:38:39.6725947Z npm warn deprecated glob@7.2.3: Glob versions prior to v9 are no longer supported
2025-02-26T21:38:40.0873324Z npm warn deprecated domexception@4.0.0: Use your platform's native DOMException instead
2025-02-26T21:38:40.3739662Z npm warn deprecated abab@2.0.6: Use your platform's native atob() and btoa() methods instead
2025-02-26T21:38:43.3847436Z 
2025-02-26T21:38:43.3848201Z added 900 packages, and audited 901 packages in 9s
2025-02-26T21:38:43.3848851Z 
2025-02-26T21:38:43.3849155Z 193 packages are looking for funding
2025-02-26T21:38:43.3849611Z   run `npm fund` for details
2025-02-26T21:38:43.3860697Z 
2025-02-26T21:38:43.3861184Z found 0 vulnerabilities
2025-02-26T21:38:43.4177317Z ##[group]Run npm audit
2025-02-26T21:38:43.4177616Z [36;1mnpm audit[0m
2025-02-26T21:38:43.4226182Z shell: /usr/bin/bash -e {0}
2025-02-26T21:38:43.4226451Z ##[endgroup]
2025-02-26T21:38:44.0431203Z found 0 vulnerabilities
2025-02-26T21:38:44.0587921Z ##[warning]Unexpected input(s) 'scan-type', valid inputs are ['']
2025-02-26T21:38:44.0599092Z ##[group]Run gitleaks/gitleaks-action@v2
2025-02-26T21:38:44.0599364Z with:
2025-02-26T21:38:44.0599545Z   scan-type: repo
2025-02-26T21:38:44.0599731Z env:
2025-02-26T21:38:44.0600122Z   GITHUB_TOKEN: ***
2025-02-26T21:38:44.0600329Z ##[endgroup]
2025-02-26T21:38:44.4856399Z [aaron-hogan] is an individual user. No license key is required.
2025-02-26T21:38:44.4857319Z gitleaks version: 8.16.1
2025-02-26T21:38:44.4860823Z Version to install: 8.16.1 (target directory: /tmp/gitleaks-8.16.1)
2025-02-26T21:38:46.1900982Z Received 0 of 2682759 (0.0%), 0.0 MBs/sec
2025-02-26T21:38:47.1905929Z Received 0 of 2682759 (0.0%), 0.0 MBs/sec
2025-02-26T21:38:48.1913927Z Received 0 of 2682759 (0.0%), 0.0 MBs/sec
2025-02-26T21:38:49.1924035Z Received 0 of 2682759 (0.0%), 0.0 MBs/sec
2025-02-26T21:38:50.0821661Z Received 2682759 of 2682759 (100.0%), 0.5 MBs/sec
2025-02-26T21:38:50.0822701Z Cache Size: ~3 MB (2682759 B)
2025-02-26T21:38:50.0847950Z [command]/usr/bin/tar -z -xf /home/runner/work/_temp/721c70f4-0a93-43b1-b9d1-d476a4518230/cache.tgz -P -C /home/runner/work/idle-game/idle-game
2025-02-26T21:38:50.1407125Z Cache restored successfully
2025-02-26T21:38:50.1416807Z Gitleaks restored from cache
2025-02-26T21:38:50.1419937Z event type: pull_request
2025-02-26T21:38:50.3627426Z gitleaks cmd: gitleaks detect --redact -v --exit-code=2 --report-format=sarif --report-path=results.sarif --log-level=debug --log-opts=--no-merges --first-parent 772ef3141157dacac44dc1fe3addbbc53bac859d^..1b504357f929290fe92949b40cb88606ef838d22
2025-02-26T21:38:50.3644151Z [command]/tmp/gitleaks-8.16.1/gitleaks detect --redact -v --exit-code=2 --report-format=sarif --report-path=results.sarif --log-level=debug --log-opts=--no-merges --first-parent 772ef3141157dacac44dc1fe3addbbc53bac859d^..1b504357f929290fe92949b40cb88606ef838d22
2025-02-26T21:38:50.3684124Z 
2025-02-26T21:38:50.3684853Z     ○
2025-02-26T21:38:50.3685273Z     │╲
2025-02-26T21:38:50.3685639Z     │ ○
2025-02-26T21:38:50.3685843Z     ○ ░
2025-02-26T21:38:50.3686053Z     ░    gitleaks
2025-02-26T21:38:50.3686200Z 
2025-02-26T21:38:50.3686853Z [90m9:38PM[0m [33mDBG[0m no gitleaks config found in path .gitleaks.toml, using default gitleaks config
2025-02-26T21:38:50.3916229Z [90m9:38PM[0m [33mDBG[0m executing: /usr/bin/git -C . log -p -U0 --no-merges --first-parent 772ef3141157dacac44dc1fe3addbbc53bac859d^..1b504357f929290fe92949b40cb88606ef838d22
2025-02-26T21:38:50.3933061Z [90m9:38PM[0m [1m[31mERR[0m[0m [git] fatal: ambiguous argument '772ef3141157dacac44dc1fe3addbbc53bac859d^..1b504357f929290fe92949b40cb88606ef838d22': unknown revision or path not in the working tree.
2025-02-26T21:38:50.3935214Z [90m9:38PM[0m [1m[31mERR[0m[0m [git] Use '--' to separate paths from revisions, like this:
2025-02-26T21:38:50.3936450Z [90m9:38PM[0m [1m[31mERR[0m[0m [git] 'git <command> [<revision>...] -- [<file>...]'
2025-02-26T21:38:50.4421415Z [90m9:38PM[0m [32mINF[0m 0 commits scanned.
2025-02-26T21:38:50.4423088Z [90m9:38PM[0m [33mDBG[0m Note: this number might be smaller than expected due to commits with no additions
2025-02-26T21:38:50.4424904Z [90m9:38PM[0m [1m[31mERR[0m[0m  [36merror=[0m[31m"git error encountered, see logs"[0m
2025-02-26T21:38:50.4426118Z [90m9:38PM[0m [31mWRN[0m partial scan completed in 58.3ms
2025-02-26T21:38:50.4427328Z [90m9:38PM[0m [31mWRN[0m no leaks found in partial scan
2025-02-26T21:38:50.4460109Z Artifact name is valid!
2025-02-26T21:38:50.4461724Z Root directory input is valid!
2025-02-26T21:38:50.7021306Z Beginning upload of artifact content to blob storage
2025-02-26T21:38:50.9893180Z Uploaded bytes 4644
2025-02-26T21:38:51.0649185Z Finished uploading artifact content to blob storage!
2025-02-26T21:38:51.0652725Z SHA256 hash of uploaded artifact zip is 096a13a37aa1119f8923cefbb893f1327e773e6da8320b4c78672a38864f3525
2025-02-26T21:38:51.0654190Z Finalizing artifact upload
2025-02-26T21:38:51.3430105Z Artifact gitleaks-results.sarif.zip successfully finalized. Artifact ID 2659205951
2025-02-26T21:38:51.3455881Z ##[error]ERROR: Unexpected exit code [1]
2025-02-26T21:38:51.3577725Z Post job cleanup.
2025-02-26T21:38:51.5113294Z Post job cleanup.
2025-02-26T21:38:51.6033184Z [command]/usr/bin/git version
2025-02-26T21:38:51.6075468Z git version 2.48.1
2025-02-26T21:38:51.6116840Z Temporarily overriding HOME='/home/runner/work/_temp/02d4a0a8-e45c-4acd-98c1-85db479a2a43' before making global git config changes
2025-02-26T21:38:51.6118250Z Adding repository directory to the temporary git global config as a safe directory
2025-02-26T21:38:51.6121685Z [command]/usr/bin/git config --global --add safe.directory /home/runner/work/idle-game/idle-game
2025-02-26T21:38:51.6155016Z [command]/usr/bin/git config --local --name-only --get-regexp core\.sshCommand
2025-02-26T21:38:51.6185962Z [command]/usr/bin/git submodule foreach --recursive sh -c "git config --local --name-only --get-regexp 'core\.sshCommand' && git config --local --unset-all 'core.sshCommand' || :"
2025-02-26T21:38:51.6412773Z [command]/usr/bin/git config --local --name-only --get-regexp http\.https\:\/\/github\.com\/\.extraheader
2025-02-26T21:38:51.6431823Z http.https://github.com/.extraheader
2025-02-26T21:38:51.6443886Z [command]/usr/bin/git config --local --unset-all http.https://github.com/.extraheader
2025-02-26T21:38:51.6473558Z [command]/usr/bin/git submodule foreach --recursive sh -c "git config --local --name-only --get-regexp 'http\.https\:\/\/github\.com\/\.extraheader' && git config --local --unset-all 'http.https://github.com/.extraheader' || :"
2025-02-26T21:38:51.6810420Z Cleaning up orphan processes
