2025-02-26T21:47:11.7924380Z Current runner version: '2.322.0'
2025-02-26T21:47:11.7950045Z ##[group]Operating System
2025-02-26T21:47:11.7950937Z Ubuntu
2025-02-26T21:47:11.7951509Z 24.04.2
2025-02-26T21:47:11.7952211Z LTS
2025-02-26T21:47:11.7952795Z ##[endgroup]
2025-02-26T21:47:11.7953337Z ##[group]Runner Image
2025-02-26T21:47:11.7953948Z Image: ubuntu-24.04
2025-02-26T21:47:11.7954573Z Version: 20250223.1.0
2025-02-26T21:47:11.7955648Z Included Software: https://github.com/actions/runner-images/blob/ubuntu24/20250223.1/images/ubuntu/Ubuntu2404-Readme.md
2025-02-26T21:47:11.7957041Z Image Release: https://github.com/actions/runner-images/releases/tag/ubuntu24%2F20250223.1
2025-02-26T21:47:11.7958013Z ##[endgroup]
2025-02-26T21:47:11.7958587Z ##[group]Runner Image Provisioner
2025-02-26T21:47:11.7959209Z 2.0.422.1
2025-02-26T21:47:11.7959812Z ##[endgroup]
2025-02-26T21:47:11.7960932Z ##[group]GITHUB_TOKEN Permissions
2025-02-26T21:47:11.7962945Z Contents: read
2025-02-26T21:47:11.7963545Z Metadata: read
2025-02-26T21:47:11.7964394Z Packages: read
2025-02-26T21:47:11.7965004Z ##[endgroup]
2025-02-26T21:47:11.7967945Z Secret source: Actions
2025-02-26T21:47:11.7968752Z Prepare workflow directory
2025-02-26T21:47:11.8270904Z Prepare all required actions
2025-02-26T21:47:11.8307752Z Getting action download info
2025-02-26T21:47:12.0629919Z Download action repository 'actions/checkout@v4' (SHA:11bd71901bbe5b1630ceea73d27597364c9af683)
2025-02-26T21:47:12.1585806Z Download action repository 'actions/setup-node@v3' (SHA:1a4442cacd436585916779262731d5b162bc6ec7)
2025-02-26T21:47:12.2496491Z Download action repository 'gitleaks/gitleaks-action@v2' (SHA:83373cf2f8c4db6e24b41c1a9b086bb9619e9cd3)
2025-02-26T21:47:13.6711563Z Complete job name: Security Scan
2025-02-26T21:47:13.7532512Z ##[group]Run actions/checkout@v4
2025-02-26T21:47:13.7533903Z with:
2025-02-26T21:47:13.7534755Z   repository: aaron-hogan/idle-game
2025-02-26T21:47:13.7536091Z   token: ***
2025-02-26T21:47:13.7536892Z   ssh-strict: true
2025-02-26T21:47:13.7537729Z   ssh-user: git
2025-02-26T21:47:13.7538612Z   persist-credentials: true
2025-02-26T21:47:13.7539550Z   clean: true
2025-02-26T21:47:13.7540404Z   sparse-checkout-cone-mode: true
2025-02-26T21:47:13.7541433Z   fetch-depth: 1
2025-02-26T21:47:13.7542410Z   fetch-tags: false
2025-02-26T21:47:13.7543272Z   show-progress: true
2025-02-26T21:47:13.7544129Z   lfs: false
2025-02-26T21:47:13.7544982Z   submodules: false
2025-02-26T21:47:13.7545860Z   set-safe-directory: true
2025-02-26T21:47:13.7547100Z ##[endgroup]
2025-02-26T21:47:13.9884538Z Syncing repository: aaron-hogan/idle-game
2025-02-26T21:47:13.9887319Z ##[group]Getting Git version info
2025-02-26T21:47:13.9888742Z Working directory is '/home/runner/work/idle-game/idle-game'
2025-02-26T21:47:13.9890835Z [command]/usr/bin/git version
2025-02-26T21:47:13.9963081Z git version 2.48.1
2025-02-26T21:47:13.9991863Z ##[endgroup]
2025-02-26T21:47:14.0006328Z Temporarily overriding HOME='/home/runner/work/_temp/ebc06f05-0c5f-4e50-9176-38109bc0eaaf' before making global git config changes
2025-02-26T21:47:14.0009922Z Adding repository directory to the temporary git global config as a safe directory
2025-02-26T21:47:14.0013388Z [command]/usr/bin/git config --global --add safe.directory /home/runner/work/idle-game/idle-game
2025-02-26T21:47:14.0048905Z Deleting the contents of '/home/runner/work/idle-game/idle-game'
2025-02-26T21:47:14.0052846Z ##[group]Initializing the repository
2025-02-26T21:47:14.0056784Z [command]/usr/bin/git init /home/runner/work/idle-game/idle-game
2025-02-26T21:47:14.0136162Z hint: Using 'master' as the name for the initial branch. This default branch name
2025-02-26T21:47:14.0138315Z hint: is subject to change. To configure the initial branch name to use in all
2025-02-26T21:47:14.0140227Z hint: of your new repositories, which will suppress this warning, call:
2025-02-26T21:47:14.0141890Z hint:
2025-02-26T21:47:14.0143480Z hint: 	git config --global init.defaultBranch <name>
2025-02-26T21:47:14.0145300Z hint:
2025-02-26T21:47:14.0147374Z hint: Names commonly chosen instead of 'master' are 'main', 'trunk' and
2025-02-26T21:47:14.0151240Z hint: 'development'. The just-created branch can be renamed via this command:
2025-02-26T21:47:14.0154182Z hint:
2025-02-26T21:47:14.0155724Z hint: 	git branch -m <name>
2025-02-26T21:47:14.0158559Z Initialized empty Git repository in /home/runner/work/idle-game/idle-game/.git/
2025-02-26T21:47:14.0164124Z [command]/usr/bin/git remote add origin https://github.com/aaron-hogan/idle-game
2025-02-26T21:47:14.0198230Z ##[endgroup]
2025-02-26T21:47:14.0200906Z ##[group]Disabling automatic garbage collection
2025-02-26T21:47:14.0203507Z [command]/usr/bin/git config --local gc.auto 0
2025-02-26T21:47:14.0236038Z ##[endgroup]
2025-02-26T21:47:14.0238526Z ##[group]Setting up auth
2025-02-26T21:47:14.0243973Z [command]/usr/bin/git config --local --name-only --get-regexp core\.sshCommand
2025-02-26T21:47:14.0276605Z [command]/usr/bin/git submodule foreach --recursive sh -c "git config --local --name-only --get-regexp 'core\.sshCommand' && git config --local --unset-all 'core.sshCommand' || :"
2025-02-26T21:47:14.0608062Z [command]/usr/bin/git config --local --name-only --get-regexp http\.https\:\/\/github\.com\/\.extraheader
2025-02-26T21:47:14.0639867Z [command]/usr/bin/git submodule foreach --recursive sh -c "git config --local --name-only --get-regexp 'http\.https\:\/\/github\.com\/\.extraheader' && git config --local --unset-all 'http.https://github.com/.extraheader' || :"
2025-02-26T21:47:14.0879370Z [command]/usr/bin/git config --local http.https://github.com/.extraheader AUTHORIZATION: basic ***
2025-02-26T21:47:14.0918707Z ##[endgroup]
2025-02-26T21:47:14.0921099Z ##[group]Fetching the repository
2025-02-26T21:47:14.0928879Z [command]/usr/bin/git -c protocol.version=2 fetch --no-tags --prune --no-recurse-submodules --depth=1 origin +b57897da22d749ed8718ff83ad265b808167b64c:refs/remotes/pull/21/merge
2025-02-26T21:47:14.8012878Z From https://github.com/aaron-hogan/idle-game
2025-02-26T21:47:14.8014504Z  * [new ref]         b57897da22d749ed8718ff83ad265b808167b64c -> pull/21/merge
2025-02-26T21:47:14.8044791Z ##[endgroup]
2025-02-26T21:47:14.8047056Z ##[group]Determining the checkout info
2025-02-26T21:47:14.8049889Z ##[endgroup]
2025-02-26T21:47:14.8053525Z [command]/usr/bin/git sparse-checkout disable
2025-02-26T21:47:14.8093423Z [command]/usr/bin/git config --local --unset-all extensions.worktreeConfig
2025-02-26T21:47:14.8122196Z ##[group]Checking out the ref
2025-02-26T21:47:14.8125419Z [command]/usr/bin/git checkout --progress --force refs/remotes/pull/21/merge
2025-02-26T21:47:14.8418117Z Note: switching to 'refs/remotes/pull/21/merge'.
2025-02-26T21:47:14.8419577Z 
2025-02-26T21:47:14.8420478Z You are in 'detached HEAD' state. You can look around, make experimental
2025-02-26T21:47:14.8423860Z changes and commit them, and you can discard any commits you make in this
2025-02-26T21:47:14.8427407Z state without impacting any branches by switching back to a branch.
2025-02-26T21:47:14.8429475Z 
2025-02-26T21:47:14.8430579Z If you want to create a new branch to retain commits you create, you may
2025-02-26T21:47:14.8433738Z do so (now or later) by using -c with the switch command. Example:
2025-02-26T21:47:14.8435352Z 
2025-02-26T21:47:14.8435963Z   git switch -c <new-branch-name>
2025-02-26T21:47:14.8436993Z 
2025-02-26T21:47:14.8437537Z Or undo this operation with:
2025-02-26T21:47:14.8438484Z 
2025-02-26T21:47:14.8438804Z   git switch -
2025-02-26T21:47:14.8439259Z 
2025-02-26T21:47:14.8439983Z Turn off this advice by setting config variable advice.detachedHead to false
2025-02-26T21:47:14.8441055Z 
2025-02-26T21:47:14.8442494Z HEAD is now at b57897d Merge be2afa3623a1f9b0632105e166dfb6dcf9b12727 into a9a4fabd3948c290ec46e6ee11a7a7a40b00e528
2025-02-26T21:47:14.8545720Z ##[endgroup]
2025-02-26T21:47:14.8548944Z [command]/usr/bin/git log -1 --format=%H
2025-02-26T21:47:14.8550122Z b57897da22d749ed8718ff83ad265b808167b64c
2025-02-26T21:47:14.8773755Z ##[group]Run actions/setup-node@v3
2025-02-26T21:47:14.8774694Z with:
2025-02-26T21:47:14.8775529Z   node-version: 20
2025-02-26T21:47:14.8776257Z   always-auth: false
2025-02-26T21:47:14.8777012Z   check-latest: false
2025-02-26T21:47:14.8778001Z   token: ***
2025-02-26T21:47:14.8778677Z ##[endgroup]
2025-02-26T21:47:15.0598646Z Found in cache @ /opt/hostedtoolcache/node/20.18.3/x64
2025-02-26T21:47:15.0604266Z ##[group]Environment details
2025-02-26T21:47:15.3919160Z node: v20.18.3
2025-02-26T21:47:15.3919765Z npm: 10.8.2
2025-02-26T21:47:15.3920250Z yarn: 1.22.22
2025-02-26T21:47:15.3921295Z ##[endgroup]
2025-02-26T21:47:15.4037400Z ##[group]Run npm ci --prefer-offline
2025-02-26T21:47:15.4037850Z [36;1mnpm ci --prefer-offline[0m
2025-02-26T21:47:15.4090713Z shell: /usr/bin/bash -e {0}
2025-02-26T21:47:15.4091033Z ##[endgroup]
2025-02-26T21:47:18.6482547Z npm warn deprecated react-testing-library@8.0.1: 🚨  react-testing-library has moved to @testing-library/react. Please uninstall react-testing-library and install @testing-library/react instead, or use an older version of react-testing-library. Learn more about this change here: https://github.com/testing-library/dom-testing-library/issues/260 Thanks! :)
2025-02-26T21:47:19.4053912Z npm warn deprecated inflight@1.0.6: This module is not supported, and leaks memory. Do not use it. Check out lru-cache if you want a good and tested way to coalesce async requests by a key value, which is much more comprehensive and powerful.
2025-02-26T21:47:19.5740876Z npm warn deprecated glob@7.2.3: Glob versions prior to v9 are no longer supported
2025-02-26T21:47:19.9798131Z npm warn deprecated domexception@4.0.0: Use your platform's native DOMException instead
2025-02-26T21:47:20.3211351Z npm warn deprecated abab@2.0.6: Use your platform's native atob() and btoa() methods instead
2025-02-26T21:47:23.3188992Z 
2025-02-26T21:47:23.3190560Z added 900 packages, and audited 901 packages in 8s
2025-02-26T21:47:23.3191207Z 
2025-02-26T21:47:23.3191540Z 193 packages are looking for funding
2025-02-26T21:47:23.3192285Z   run `npm fund` for details
2025-02-26T21:47:23.3201746Z 
2025-02-26T21:47:23.3202342Z found 0 vulnerabilities
2025-02-26T21:47:23.3529888Z ##[group]Run npm audit
2025-02-26T21:47:23.3530186Z [36;1mnpm audit[0m
2025-02-26T21:47:23.3576875Z shell: /usr/bin/bash -e {0}
2025-02-26T21:47:23.3577153Z ##[endgroup]
2025-02-26T21:47:23.9340298Z found 0 vulnerabilities
2025-02-26T21:47:23.9460281Z ##[warning]Unexpected input(s) 'scan-type', valid inputs are ['']
2025-02-26T21:47:23.9471470Z ##[group]Run gitleaks/gitleaks-action@v2
2025-02-26T21:47:23.9471730Z with:
2025-02-26T21:47:23.9471907Z   scan-type: repo
2025-02-26T21:47:23.9472308Z env:
2025-02-26T21:47:23.9472717Z   GITHUB_TOKEN: ***
2025-02-26T21:47:23.9472921Z ##[endgroup]
2025-02-26T21:47:24.4216680Z [aaron-hogan] is an individual user. No license key is required.
2025-02-26T21:47:24.4217371Z gitleaks version: 8.16.1
2025-02-26T21:47:24.4220191Z Version to install: 8.16.1 (target directory: /tmp/gitleaks-8.16.1)
2025-02-26T21:47:25.9695746Z Received 2682759 of 2682759 (100.0%), 2.8 MBs/sec
2025-02-26T21:47:25.9696548Z Cache Size: ~3 MB (2682759 B)
2025-02-26T21:47:25.9720863Z [command]/usr/bin/tar -z -xf /home/runner/work/_temp/d9a0f615-dc4f-4f4d-bd00-9496ba173153/cache.tgz -P -C /home/runner/work/idle-game/idle-game
2025-02-26T21:47:26.0276025Z Cache restored successfully
2025-02-26T21:47:26.0285175Z Gitleaks restored from cache
2025-02-26T21:47:26.0288377Z event type: pull_request
2025-02-26T21:47:26.2860411Z gitleaks cmd: gitleaks detect --redact -v --exit-code=2 --report-format=sarif --report-path=results.sarif --log-level=debug --log-opts=--no-merges --first-parent 772ef3141157dacac44dc1fe3addbbc53bac859d^..be2afa3623a1f9b0632105e166dfb6dcf9b12727
2025-02-26T21:47:26.2880576Z [command]/tmp/gitleaks-8.16.1/gitleaks detect --redact -v --exit-code=2 --report-format=sarif --report-path=results.sarif --log-level=debug --log-opts=--no-merges --first-parent 772ef3141157dacac44dc1fe3addbbc53bac859d^..be2afa3623a1f9b0632105e166dfb6dcf9b12727
2025-02-26T21:47:26.2919140Z 
2025-02-26T21:47:26.2919965Z     ○
2025-02-26T21:47:26.2920840Z     │╲
2025-02-26T21:47:26.2921191Z     │ ○
2025-02-26T21:47:26.2921494Z     ○ ░
2025-02-26T21:47:26.2921811Z     ░    gitleaks
2025-02-26T21:47:26.2922184Z 
2025-02-26T21:47:26.2923147Z [90m9:47PM[0m [33mDBG[0m no gitleaks config found in path .gitleaks.toml, using default gitleaks config
2025-02-26T21:47:26.3177806Z [90m9:47PM[0m [33mDBG[0m executing: /usr/bin/git -C . log -p -U0 --no-merges --first-parent 772ef3141157dacac44dc1fe3addbbc53bac859d^..be2afa3623a1f9b0632105e166dfb6dcf9b12727
2025-02-26T21:47:26.3194729Z [90m9:47PM[0m [1m[31mERR[0m[0m [git] fatal: ambiguous argument '772ef3141157dacac44dc1fe3addbbc53bac859d^..be2afa3623a1f9b0632105e166dfb6dcf9b12727': unknown revision or path not in the working tree.
2025-02-26T21:47:26.3195858Z [90m9:47PM[0m [1m[31mERR[0m[0m [git] Use '--' to separate paths from revisions, like this:
2025-02-26T21:47:26.3196523Z [90m9:47PM[0m [1m[31mERR[0m[0m [git] 'git <command> [<revision>...] -- [<file>...]'
2025-02-26T21:47:26.3685954Z [90m9:47PM[0m [32mINF[0m 0 commits scanned.
2025-02-26T21:47:26.3687207Z [90m9:47PM[0m [33mDBG[0m Note: this number might be smaller than expected due to commits with no additions
2025-02-26T21:47:26.3688493Z [90m9:47PM[0m [1m[31mERR[0m[0m  [36merror=[0m[31m"git error encountered, see logs"[0m
2025-02-26T21:47:26.3689404Z [90m9:47PM[0m [31mWRN[0m partial scan completed in 59.2ms
2025-02-26T21:47:26.3689957Z [90m9:47PM[0m [31mWRN[0m no leaks found in partial scan
2025-02-26T21:47:26.3713145Z Artifact name is valid!
2025-02-26T21:47:26.3714008Z Root directory input is valid!
2025-02-26T21:47:26.6372094Z Beginning upload of artifact content to blob storage
2025-02-26T21:47:26.9408682Z Uploaded bytes 4644
2025-02-26T21:47:27.0202954Z Finished uploading artifact content to blob storage!
2025-02-26T21:47:27.0206575Z SHA256 hash of uploaded artifact zip is 63fea54b3b6b53e164ecf031d9f29f10a62852d22b2e43ecaf18a9a07c38165e
2025-02-26T21:47:27.0207594Z Finalizing artifact upload
2025-02-26T21:47:27.3081162Z Artifact gitleaks-results.sarif.zip successfully finalized. Artifact ID 2659249865
2025-02-26T21:47:27.3109399Z ##[error]ERROR: Unexpected exit code [1]
2025-02-26T21:47:27.3224055Z Post job cleanup.
2025-02-26T21:47:27.4802803Z Post job cleanup.
2025-02-26T21:47:27.5751058Z [command]/usr/bin/git version
2025-02-26T21:47:27.5792964Z git version 2.48.1
2025-02-26T21:47:27.5834472Z Temporarily overriding HOME='/home/runner/work/_temp/92eba838-1fe6-439b-b5d4-26f93ce751ab' before making global git config changes
2025-02-26T21:47:27.5835643Z Adding repository directory to the temporary git global config as a safe directory
2025-02-26T21:47:27.5839475Z [command]/usr/bin/git config --global --add safe.directory /home/runner/work/idle-game/idle-game
2025-02-26T21:47:27.5872802Z [command]/usr/bin/git config --local --name-only --get-regexp core\.sshCommand
2025-02-26T21:47:27.5903736Z [command]/usr/bin/git submodule foreach --recursive sh -c "git config --local --name-only --get-regexp 'core\.sshCommand' && git config --local --unset-all 'core.sshCommand' || :"
2025-02-26T21:47:27.6128825Z [command]/usr/bin/git config --local --name-only --get-regexp http\.https\:\/\/github\.com\/\.extraheader
2025-02-26T21:47:27.6148140Z http.https://github.com/.extraheader
2025-02-26T21:47:27.6160012Z [command]/usr/bin/git config --local --unset-all http.https://github.com/.extraheader
2025-02-26T21:47:27.6190328Z [command]/usr/bin/git submodule foreach --recursive sh -c "git config --local --name-only --get-regexp 'http\.https\:\/\/github\.com\/\.extraheader' && git config --local --unset-all 'http.https://github.com/.extraheader' || :"
2025-02-26T21:47:27.6510458Z Cleaning up orphan processes
