2025-02-26T21:44:07.1297780Z Current runner version: '2.322.0'
2025-02-26T21:44:07.1323143Z ##[group]Operating System
2025-02-26T21:44:07.1324348Z Ubuntu
2025-02-26T21:44:07.1324900Z 24.04.2
2025-02-26T21:44:07.1325450Z LTS
2025-02-26T21:44:07.1325941Z ##[endgroup]
2025-02-26T21:44:07.1326429Z ##[group]Runner Image
2025-02-26T21:44:07.1327035Z Image: ubuntu-24.04
2025-02-26T21:44:07.1327580Z Version: 20250223.1.0
2025-02-26T21:44:07.1328616Z Included Software: https://github.com/actions/runner-images/blob/ubuntu24/20250223.1/images/ubuntu/Ubuntu2404-Readme.md
2025-02-26T21:44:07.1330031Z Image Release: https://github.com/actions/runner-images/releases/tag/ubuntu24%2F20250223.1
2025-02-26T21:44:07.1330966Z ##[endgroup]
2025-02-26T21:44:07.1331458Z ##[group]Runner Image Provisioner
2025-02-26T21:44:07.1332111Z 2.0.422.1
2025-02-26T21:44:07.1332613Z ##[endgroup]
2025-02-26T21:44:07.1333999Z ##[group]GITHUB_TOKEN Permissions
2025-02-26T21:44:07.1335884Z Contents: read
2025-02-26T21:44:07.1336490Z Metadata: read
2025-02-26T21:44:07.1337355Z Packages: read
2025-02-26T21:44:07.1337929Z ##[endgroup]
2025-02-26T21:44:07.1341054Z Secret source: Actions
2025-02-26T21:44:07.1341793Z Prepare workflow directory
2025-02-26T21:44:07.1659057Z Prepare all required actions
2025-02-26T21:44:07.1696680Z Getting action download info
2025-02-26T21:44:07.3443079Z Download action repository 'actions/checkout@v4' (SHA:11bd71901bbe5b1630ceea73d27597364c9af683)
2025-02-26T21:44:07.4305520Z Download action repository 'actions/setup-node@v3' (SHA:1a4442cacd436585916779262731d5b162bc6ec7)
2025-02-26T21:44:07.5206423Z Download action repository 'codecov/codecov-action@v3' (SHA:ab904c41d6ece82784817410c45d8b8c02684457)
2025-02-26T21:44:07.8362990Z Complete job name: Build and Test
2025-02-26T21:44:07.9128224Z ##[group]Run actions/checkout@v4
2025-02-26T21:44:07.9129082Z with:
2025-02-26T21:44:07.9129477Z   fetch-depth: 0
2025-02-26T21:44:07.9129902Z   repository: aaron-hogan/idle-game
2025-02-26T21:44:07.9130575Z   token: ***
2025-02-26T21:44:07.9130961Z   ssh-strict: true
2025-02-26T21:44:07.9131389Z   ssh-user: git
2025-02-26T21:44:07.9131796Z   persist-credentials: true
2025-02-26T21:44:07.9132244Z   clean: true
2025-02-26T21:44:07.9132646Z   sparse-checkout-cone-mode: true
2025-02-26T21:44:07.9133134Z   fetch-tags: false
2025-02-26T21:44:07.9133536Z   show-progress: true
2025-02-26T21:44:07.9134217Z   lfs: false
2025-02-26T21:44:07.9134581Z   submodules: false
2025-02-26T21:44:07.9135405Z   set-safe-directory: true
2025-02-26T21:44:07.9136655Z ##[endgroup]
2025-02-26T21:44:08.0927217Z Syncing repository: aaron-hogan/idle-game
2025-02-26T21:44:08.0929095Z ##[group]Getting Git version info
2025-02-26T21:44:08.0929825Z Working directory is '/home/runner/work/idle-game/idle-game'
2025-02-26T21:44:08.0930874Z [command]/usr/bin/git version
2025-02-26T21:44:08.0980906Z git version 2.48.1
2025-02-26T21:44:08.1017117Z ##[endgroup]
2025-02-26T21:44:08.1035406Z Temporarily overriding HOME='/home/runner/work/_temp/5f8aa2cc-2837-4188-9331-42269d3c488f' before making global git config changes
2025-02-26T21:44:08.1039482Z Adding repository directory to the temporary git global config as a safe directory
2025-02-26T21:44:08.1048364Z [command]/usr/bin/git config --global --add safe.directory /home/runner/work/idle-game/idle-game
2025-02-26T21:44:08.1090244Z Deleting the contents of '/home/runner/work/idle-game/idle-game'
2025-02-26T21:44:08.1093969Z ##[group]Initializing the repository
2025-02-26T21:44:08.1098095Z [command]/usr/bin/git init /home/runner/work/idle-game/idle-game
2025-02-26T21:44:08.1164949Z hint: Using 'master' as the name for the initial branch. This default branch name
2025-02-26T21:44:08.1166441Z hint: is subject to change. To configure the initial branch name to use in all
2025-02-26T21:44:08.1167375Z hint: of your new repositories, which will suppress this warning, call:
2025-02-26T21:44:08.1168553Z hint:
2025-02-26T21:44:08.1169248Z hint: 	git config --global init.defaultBranch <name>
2025-02-26T21:44:08.1169942Z hint:
2025-02-26T21:44:08.1170958Z hint: Names commonly chosen instead of 'master' are 'main', 'trunk' and
2025-02-26T21:44:08.1173055Z hint: 'development'. The just-created branch can be renamed via this command:
2025-02-26T21:44:08.1174593Z hint:
2025-02-26T21:44:08.1175336Z hint: 	git branch -m <name>
2025-02-26T21:44:08.1176662Z Initialized empty Git repository in /home/runner/work/idle-game/idle-game/.git/
2025-02-26T21:44:08.1183192Z [command]/usr/bin/git remote add origin https://github.com/aaron-hogan/idle-game
2025-02-26T21:44:08.1221325Z ##[endgroup]
2025-02-26T21:44:08.1222063Z ##[group]Disabling automatic garbage collection
2025-02-26T21:44:08.1227480Z [command]/usr/bin/git config --local gc.auto 0
2025-02-26T21:44:08.1264115Z ##[endgroup]
2025-02-26T21:44:08.1265490Z ##[group]Setting up auth
2025-02-26T21:44:08.1274310Z [command]/usr/bin/git config --local --name-only --get-regexp core\.sshCommand
2025-02-26T21:44:08.1403830Z [command]/usr/bin/git submodule foreach --recursive sh -c "git config --local --name-only --get-regexp 'core\.sshCommand' && git config --local --unset-all 'core.sshCommand' || :"
2025-02-26T21:44:08.1632704Z [command]/usr/bin/git config --local --name-only --get-regexp http\.https\:\/\/github\.com\/\.extraheader
2025-02-26T21:44:08.1667797Z [command]/usr/bin/git submodule foreach --recursive sh -c "git config --local --name-only --get-regexp 'http\.https\:\/\/github\.com\/\.extraheader' && git config --local --unset-all 'http.https://github.com/.extraheader' || :"
2025-02-26T21:44:08.1934341Z [command]/usr/bin/git config --local http.https://github.com/.extraheader AUTHORIZATION: basic ***
2025-02-26T21:44:08.1974243Z ##[endgroup]
2025-02-26T21:44:08.1975562Z ##[group]Fetching the repository
2025-02-26T21:44:08.1985486Z [command]/usr/bin/git -c protocol.version=2 fetch --prune --no-recurse-submodules origin +refs/heads/*:refs/remotes/origin/* +refs/tags/*:refs/tags/* +a4f61513eb0183e5a4d5a3a6563caae097c8f528:refs/remotes/pull/22/merge
2025-02-26T21:44:08.4979734Z From https://github.com/aaron-hogan/idle-game
2025-02-26T21:44:08.4981843Z  * [new branch]      archive/day-timer-fix-feb2025            -> origin/archive/day-timer-fix-feb2025
2025-02-26T21:44:08.4984124Z  * [new branch]      docs/enhance-git-documentation           -> origin/docs/enhance-git-documentation
2025-02-26T21:44:08.4988794Z  * [new branch]      docs/improve-branch-protection           -> origin/docs/improve-branch-protection
2025-02-26T21:44:08.4990847Z  * [new branch]      feature/game-balance-config              -> origin/feature/game-balance-config
2025-02-26T21:44:08.4992759Z  * [new branch]      feature/github-actions-ci                -> origin/feature/github-actions-ci
2025-02-26T21:44:08.4995012Z  * [new branch]      fix/changelog-versioning                 -> origin/fix/changelog-versioning
2025-02-26T21:44:08.4997093Z  * [new branch]      fix/oppression-rate-display              -> origin/fix/oppression-rate-display
2025-02-26T21:44:08.4998908Z  * [new branch]      main                                     -> origin/main
2025-02-26T21:44:08.5000682Z  * [new branch]      test/github-actions-hello-world          -> origin/test/github-actions-hello-world
2025-02-26T21:44:08.5002822Z  * [new ref]         a4f61513eb0183e5a4d5a3a6563caae097c8f528 -> pull/22/merge
2025-02-26T21:44:08.5042909Z ##[endgroup]
2025-02-26T21:44:08.5044743Z ##[group]Determining the checkout info
2025-02-26T21:44:08.5046336Z ##[endgroup]
2025-02-26T21:44:08.5050385Z [command]/usr/bin/git sparse-checkout disable
2025-02-26T21:44:08.5091163Z [command]/usr/bin/git config --local --unset-all extensions.worktreeConfig
2025-02-26T21:44:08.5120575Z ##[group]Checking out the ref
2025-02-26T21:44:08.5124423Z [command]/usr/bin/git checkout --progress --force refs/remotes/pull/22/merge
2025-02-26T21:44:08.5428915Z Note: switching to 'refs/remotes/pull/22/merge'.
2025-02-26T21:44:08.5430753Z 
2025-02-26T21:44:08.5431911Z You are in 'detached HEAD' state. You can look around, make experimental
2025-02-26T21:44:08.5436291Z changes and commit them, and you can discard any commits you make in this
2025-02-26T21:44:08.5439035Z state without impacting any branches by switching back to a branch.
2025-02-26T21:44:08.5440185Z 
2025-02-26T21:44:08.5440730Z If you want to create a new branch to retain commits you create, you may
2025-02-26T21:44:08.5441935Z do so (now or later) by using -c with the switch command. Example:
2025-02-26T21:44:08.5442623Z 
2025-02-26T21:44:08.5442939Z   git switch -c <new-branch-name>
2025-02-26T21:44:08.5443432Z 
2025-02-26T21:44:08.5444036Z Or undo this operation with:
2025-02-26T21:44:08.5444572Z 
2025-02-26T21:44:08.5444862Z   git switch -
2025-02-26T21:44:08.5445261Z 
2025-02-26T21:44:08.5445932Z Turn off this advice by setting config variable advice.detachedHead to false
2025-02-26T21:44:08.5446847Z 
2025-02-26T21:44:08.5447839Z HEAD is now at a4f6151 Merge a5f7e343166309a1244f889d6fe84ae854a14912 into a9a4fabd3948c290ec46e6ee11a7a7a40b00e528
2025-02-26T21:44:08.5451161Z ##[endgroup]
2025-02-26T21:44:08.5478512Z [command]/usr/bin/git log -1 --format=%H
2025-02-26T21:44:08.5502368Z a4f61513eb0183e5a4d5a3a6563caae097c8f528
2025-02-26T21:44:08.5796628Z ##[group]Run actions/setup-node@v3
2025-02-26T21:44:08.5797949Z with:
2025-02-26T21:44:08.5798815Z   node-version: 20
2025-02-26T21:44:08.5799736Z   cache: npm
2025-02-26T21:44:08.5800620Z   always-auth: false
2025-02-26T21:44:08.5801606Z   check-latest: false
2025-02-26T21:44:08.5802888Z   token: ***
2025-02-26T21:44:08.5803910Z ##[endgroup]
2025-02-26T21:44:08.7675347Z Found in cache @ /opt/hostedtoolcache/node/20.18.3/x64
2025-02-26T21:44:08.7680466Z ##[group]Environment details
2025-02-26T21:44:09.1168508Z node: v20.18.3
2025-02-26T21:44:09.1169633Z npm: 10.8.2
2025-02-26T21:44:09.1169970Z yarn: 1.22.22
2025-02-26T21:44:09.1171139Z ##[endgroup]
2025-02-26T21:44:09.1182025Z [command]/opt/hostedtoolcache/node/20.18.3/x64/bin/npm config get cache
2025-02-26T21:44:09.2331610Z /home/runner/.npm
2025-02-26T21:44:09.3338799Z npm cache is not found
2025-02-26T21:44:09.3448618Z ##[group]Run npm ci --prefer-offline
2025-02-26T21:44:09.3449004Z [36;1mnpm ci --prefer-offline[0m
2025-02-26T21:44:09.3502636Z shell: /usr/bin/bash -e {0}
2025-02-26T21:44:09.3502942Z ##[endgroup]
2025-02-26T21:44:12.4311162Z npm warn deprecated react-testing-library@8.0.1: 🚨  react-testing-library has moved to @testing-library/react. Please uninstall react-testing-library and install @testing-library/react instead, or use an older version of react-testing-library. Learn more about this change here: https://github.com/testing-library/dom-testing-library/issues/260 Thanks! :)
2025-02-26T21:44:13.1358287Z npm warn deprecated inflight@1.0.6: This module is not supported, and leaks memory. Do not use it. Check out lru-cache if you want a good and tested way to coalesce async requests by a key value, which is much more comprehensive and powerful.
2025-02-26T21:44:13.3098993Z npm warn deprecated glob@7.2.3: Glob versions prior to v9 are no longer supported
2025-02-26T21:44:13.6777675Z npm warn deprecated domexception@4.0.0: Use your platform's native DOMException instead
2025-02-26T21:44:14.0106012Z npm warn deprecated abab@2.0.6: Use your platform's native atob() and btoa() methods instead
2025-02-26T21:44:17.2613477Z 
2025-02-26T21:44:17.2615782Z added 900 packages, and audited 901 packages in 8s
2025-02-26T21:44:17.2616249Z 
2025-02-26T21:44:17.2616559Z 193 packages are looking for funding
2025-02-26T21:44:17.2617493Z   run `npm fund` for details
2025-02-26T21:44:17.2627336Z 
2025-02-26T21:44:17.2627945Z found 0 vulnerabilities
2025-02-26T21:44:17.2945623Z ##[group]Run npm run lint
2025-02-26T21:44:17.2946045Z [36;1mnpm run lint[0m
2025-02-26T21:44:17.2996316Z shell: /usr/bin/bash -e {0}
2025-02-26T21:44:17.2996582Z ##[endgroup]
2025-02-26T21:44:17.4113844Z 
2025-02-26T21:44:17.4114294Z > idle-game@0.1.0 lint
2025-02-26T21:44:17.4114838Z > eslint src --ext .ts,.tsx
2025-02-26T21:44:17.4115142Z 
2025-02-26T21:44:17.5912135Z (node:1882) Warning: To load an ES module, set "type": "module" in the package.json or use the .mjs extension.
2025-02-26T21:44:17.5913465Z (Use `node --trace-warnings ...` to show where the warning was created)
2025-02-26T21:44:17.5917501Z 
2025-02-26T21:44:17.5917741Z Oops! Something went wrong! :(
2025-02-26T21:44:17.5917949Z 
2025-02-26T21:44:17.5918048Z ESLint: 9.21.0
2025-02-26T21:44:17.5918197Z 
2025-02-26T21:44:17.5918438Z /home/runner/work/idle-game/idle-game/eslint.config.js:1
2025-02-26T21:44:17.5918839Z import eslint from '@eslint/js';
2025-02-26T21:44:17.5919080Z ^^^^^^
2025-02-26T21:44:17.5919241Z 
2025-02-26T21:44:17.5919475Z SyntaxError: Cannot use import statement outside a module
2025-02-26T21:44:17.5919893Z     at wrapSafe (node:internal/modules/cjs/loader:1378:20)
2025-02-26T21:44:17.5920293Z     at Module._compile (node:internal/modules/cjs/loader:1428:41)
2025-02-26T21:44:17.5920737Z     at Module._extensions..js (node:internal/modules/cjs/loader:1548:10)
2025-02-26T21:44:17.5921162Z     at Module.load (node:internal/modules/cjs/loader:1288:32)
2025-02-26T21:44:17.5921553Z     at Module._load (node:internal/modules/cjs/loader:1104:12)
2025-02-26T21:44:17.5921951Z     at cjsLoader (node:internal/modules/esm/translators:346:17)
2025-02-26T21:44:17.5922434Z     at ModuleWrap.<anonymous> (node:internal/modules/esm/translators:286:7)
2025-02-26T21:44:17.5922898Z     at ModuleJob.run (node:internal/modules/esm/module_job:234:25)
2025-02-26T21:44:17.5923355Z     at async ModuleLoader.import (node:internal/modules/esm/loader:473:24)
2025-02-26T21:44:17.5924580Z     at async loadConfigFile (/home/runner/work/idle-game/idle-game/node_modules/eslint/lib/config/config-loader.js:197:21)
2025-02-26T21:44:17.6040488Z ##[error]Process completed with exit code 2.
2025-02-26T21:44:17.6146695Z Post job cleanup.
2025-02-26T21:44:17.7078947Z [command]/usr/bin/git version
2025-02-26T21:44:17.7114090Z git version 2.48.1
2025-02-26T21:44:17.7162020Z Temporarily overriding HOME='/home/runner/work/_temp/1485cc47-acc0-4085-b44d-e62e6c816366' before making global git config changes
2025-02-26T21:44:17.7163012Z Adding repository directory to the temporary git global config as a safe directory
2025-02-26T21:44:17.7167299Z [command]/usr/bin/git config --global --add safe.directory /home/runner/work/idle-game/idle-game
2025-02-26T21:44:17.7199975Z [command]/usr/bin/git config --local --name-only --get-regexp core\.sshCommand
2025-02-26T21:44:17.7231085Z [command]/usr/bin/git submodule foreach --recursive sh -c "git config --local --name-only --get-regexp 'core\.sshCommand' && git config --local --unset-all 'core.sshCommand' || :"
2025-02-26T21:44:17.7457196Z [command]/usr/bin/git config --local --name-only --get-regexp http\.https\:\/\/github\.com\/\.extraheader
2025-02-26T21:44:17.7476419Z http.https://github.com/.extraheader
2025-02-26T21:44:17.7488515Z [command]/usr/bin/git config --local --unset-all http.https://github.com/.extraheader
2025-02-26T21:44:17.7518176Z [command]/usr/bin/git submodule foreach --recursive sh -c "git config --local --name-only --get-regexp 'http\.https\:\/\/github\.com\/\.extraheader' && git config --local --unset-all 'http.https://github.com/.extraheader' || :"
2025-02-26T21:44:17.7835267Z Cleaning up orphan processes
