2025-02-26T21:44:05.6055318Z Current runner version: '2.322.0'
2025-02-26T21:44:05.6083749Z ##[group]Operating System
2025-02-26T21:44:05.6084538Z Ubuntu
2025-02-26T21:44:05.6085041Z 24.04.2
2025-02-26T21:44:05.6085647Z LTS
2025-02-26T21:44:05.6086313Z ##[endgroup]
2025-02-26T21:44:05.6086862Z ##[group]Runner Image
2025-02-26T21:44:05.6087531Z Image: ubuntu-24.04
2025-02-26T21:44:05.6088068Z Version: 20250223.1.0
2025-02-26T21:44:05.6089127Z Included Software: https://github.com/actions/runner-images/blob/ubuntu24/20250223.1/images/ubuntu/Ubuntu2404-Readme.md
2025-02-26T21:44:05.6090487Z Image Release: https://github.com/actions/runner-images/releases/tag/ubuntu24%2F20250223.1
2025-02-26T21:44:05.6091344Z ##[endgroup]
2025-02-26T21:44:05.6091916Z ##[group]Runner Image Provisioner
2025-02-26T21:44:05.6092523Z 2.0.422.1
2025-02-26T21:44:05.6093021Z ##[endgroup]
2025-02-26T21:44:05.6094135Z ##[group]GITHUB_TOKEN Permissions
2025-02-26T21:44:05.6096449Z Contents: read
2025-02-26T21:44:05.6097087Z Metadata: read
2025-02-26T21:44:05.6097800Z Packages: read
2025-02-26T21:44:05.6098481Z ##[endgroup]
2025-02-26T21:44:05.6101657Z Secret source: Actions
2025-02-26T21:44:05.6102656Z Prepare workflow directory
2025-02-26T21:44:05.6411075Z Prepare all required actions
2025-02-26T21:44:05.6448623Z Getting action download info
2025-02-26T21:44:05.8285081Z Download action repository 'actions/checkout@v4' (SHA:11bd71901bbe5b1630ceea73d27597364c9af683)
2025-02-26T21:44:05.9090010Z Download action repository 'actions/setup-node@v3' (SHA:1a4442cacd436585916779262731d5b162bc6ec7)
2025-02-26T21:44:06.1382982Z Download action repository 'gitleaks/gitleaks-action@v2' (SHA:83373cf2f8c4db6e24b41c1a9b086bb9619e9cd3)
2025-02-26T21:44:06.4731564Z Complete job name: Security Scan
2025-02-26T21:44:06.5491861Z ##[group]Run actions/checkout@v4
2025-02-26T21:44:06.5492998Z with:
2025-02-26T21:44:06.5493733Z   repository: aaron-hogan/idle-game
2025-02-26T21:44:06.5494723Z   token: ***
2025-02-26T21:44:06.5495370Z   ssh-strict: true
2025-02-26T21:44:06.5496203Z   ssh-user: git
2025-02-26T21:44:06.5496911Z   persist-credentials: true
2025-02-26T21:44:06.5497619Z   clean: true
2025-02-26T21:44:06.5498292Z   sparse-checkout-cone-mode: true
2025-02-26T21:44:06.5499042Z   fetch-depth: 1
2025-02-26T21:44:06.5499698Z   fetch-tags: false
2025-02-26T21:44:06.5500385Z   show-progress: true
2025-02-26T21:44:06.5501061Z   lfs: false
2025-02-26T21:44:06.5501707Z   submodules: false
2025-02-26T21:44:06.5502373Z   set-safe-directory: true
2025-02-26T21:44:06.5503348Z ##[endgroup]
2025-02-26T21:44:06.7244221Z Syncing repository: aaron-hogan/idle-game
2025-02-26T21:44:06.7246934Z ##[group]Getting Git version info
2025-02-26T21:44:06.7247958Z Working directory is '/home/runner/work/idle-game/idle-game'
2025-02-26T21:44:06.7249427Z [command]/usr/bin/git version
2025-02-26T21:44:06.7293153Z git version 2.48.1
2025-02-26T21:44:06.7322064Z ##[endgroup]
2025-02-26T21:44:06.7337974Z Temporarily overriding HOME='/home/runner/work/_temp/7ca1a71c-a53c-48fd-9227-607b4a500fe9' before making global git config changes
2025-02-26T21:44:06.7341087Z Adding repository directory to the temporary git global config as a safe directory
2025-02-26T21:44:06.7344419Z [command]/usr/bin/git config --global --add safe.directory /home/runner/work/idle-game/idle-game
2025-02-26T21:44:06.7379730Z Deleting the contents of '/home/runner/work/idle-game/idle-game'
2025-02-26T21:44:06.7384376Z ##[group]Initializing the repository
2025-02-26T21:44:06.7389330Z [command]/usr/bin/git init /home/runner/work/idle-game/idle-game
2025-02-26T21:44:06.7448048Z hint: Using 'master' as the name for the initial branch. This default branch name
2025-02-26T21:44:06.7449723Z hint: is subject to change. To configure the initial branch name to use in all
2025-02-26T21:44:06.7451139Z hint: of your new repositories, which will suppress this warning, call:
2025-02-26T21:44:06.7452602Z hint:
2025-02-26T21:44:06.7453752Z hint: 	git config --global init.defaultBranch <name>
2025-02-26T21:44:06.7455346Z hint:
2025-02-26T21:44:06.7457132Z hint: Names commonly chosen instead of 'master' are 'main', 'trunk' and
2025-02-26T21:44:06.7459849Z hint: 'development'. The just-created branch can be renamed via this command:
2025-02-26T21:44:06.7461599Z hint:
2025-02-26T21:44:06.7462776Z hint: 	git branch -m <name>
2025-02-26T21:44:06.7464685Z Initialized empty Git repository in /home/runner/work/idle-game/idle-game/.git/
2025-02-26T21:44:06.7468898Z [command]/usr/bin/git remote add origin https://github.com/aaron-hogan/idle-game
2025-02-26T21:44:06.7499203Z ##[endgroup]
2025-02-26T21:44:06.7501147Z ##[group]Disabling automatic garbage collection
2025-02-26T21:44:06.7503309Z [command]/usr/bin/git config --local gc.auto 0
2025-02-26T21:44:06.7533151Z ##[endgroup]
2025-02-26T21:44:06.7535148Z ##[group]Setting up auth
2025-02-26T21:44:06.7540852Z [command]/usr/bin/git config --local --name-only --get-regexp core\.sshCommand
2025-02-26T21:44:06.7572802Z [command]/usr/bin/git submodule foreach --recursive sh -c "git config --local --name-only --get-regexp 'core\.sshCommand' && git config --local --unset-all 'core.sshCommand' || :"
2025-02-26T21:44:06.7845990Z [command]/usr/bin/git config --local --name-only --get-regexp http\.https\:\/\/github\.com\/\.extraheader
2025-02-26T21:44:06.7877915Z [command]/usr/bin/git submodule foreach --recursive sh -c "git config --local --name-only --get-regexp 'http\.https\:\/\/github\.com\/\.extraheader' && git config --local --unset-all 'http.https://github.com/.extraheader' || :"
2025-02-26T21:44:06.8101390Z [command]/usr/bin/git config --local http.https://github.com/.extraheader AUTHORIZATION: basic ***
2025-02-26T21:44:06.8138427Z ##[endgroup]
2025-02-26T21:44:06.8140525Z ##[group]Fetching the repository
2025-02-26T21:44:06.8149235Z [command]/usr/bin/git -c protocol.version=2 fetch --no-tags --prune --no-recurse-submodules --depth=1 origin +a4f61513eb0183e5a4d5a3a6563caae097c8f528:refs/remotes/pull/22/merge
2025-02-26T21:44:07.1275368Z From https://github.com/aaron-hogan/idle-game
2025-02-26T21:44:07.1277840Z  * [new ref]         a4f61513eb0183e5a4d5a3a6563caae097c8f528 -> pull/22/merge
2025-02-26T21:44:07.1299749Z ##[endgroup]
2025-02-26T21:44:07.1300399Z ##[group]Determining the checkout info
2025-02-26T21:44:07.1301921Z ##[endgroup]
2025-02-26T21:44:07.1307361Z [command]/usr/bin/git sparse-checkout disable
2025-02-26T21:44:07.1343708Z [command]/usr/bin/git config --local --unset-all extensions.worktreeConfig
2025-02-26T21:44:07.1369567Z ##[group]Checking out the ref
2025-02-26T21:44:07.1373405Z [command]/usr/bin/git checkout --progress --force refs/remotes/pull/22/merge
2025-02-26T21:44:07.1664979Z Note: switching to 'refs/remotes/pull/22/merge'.
2025-02-26T21:44:07.1666006Z 
2025-02-26T21:44:07.1666992Z You are in 'detached HEAD' state. You can look around, make experimental
2025-02-26T21:44:07.1668341Z changes and commit them, and you can discard any commits you make in this
2025-02-26T21:44:07.1670736Z state without impacting any branches by switching back to a branch.
2025-02-26T21:44:07.1672075Z 
2025-02-26T21:44:07.1672886Z If you want to create a new branch to retain commits you create, you may
2025-02-26T21:44:07.1674978Z do so (now or later) by using -c with the switch command. Example:
2025-02-26T21:44:07.1676389Z 
2025-02-26T21:44:07.1676757Z   git switch -c <new-branch-name>
2025-02-26T21:44:07.1677525Z 
2025-02-26T21:44:07.1677884Z Or undo this operation with:
2025-02-26T21:44:07.1678571Z 
2025-02-26T21:44:07.1678840Z   git switch -
2025-02-26T21:44:07.1679298Z 
2025-02-26T21:44:07.1680192Z Turn off this advice by setting config variable advice.detachedHead to false
2025-02-26T21:44:07.1681724Z 
2025-02-26T21:44:07.1683584Z HEAD is now at a4f6151 Merge a5f7e343166309a1244f889d6fe84ae854a14912 into a9a4fabd3948c290ec46e6ee11a7a7a40b00e528
2025-02-26T21:44:07.1687547Z ##[endgroup]
2025-02-26T21:44:07.1776542Z [command]/usr/bin/git log -1 --format=%H
2025-02-26T21:44:07.1778034Z a4f61513eb0183e5a4d5a3a6563caae097c8f528
2025-02-26T21:44:07.2022013Z ##[group]Run actions/setup-node@v3
2025-02-26T21:44:07.2022768Z with:
2025-02-26T21:44:07.2023435Z   node-version: 20
2025-02-26T21:44:07.2023955Z   always-auth: false
2025-02-26T21:44:07.2024526Z   check-latest: false
2025-02-26T21:44:07.2025336Z   token: ***
2025-02-26T21:44:07.2025789Z ##[endgroup]
2025-02-26T21:44:07.3816842Z Found in cache @ /opt/hostedtoolcache/node/20.18.3/x64
2025-02-26T21:44:07.3823096Z ##[group]Environment details
2025-02-26T21:44:11.0579980Z node: v20.18.3
2025-02-26T21:44:11.0580492Z npm: 10.8.2
2025-02-26T21:44:11.0584582Z yarn: 1.22.22
2025-02-26T21:44:11.0586386Z ##[endgroup]
2025-02-26T21:44:11.0692892Z ##[group]Run npm ci --prefer-offline
2025-02-26T21:44:11.0693299Z [36;1mnpm ci --prefer-offline[0m
2025-02-26T21:44:11.0745927Z shell: /usr/bin/bash -e {0}
2025-02-26T21:44:11.0746511Z ##[endgroup]
2025-02-26T21:44:16.2595078Z npm warn deprecated react-testing-library@8.0.1: 🚨  react-testing-library has moved to @testing-library/react. Please uninstall react-testing-library and install @testing-library/react instead, or use an older version of react-testing-library. Learn more about this change here: https://github.com/testing-library/dom-testing-library/issues/260 Thanks! :)
2025-02-26T21:44:16.9325246Z npm warn deprecated inflight@1.0.6: This module is not supported, and leaks memory. Do not use it. Check out lru-cache if you want a good and tested way to coalesce async requests by a key value, which is much more comprehensive and powerful.
2025-02-26T21:44:17.1119082Z npm warn deprecated glob@7.2.3: Glob versions prior to v9 are no longer supported
2025-02-26T21:44:17.4874458Z npm warn deprecated domexception@4.0.0: Use your platform's native DOMException instead
2025-02-26T21:44:17.8169335Z npm warn deprecated abab@2.0.6: Use your platform's native atob() and btoa() methods instead
2025-02-26T21:44:20.7686399Z 
2025-02-26T21:44:20.7687322Z added 900 packages, and audited 901 packages in 10s
2025-02-26T21:44:20.7687787Z 
2025-02-26T21:44:20.7689322Z 193 packages are looking for funding
2025-02-26T21:44:20.7689878Z   run `npm fund` for details
2025-02-26T21:44:20.7699888Z 
2025-02-26T21:44:20.7700277Z found 0 vulnerabilities
2025-02-26T21:44:20.8013589Z ##[group]Run npm audit
2025-02-26T21:44:20.8013868Z [36;1mnpm audit[0m
2025-02-26T21:44:20.8059946Z shell: /usr/bin/bash -e {0}
2025-02-26T21:44:20.8060200Z ##[endgroup]
2025-02-26T21:44:21.4226519Z found 0 vulnerabilities
2025-02-26T21:44:21.4354357Z ##[group]Run gitleaks/gitleaks-action@v2
2025-02-26T21:44:21.4354890Z ##[endgroup]
2025-02-26T21:44:21.7819740Z [aaron-hogan] is an individual user. No license key is required.
2025-02-26T21:44:21.7820537Z gitleaks version: 8.16.1
2025-02-26T21:44:21.7823503Z Version to install: 8.16.1 (target directory: /tmp/gitleaks-8.16.1)
2025-02-26T21:44:22.0361515Z Received 2682744 of 2682744 (100.0%), 25.8 MBs/sec
2025-02-26T21:44:22.0362406Z Cache Size: ~3 MB (2682744 B)
2025-02-26T21:44:22.0387128Z [command]/usr/bin/tar -z -xf /home/runner/work/_temp/67c6187d-2df2-450a-bf5e-010f3994bc0d/cache.tgz -P -C /home/runner/work/idle-game/idle-game
2025-02-26T21:44:22.0902881Z Cache restored successfully
2025-02-26T21:44:22.0912471Z Gitleaks restored from cache
2025-02-26T21:44:22.0915460Z event type: pull_request
2025-02-26T21:44:22.0938247Z ##[error]🛑 GITHUB_TOKEN is now required to scan pull requests. You can use the automatically created token as shown in the [README](https://github.com/gitleaks/gitleaks-action#usage-example). For more info about the recent breaking update, see [here](https://github.com/gitleaks/gitleaks-action#-announcement).
2025-02-26T21:44:22.1035585Z Post job cleanup.
2025-02-26T21:44:22.2544894Z Post job cleanup.
2025-02-26T21:44:22.3501025Z [command]/usr/bin/git version
2025-02-26T21:44:22.3543737Z git version 2.48.1
2025-02-26T21:44:22.3587394Z Temporarily overriding HOME='/home/runner/work/_temp/4e5e04dc-0686-4c83-9478-b252bc71f61a' before making global git config changes
2025-02-26T21:44:22.3589004Z Adding repository directory to the temporary git global config as a safe directory
2025-02-26T21:44:22.3593888Z [command]/usr/bin/git config --global --add safe.directory /home/runner/work/idle-game/idle-game
2025-02-26T21:44:22.3628423Z [command]/usr/bin/git config --local --name-only --get-regexp core\.sshCommand
2025-02-26T21:44:22.3660415Z [command]/usr/bin/git submodule foreach --recursive sh -c "git config --local --name-only --get-regexp 'core\.sshCommand' && git config --local --unset-all 'core.sshCommand' || :"
2025-02-26T21:44:22.3887036Z [command]/usr/bin/git config --local --name-only --get-regexp http\.https\:\/\/github\.com\/\.extraheader
2025-02-26T21:44:22.3907125Z http.https://github.com/.extraheader
2025-02-26T21:44:22.3920359Z [command]/usr/bin/git config --local --unset-all http.https://github.com/.extraheader
2025-02-26T21:44:22.3953825Z [command]/usr/bin/git submodule foreach --recursive sh -c "git config --local --name-only --get-regexp 'http\.https\:\/\/github\.com\/\.extraheader' && git config --local --unset-all 'http.https://github.com/.extraheader' || :"
2025-02-26T21:44:22.4307994Z Cleaning up orphan processes
